Component: ARM Compiler 5.06 update 7 (build 960) Tool: armlink [4d3601]

==============================================================================

Section Cross References

    startup_stm32f429xx.o(RESET) refers to startup_stm32f429xx.o(STACK) for __initial_sp
    startup_stm32f429xx.o(RESET) refers to startup_stm32f429xx.o(.text) for Reset_Handler
    startup_stm32f429xx.o(RESET) refers to stm32f4xx_it.o(i.NMI_Handler) for NMI_Handler
    startup_stm32f429xx.o(RESET) refers to stm32f4xx_it.o(i.HardFault_Handler) for HardFault_Handler
    startup_stm32f429xx.o(RESET) refers to stm32f4xx_it.o(i.MemManage_Handler) for MemManage_Handler
    startup_stm32f429xx.o(RESET) refers to stm32f4xx_it.o(i.BusFault_Handler) for BusFault_Handler
    startup_stm32f429xx.o(RESET) refers to stm32f4xx_it.o(i.UsageFault_Handler) for UsageFault_Handler
    startup_stm32f429xx.o(RESET) refers to stm32f4xx_it.o(i.SVC_Handler) for SVC_Handler
    startup_stm32f429xx.o(RESET) refers to stm32f4xx_it.o(i.DebugMon_Handler) for DebugMon_Handler
    startup_stm32f429xx.o(RESET) refers to stm32f4xx_it.o(i.PendSV_Handler) for PendSV_Handler
    startup_stm32f429xx.o(RESET) refers to stm32f4xx_it.o(i.SysTick_Handler) for SysTick_Handler
    startup_stm32f429xx.o(RESET) refers to stm32f4xx_it.o(i.EXTI0_IRQHandler) for EXTI0_IRQHandler
    startup_stm32f429xx.o(RESET) refers to stm32f4xx_it.o(i.TIM1_UP_TIM10_IRQHandler) for TIM1_UP_TIM10_IRQHandler
    startup_stm32f429xx.o(RESET) refers to stm32f4xx_it.o(i.OTG_HS_IRQHandler) for OTG_HS_IRQHandler
    startup_stm32f429xx.o(.text) refers to system_stm32f4xx.o(i.SystemInit) for SystemInit
    startup_stm32f429xx.o(.text) refers to entry.o(.ARM.Collect$$$$00000000) for __main
    fonts.o(.data) refers to fonts.o(.constdata) for Font7x10
    fonts.o(.data) refers to fonts.o(.constdata) for Font11x18
    fonts.o(.data) refers to fonts.o(.constdata) for Font16x26
    ili9341.o(i.ILI9341_DrawImage) refers to ili9341.o(i.ILI9341_Select) for ILI9341_Select
    ili9341.o(i.ILI9341_DrawImage) refers to ili9341.o(i.ILI9341_SetAddressWindow) for ILI9341_SetAddressWindow
    ili9341.o(i.ILI9341_DrawImage) refers to ili9341.o(i.ILI9341_WriteData) for ILI9341_WriteData
    ili9341.o(i.ILI9341_DrawImage) refers to ili9341.o(i.ILI9341_Unselect) for ILI9341_Unselect
    ili9341.o(i.ILI9341_DrawPixel) refers to ili9341.o(i.ILI9341_Select) for ILI9341_Select
    ili9341.o(i.ILI9341_DrawPixel) refers to ili9341.o(i.ILI9341_SetAddressWindow) for ILI9341_SetAddressWindow
    ili9341.o(i.ILI9341_DrawPixel) refers to ili9341.o(i.ILI9341_WriteData) for ILI9341_WriteData
    ili9341.o(i.ILI9341_DrawPixel) refers to ili9341.o(i.ILI9341_Unselect) for ILI9341_Unselect
    ili9341.o(i.ILI9341_FillRectangle) refers to ili9341.o(i.ILI9341_Select) for ILI9341_Select
    ili9341.o(i.ILI9341_FillRectangle) refers to ili9341.o(i.ILI9341_SetAddressWindow) for ILI9341_SetAddressWindow
    ili9341.o(i.ILI9341_FillRectangle) refers to stm32f4xx_hal_gpio.o(i.HAL_GPIO_WritePin) for HAL_GPIO_WritePin
    ili9341.o(i.ILI9341_FillRectangle) refers to stm32f4xx_hal_spi.o(i.HAL_SPI_Transmit) for HAL_SPI_Transmit
    ili9341.o(i.ILI9341_FillRectangle) refers to ili9341.o(i.ILI9341_Unselect) for ILI9341_Unselect
    ili9341.o(i.ILI9341_FillRectangle) refers to spi.o(.bss) for hspi5
    ili9341.o(i.ILI9341_FillScreen) refers to ili9341.o(i.ILI9341_FillRectangle) for ILI9341_FillRectangle
    ili9341.o(i.ILI9341_Init) refers to ili9341.o(i.ILI9341_Select) for ILI9341_Select
    ili9341.o(i.ILI9341_Init) refers to stm32f4xx_hal_gpio.o(i.HAL_GPIO_WritePin) for HAL_GPIO_WritePin
    ili9341.o(i.ILI9341_Init) refers to stm32f4xx_hal.o(i.HAL_Delay) for HAL_Delay
    ili9341.o(i.ILI9341_Init) refers to ili9341.o(i.ILI9341_WriteCommand) for ILI9341_WriteCommand
    ili9341.o(i.ILI9341_Init) refers to ili9341.o(i.ILI9341_WriteData) for ILI9341_WriteData
    ili9341.o(i.ILI9341_Init) refers to ili9341.o(i.ILI9341_Unselect) for ILI9341_Unselect
    ili9341.o(i.ILI9341_InvertColors) refers to ili9341.o(i.ILI9341_Select) for ILI9341_Select
    ili9341.o(i.ILI9341_InvertColors) refers to ili9341.o(i.ILI9341_WriteCommand) for ILI9341_WriteCommand
    ili9341.o(i.ILI9341_InvertColors) refers to ili9341.o(i.ILI9341_Unselect) for ILI9341_Unselect
    ili9341.o(i.ILI9341_Select) refers to stm32f4xx_hal_gpio.o(i.HAL_GPIO_WritePin) for HAL_GPIO_WritePin
    ili9341.o(i.ILI9341_SetAddressWindow) refers to ili9341.o(i.ILI9341_WriteCommand) for ILI9341_WriteCommand
    ili9341.o(i.ILI9341_SetAddressWindow) refers to ili9341.o(i.ILI9341_WriteData) for ILI9341_WriteData
    ili9341.o(i.ILI9341_Unselect) refers to stm32f4xx_hal_gpio.o(i.HAL_GPIO_WritePin) for HAL_GPIO_WritePin
    ili9341.o(i.ILI9341_WriteChar) refers to ili9341.o(i.ILI9341_SetAddressWindow) for ILI9341_SetAddressWindow
    ili9341.o(i.ILI9341_WriteChar) refers to ili9341.o(i.ILI9341_WriteData) for ILI9341_WriteData
[...]
    i.__ARM_fpclassify                       0x08004d50   Section        0  fpclassify.o(i.__ARM_fpclassify)
    i.__NVIC_SetPriority                     0x08004d80   Section        0  stm32f4xx_hal_cortex.o(i.__NVIC_SetPriority)
    __NVIC_SetPriority                       0x08004d81   Thumb Code    32  stm32f4xx_hal_cortex.o(i.__NVIC_SetPriority)
    i.__hardfp_pow                           0x08004da0   Section        0  pow.o(i.__hardfp_pow)
    i.__kernel_poly                          0x080059f0   Section        0  poly.o(i.__kernel_poly)
    i.__mathlib_dbl_divzero                  0x08005ae8   Section        0  dunder.o(i.__mathlib_dbl_divzero)
    i.__mathlib_dbl_infnan2                  0x08005b18   Section        0  dunder.o(i.__mathlib_dbl_infnan2)
    i.__mathlib_dbl_invalid                  0x08005b30   Section        0  dunder.o(i.__mathlib_dbl_invalid)
    i.__mathlib_dbl_overflow                 0x08005b50   Section        0  dunder.o(i.__mathlib_dbl_overflow)
    i.__mathlib_dbl_underflow                0x08005b70   Section        0  dunder.o(i.__mathlib_dbl_underflow)
    i.__scatterload_copy                     0x08005b90   Section       14  handlers.o(i.__scatterload_copy)
    i.__scatterload_null                     0x08005b9e   Section        2  handlers.o(i.__scatterload_null)
    i.__scatterload_zeroinit                 0x08005ba0   Section       14  handlers.o(i.__scatterload_zeroinit)
    i.__set_errno                            0x08005bb0   Section        0  errno.o(i.__set_errno)
    i._printf_core                           0x08005bbc   Section        0  printf1.o(i._printf_core)
    _printf_core                             0x08005bbd   Thumb Code   336  printf1.o(i._printf_core)
    i._sputc                                 0x08005d10   Section        0  printf1.o(i._sputc)
    _sputc                                   0x08005d11   Thumb Code    10  printf1.o(i._sputc)
    i.fabs                                   0x08005d1a   Section        0  fabs.o(i.fabs)
    i.free                                   0x08005d34   Section        0  malloc.o(i.free)
    i.ftoa                                   0x08005d84   Section        0  main.o(i.ftoa)
    i.intToStr                               0x08005e10   Section        0  main.o(i.intToStr)
    i.main                                   0x08005e50   Section        0  main.o(i.main)
    i.malloc                                 0x08005fd8   Section        0  malloc.o(i.malloc)
    i.reverse                                0x08006044   Section        0  main.o(i.reverse)
    i.sqrt                                   0x0800605e   Section        0  sqrt.o(i.sqrt)
    .constdata                               0x080060cc   Section     4940  fonts.o(.constdata)
    Font16x26                                0x080060cc   Data        4940  fonts.o(.constdata)
    .constdata                               0x08007418   Section       16  system_stm32f4xx.o(.constdata)
    .constdata                               0x08007428   Section        8  system_stm32f4xx.o(.constdata)
    .constdata                               0x08007430   Section      136  pow.o(.constdata)
    bp                                       0x08007430   Data          16  pow.o(.constdata)
    dp_h                                     0x08007440   Data          16  pow.o(.constdata)
    dp_l                                     0x08007450   Data          16  pow.o(.constdata)
    L                                        0x08007460   Data          48  pow.o(.constdata)
    P                                        0x08007490   Data          40  pow.o(.constdata)
    .constdata                               0x080074b8   Section        8  qnan.o(.constdata)
    .data                                    0x20000000   Section        8  fonts.o(.data)
    .data                                    0x20000008   Section       16  main.o(.data)
    .data                                    0x20000018   Section       28  usbd_desc.o(.data)
    .data                                    0x20000034   Section       50  usbd_desc.o(.data)
    .data                                    0x20000068   Section       16  usbd_cdc_if.o(.data)
    .data                                    0x20000078   Section       12  stm32f4xx_hal.o(.data)
    .data                                    0x20000084   Section        4  system_stm32f4xx.o(.data)
    .data                                    0x20000088   Section        1  usbd_ctlreq.o(.data)
    cfgidx                                   0x20000088   Data           1  usbd_ctlreq.o(.data)
    .data                                    0x2000008c   Section      215  usbd_cdc.o(.data)
    USBD_CDC_DeviceQualifierDesc             0x2000008c   Data          10  usbd_cdc.o(.data)
    .data                                    0x20000164   Section       56  usbd_cdc.o(.data)
    .data                                    0x2000019c   Section        4  mvars.o(.data)
    .data                                    0x200001a0   Section        4  mvars.o(.data)
    .data                                    0x200001a4   Section        4  errno.o(.data)
    _errno                                   0x200001a4   Data           4  errno.o(.data)
    .bss                                     0x200001a8   Section       20  main.o(.bss)
    .bss                                     0x200001bc   Section       72  adc.o(.bss)
    .bss                                     0x20000204   Section       32  rtc.o(.bss)
    .bss                                     0x20000224   Section       88  spi.o(.bss)
    .bss                                     0x2000027c   Section      668  usb_device.o(.bss)
    .bss                                     0x20000518   Section     1032  usbd_conf.o(.bss)
    .bss                                     0x20000920   Section      512  usbd_desc.o(.bss)
    .bss                                     0x20000b20   Section     4096  usbd_cdc_if.o(.bss)
    .bss                                     0x20001b20   Section       64  stm32f4xx_hal_timebase_tim.o(.bss)
    HEAP                                     0x20001b60   Section     8192  startup_stm32f429xx.o(HEAP)
    STACK                                    0x20003b60   Section    16384  startup_stm32f429xx.o(STACK)

    Global Symbols

    Symbol Name                              Value     Ov Type        Size  Object(Section)

    BuildAttributes$$THM_ISAv4$E$P$D$K$B$S$7EM$VFPi3$EXTD16$VFPS$VFMA$PE$A:L22UL41UL21$X:L11$S22US41US21$IEEE1$IW$USESV6$~STKCKD$USESV7$~SHL$OTIME$ROPI$IEEEX$EBA8$MICROLIB$REQ8$PRES8$EABIv2 0x00000000   Number         0  anon$$obj.o ABSOLUTE
    __ARM_use_no_argv                        0x00000000   Number         0  main.o ABSOLUTE
    _printf_a                                0x00000000   Number         0  stubs.o ABSOLUTE
    _printf_c                                0x00000000   Number         0  stubs.o ABSOLUTE
    _printf_charcount                        0x00000000   Number         0  stubs.o ABSOLUTE
    _printf_d                                0x00000000   Number         0  stubs.o ABSOLUTE
    _printf_e                                0x00000000   Number         0  stubs.o ABSOLUTE
    _printf_f                                0x00000000   Number         0  stubs.o ABSOLUTE
    _printf_flags                            0x00000000   Number         0  stubs.o ABSOLUTE
    _printf_fp_dec                           0x00000000   Number         0  stubs.o ABSOLUTE
    _printf_fp_hex                           0x00000000   Number         0  stubs.o ABSOLUTE
    _printf_g                                0x00000000   Number         0  stubs.o ABSOLUTE
    _printf_i                                0x00000000   Number         0  stubs.o ABSOLUTE
    _printf_int_dec                          0x00000000   Number         0  stubs.o ABSOLUTE
    _printf_l                                0x00000000   Number         0  stubs.o ABSOLUTE
    _printf_lc                               0x00000000   Number         0  stubs.o ABSOLUTE
    _printf_ll                               0x00000000   Number         0  stubs.o ABSOLUTE
    _printf_lld                              0x00000000   Number         0  stubs.o ABSOLUTE
    _printf_lli                              0x00000000   Number         0  stubs.o ABSOLUTE
    _printf_llo                              0x00000000   Number         0  stubs.o ABSOLUTE
    _printf_llu                              0x00000000   Number         0  stubs.o ABSOLUTE
    _printf_llx                              0x00000000   Number         0  stubs.o ABSOLUTE
    _printf_longlong_dec                     0x00000000   Number         0  stubs.o ABSOLUTE
    _printf_longlong_hex                     0x00000000   Number         0  stubs.o ABSOLUTE
    _printf_longlong_oct                     0x00000000   Number         0  stubs.o ABSOLUTE
    _printf_ls                               0x00000000   Number         0  stubs.o ABSOLUTE
    _printf_mbtowc                           0x00000000   Number         0  stubs.o ABSOLUTE
    _printf_n                                0x00000000   Number         0  stubs.o ABSOLUTE
    _printf_o                                0x00000000   Number         0  stubs.o ABSOLUTE
    _printf_p                                0x00000000   Number         0  stubs.o ABSOLUTE
    _printf_percent                          0x00000000   Number         0  stubs.o ABSOLUTE
    _printf_pre_padding                      0x00000000   Number         0  stubs.o ABSOLUTE
    _printf_return_value                     0x00000000   Number         0  stubs.o ABSOLUTE
    _printf_s                                0x00000000   Number         0  stubs.o ABSOLUTE
    _printf_sizespec                         0x00000000   Number         0  stubs.o ABSOLUTE
    _printf_str                              0x00000000   Number         0  stubs.o ABSOLUTE
    _printf_truncate_signed                  0x00000000   Number         0  stubs.o ABSOLUTE
    _printf_truncate_unsigned                0x00000000   Number         0  stubs.o ABSOLUTE
    _printf_u                                0x00000000   Number         0  stubs.o ABSOLUTE
    _printf_wc                               0x00000000   Number         0  stubs.o ABSOLUTE
    _printf_wctomb                           0x00000000   Number         0  stubs.o ABSOLUTE
    _printf_widthprec                        0x00000000   Number         0  stubs.o ABSOLUTE
    _printf_x                                0x00000000   Number         0  stubs.o ABSOLUTE
    __arm_fini_                               - Undefined Weak Reference
    __cpp_initialize__aeabi_                  - Undefined Weak Reference
    __cxa_finalize                            - Undefined Weak Reference
    _clock_init                               - Undefined Weak Reference
    _microlib_exit                            - Undefined Weak Reference
    __Vectors_Size                           0x000001ac   Number         0  startup_stm32f429xx.o ABSOLUTE
    __Vectors                                0x08000000   Data           4  startup_stm32f429xx.o(RESET)
    __Vectors_End                            0x080001ac   Data           0  startup_stm32f429xx.o(RESET)
    __main                                   0x080001ad   Thumb Code     0  entry.o(.ARM.Collect$$$$00000000)
    _main_stk                                0x080001ad   Thumb Code     0  entry2.o(.ARM.Collect$$$$00000001)
    _main_scatterload                        0x080001b1   Thumb Code     0  entry5.o(.ARM.Collect$$$$00000004)
    __main_after_scatterload                 0x080001b5   Thumb Code     0  entry5.o(.ARM.Collect$$$$00000004)
    _main_clock                              0x080001b5   Thumb Code     0  entry7b.o(.ARM.Collect$$$$00000008)
    _main_cpp_init                           0x080001b5   Thumb Code     0  entry8b.o(.ARM.Collect$$$$0000000A)
    _main_init                               0x080001b5   Thumb Code     0  entry9a.o(.ARM.Collect$$$$0000000B)
    __rt_lib_shutdown_fini                   0x080001bd   Thumb Code     0  entry12b.o(.ARM.Collect$$$$0000000E)
    __rt_final_cpp                           0x080001c1   Thumb Code     0  entry10a.o(.ARM.Collect$$$$0000000F)
    __rt_final_exit                          0x080001c1   Thumb Code     0  entry11a.o(.ARM.Collect$$$$00000011)
    Reset_Handler                            0x080001c5   Thumb Code     8  startup_stm32f429xx.o(.text)
    ADC_IRQHandler                           0x080001df   Thumb Code     0  startup_stm32f429xx.o(.text)
    CAN1_RX0_IRQHandler                      0x080001df   Thumb Code     0  startup_stm32f429xx.o(.text)
    CAN1_RX1_IRQHandler                      0x080001df   Thumb Code     0  startup_stm32f429xx.o(.text)
    CAN1_SCE_IRQHandler                      0x080001df   Thumb Code     0  startup_stm32f429xx.o(.text)
    CAN1_TX_IRQHandler                       0x080001df   Thumb Code     0  startup_stm32f429xx.o(.text)
    CAN2_RX0_IRQHandler                      0x080001df   Thumb Code     0  startup_stm32f429xx.o(.text)
    CAN2_RX1_IRQHandler                      0x080001df   Thumb Code     0  startup_stm32f429xx.o(.text)
    CAN2_SCE_IRQHandler                      0x080001df   Thumb Code     0  startup_stm32f429xx.o(.text)
    CAN2_TX_IRQHandler                       0x080001df   Thumb Code     0  startup_stm32f429xx.o(.text)
    DCMI_IRQHandler                          0x080001df   Thumb Code     0  startup_stm32f429xx.o(.text)
    DMA1_Stream0_IRQHandler                  0x080001df   Thumb Code     0  startup_stm32f429xx.o(.text)
    DMA1_Stream1_IRQHandler                  0x080001df   Thumb Code     0  startup_stm32f429xx.o(.text)
    DMA1_Stream2_IRQHandler                  0x080001df   Thumb Code     0  startup_stm32f429xx.o(.text)
    DMA1_Stream3_IRQHandler                  0x080001df   Thumb Code     0  startup_stm32f429xx.o(.text)
    DMA1_Stream4_IRQHandler                  0x080001df   Thumb Code     0  startup_stm32f429xx.o(.text)
    DMA1_Stream5_IRQHandler                  0x080001df   Thumb Code     0  startup_stm32f429xx.o(.text)
    DMA1_Stream6_IRQHandler                  0x080001df   Thumb Code     0  startup_stm32f429xx.o(.text)
    DMA1_Stream7_IRQHandler                  0x080001df   Thumb Code     0  startup_stm32f429xx.o(.text)
    DMA2D_IRQHandler                         0x080001df   Thumb Code     0  startup_stm32f429xx.o(.text)
    DMA2_Stream0_IRQHandler                  0x080001df   Thumb Code     0  startup_stm32f429xx.o(.text)
    DMA2_Stream1_IRQHandler                  0x080001df   Thumb Code     0  startup_stm32f429xx.o(.text)
    DMA2_Stream2_IRQHandler                  0x080001df   Thumb Code     0  startup_stm32f429xx.o(.text)
    DMA2_Stream3_IRQHandler                  0x080001df   Thumb Code     0  startup_stm32f429xx.o(.text)
    DMA2_Stream4_IRQHandler                  0x080001df   Thumb Code     0  startup_stm32f429xx.o(.text)
    DMA2_Stream5_IRQHandler                  0x080001df   Thumb Code     0  startup_stm32f429xx.o(.text)
    DMA2_Stream6_IRQHandler                  0x080001df   Thumb Code     0  startup_stm32f429xx.o(.text)
    DMA2_Stream7_IRQHandler                  0x080001df   Thumb Code     0  startup_stm32f429xx.o(.text)
    ETH_IRQHandler                           0x080001df   Thumb Code     0  startup_stm32f429xx.o(.text)
    ETH_WKUP_IRQHandler                      0x080001df   Thumb Code     0  startup_stm32f429xx.o(.text)
    EXTI15_10_IRQHandler                     0x080001df   Thumb Code     0  startup_stm32f429xx.o(.text)
    EXTI1_IRQHandler                         0x080001df   Thumb Code     0  startup_stm32f429xx.o(.text)
    EXTI2_IRQHandler                         0x080001df   Thumb Code     0  startup_stm32f429xx.o(.text)
    EXTI3_IRQHandler                         0x080001df   Thumb Code     0  startup_stm32f429xx.o(.text)
    EXTI4_IRQHandler                         0x080001df   Thumb Code     0  startup_stm32f429xx.o(.text)
    EXTI9_5_IRQHandler                       0x080001df   Thumb Code     0  startup_stm32f429xx.o(.text)
    FLASH_IRQHandler                         0x080001df   Thumb Code     0  startup_stm32f429xx.o(.text)
    FMC_IRQHandler                           0x080001df   Thumb Code     0  startup_stm32f429xx.o(.text)
    FPU_IRQHandler                           0x080001df   Thumb Code     0  startup_stm32f429xx.o(.text)
    HASH_RNG_IRQHandler                      0x080001df   Thumb Code     0  startup_stm32f429xx.o(.text)
    I2C1_ER_IRQHandler                       0x080001df   Thumb Code     0  startup_stm32f429xx.o(.text)
    I2C1_EV_IRQHandler                       0x080001df   Thumb Code     0  startup_stm32f429xx.o(.text)
    I2C2_ER_IRQHandler                       0x080001df   Thumb Code     0  startup_stm32f429xx.o(.text)
    I2C2_EV_IRQHandler                       0x080001df   Thumb Code     0  startup_stm32f429xx.o(.text)
    I2C3_ER_IRQHandler                       0x080001df   Thumb Code     0  startup_stm32f429xx.o(.text)
    I2C3_EV_IRQHandler                       0x080001df   Thumb Code     0  startup_stm32f429xx.o(.text)
    LTDC_ER_IRQHandler                       0x080001df   Thumb Code     0  startup_stm32f429xx.o(.text)
    LTDC_IRQHandler                          0x080001df   Thumb Code     0  startup_stm32f429xx.o(.text)
    OTG_FS_IRQHandler                        0x080001df   Thumb Code     0  startup_stm32f429xx.o(.text)
    OTG_FS_WKUP_IRQHandler                   0x080001df   Thumb Code     0  startup_stm32f429xx.o(.text)
    OTG_HS_EP1_IN_IRQHandler                 0x080001df   Thumb Code     0  startup_stm32f429xx.o(.text)
    OTG_HS_EP1_OUT_IRQHandler                0x080001df   Thumb Code     0  startup_stm32f429xx.o(.text)
    OTG_HS_WKUP_IRQHandler                   0x080001df   Thumb Code     0  startup_stm32f429xx.o(.text)
    PVD_IRQHandler                           0x080001df   Thumb Code     0  startup_stm32f429xx.o(.text)
    RCC_IRQHandler                           0x080001df   Thumb Code     0  startup_stm32f429xx.o(.text)
    RTC_Alarm_IRQHandler                     0x080001df   Thumb Code     0  startup_stm32f429xx.o(.text)
    RTC_WKUP_IRQHandler                      0x080001df   Thumb Code     0  startup_stm32f429xx.o(.text)
    SAI1_IRQHandler                          0x080001df   Thumb Code     0  startup_stm32f429xx.o(.text)
    SDIO_IRQHandler                          0x080001df   Thumb Code     0  startup_stm32f429xx.o(.text)
    SPI1_IRQHandler                          0x080001df   Thumb Code     0  startup_stm32f429xx.o(.text)
    SPI2_IRQHandler                          0x080001df   Thumb Code     0  startup_stm32f429xx.o(.text)
    SPI3_IRQHandler                          0x080001df   Thumb Code     0  startup_stm32f429xx.o(.text)
    SPI4_IRQHandler                          0x080001df   Thumb Code     0  startup_stm32f429xx.o(.text)
    SPI5_IRQHandler                          0x080001df   Thumb Code     0  startup_stm32f429xx.o(.text)
    SPI6_IRQHandler                          0x080001df   Thumb Code     0  startup_stm32f429xx.o(.text)
    TAMP_STAMP_IRQHandler                    0x080001df   Thumb Code     0  startup_stm32f429xx.o(.text)
    TIM1_BRK_TIM9_IRQHandler                 0x080001df   Thumb Code     0  startup_stm32f429xx.o(.text)
    TIM1_CC_IRQHandler                       0x080001df   Thumb Code     0  startup_stm32f429xx.o(.text)
    TIM1_TRG_COM_TIM11_IRQHandler            0x080001df   Thumb Code     0  startup_stm32f429xx.o(.text)
    TIM2_IRQHandler                          0x080001df   Thumb Code     0  startup_stm32f429xx.o(.text)
    TIM3_IRQHandler                          0x080001df   Thumb Code     0  startup_stm32f429xx.o(.text)
    TIM4_IRQHandler                          0x080001df   Thumb Code     0  startup_stm32f429xx.o(.text)
    TIM5_IRQHandler                          0x080001df   Thumb Code     0  startup_stm32f429xx.o(.text)
    TIM6_DAC_IRQHandler                      0x080001df   Thumb Code     0  startup_stm32f429xx.o(.text)
    TIM7_IRQHandler                          0x080001df   Thumb Code     0  startup_stm32f429xx.o(.text)
    TIM8_BRK_TIM12_IRQHandler                0x080001df   Thumb Code     0  startup_stm32f429xx.o(.text)
    TIM8_CC_IRQHandler                       0x080001df   Thumb Code     0  startup_stm32f429xx.o(.text)
    TIM8_TRG_COM_TIM14_IRQHandler            0x080001df   Thumb Code     0  startup_stm32f429xx.o(.text)
    TIM8_UP_TIM13_IRQHandler                 0x080001df   Thumb Code     0  startup_stm32f429xx.o(.text)
    UART4_IRQHandler                         0x080001df   Thumb Code     0  startup_stm32f429xx.o(.text)
    UART5_IRQHandler                         0x080001df   Thumb Code     0  startup_stm32f429xx.o(.text)
    UART7_IRQHandler                         0x080001df   Thumb Code     0  startup_stm32f429xx.o(.text)
    UART8_IRQHandler                         0x080001df   Thumb Code     0  startup_stm32f429xx.o(.text)
    USART1_IRQHandler                        0x080001df   Thumb Code     0  startup_stm32f429xx.o(.text)
    USART2_IRQHandler                        0x080001df   Thumb Code     0  startup_stm32f429xx.o(.text)
    USART3_IRQHandler                        0x080001df   Thumb Code     0  startup_stm32f429xx.o(.text)
    USART6_IRQHandler                        0x080001df   Thumb Code     0  startup_stm32f429xx.o(.text)
    WWDG_IRQHandler                          0x080001df   Thumb Code     0  startup_stm32f429xx.o(.text)
    __aeabi_uldivmod                         0x080001e9   Thumb Code    98  uldiv.o(.text)
    __aeabi_memcpy                           0x0800024b   Thumb Code    36  memcpya.o(.text)
    __aeabi_memcpy4                          0x0800024b   Thumb Code     0  memcpya.o(.text)
    __aeabi_memcpy8                          0x0800024b   Thumb Code     0  memcpya.o(.text)
    __aeabi_memset                           0x0800026f   Thumb Code    14  memseta.o(.text)
    __aeabi_memset4                          0x0800026f   Thumb Code     0  memseta.o(.text)
    __aeabi_memset8                          0x0800026f   Thumb Code     0  memseta.o(.text)
    __aeabi_memclr                           0x0800027d   Thumb Code     4  memseta.o(.text)
    __aeabi_memclr4                          0x0800027d   Thumb Code     0  memseta.o(.text)
    __aeabi_memclr8                          0x0800027d   Thumb Code     0  memseta.o(.text)
    _memset$wrapper                          0x08000281   Thumb Code    18  memseta.o(.text)
    strlen                                   0x08000293   Thumb Code    14  strlen.o(.text)
    __aeabi_dadd                             0x080002a1   Thumb Code   322  dadd.o(.text)
    __aeabi_dsub                             0x080003e3   Thumb Code     6  dadd.o(.text)
    __aeabi_drsub                            0x080003e9   Thumb Code     6  dadd.o(.text)
    __aeabi_dmul                             0x080003ef   Thumb Code   228  dmul.o(.text)
    __aeabi_ddiv                             0x080004d3   Thumb Code   222  ddiv.o(.text)
    __aeabi_i2d                              0x080005b1   Thumb Code    34  dflti.o(.text)
    __aeabi_f2d                              0x080005d3   Thumb Code    38  f2d.o(.text)
    __aeabi_d2f                              0x080005f9   Thumb Code    56  d2f.o(.text)
    __aeabi_uidiv                            0x08000631   Thumb Code     0  uidiv.o(.text)
    __aeabi_uidivmod                         0x08000631   Thumb Code    44  uidiv.o(.text)
    __aeabi_llsl                             0x0800065d   Thumb Code    30  llshl.o(.text)
    _ll_shift_l                              0x0800065d   Thumb Code     0  llshl.o(.text)
    __aeabi_llsr                             0x0800067b   Thumb Code    32  llushr.o(.text)
    _ll_ushift_r                             0x0800067b   Thumb Code     0  llushr.o(.text)
    __aeabi_lasr                             0x0800069b   Thumb Code    36  llsshr.o(.text)
    _ll_sshift_r                             0x0800069b   Thumb Code     0  llsshr.o(.text)
    __I$use$fp                               0x080006bf   Thumb Code     0  iusefp.o(.text)
    _float_round                             0x080006bf   Thumb Code    18  fepilogue.o(.text)
    _float_epilogue                          0x080006d1   Thumb Code    92  fepilogue.o(.text)
    _double_round                            0x0800072d   Thumb Code    30  depilogue.o(.text)
    _double_epilogue                         0x0800074b   Thumb Code   156  depilogue.o(.text)
    __ARM_scalbn                             0x080007e7   Thumb Code    46  dscalb.o(.text)
    scalbn                                   0x080007e7   Thumb Code     0  dscalb.o(.text)
    __aeabi_cdrcmple                         0x08000815   Thumb Code    48  cdrcmple.o(.text)
    __scatterload                            0x08000845   Thumb Code    28  init.o(.text)
    __scatterload_rt2                        0x08000845   Thumb Code     0  init.o(.text)
    _dsqrt                                   0x08000869   Thumb Code   162  dsqrt.o(.text)
    __decompress                             0x0800090b   Thumb Code     0  __dczerorl2.o(.text)
    __decompress1                            0x0800090b   Thumb Code    86  __dczerorl2.o(.text)
    BusFault_Handler                         0x08000a89   Thumb Code     2  stm32f4xx_it.o(i.BusFault_Handler)
    CDC_ReceiveCallBack                      0x08000ab9   Thumb Code    34  main.o(i.CDC_ReceiveCallBack)
    CDC_Transmit_HS                          0x08000b05   Thumb Code    38  usbd_cdc_if.o(i.CDC_Transmit_HS)
    DebugMon_Handler                         0x08000b31   Thumb Code     2  stm32f4xx_it.o(i.DebugMon_Handler)
    EXTI0_IRQHandler                         0x08000b33   Thumb Code     6  stm32f4xx_it.o(i.EXTI0_IRQHandler)
    Error_Handler                            0x08000b39   Thumb Code     2  main.o(i.Error_Handler)
    HAL_ADC_ConfigChannel                    0x08000b3d   Thumb Code   334  stm32f4xx_hal_adc.o(i.HAL_ADC_ConfigChannel)
    HAL_ADC_GetValue                         0x08000ca1   Thumb Code     6  stm32f4xx_hal_adc.o(i.HAL_ADC_GetValue)
    HAL_ADC_Init                             0x08000ca7   Thumb Code    84  stm32f4xx_hal_adc.o(i.HAL_ADC_Init)
    HAL_ADC_MspInit                          0x08000cfd   Thumb Code    30  adc.o(i.HAL_ADC_MspInit)
    HAL_ADC_PollForConversion                0x08000d25   Thumb Code   162  stm32f4xx_hal_adc.o(i.HAL_ADC_PollForConversion)
    HAL_ADC_Start                            0x08000dc9   Thumb Code   210  stm32f4xx_hal_adc.o(i.HAL_ADC_Start)
    HAL_ADC_Stop                             0x08000eb5   Thumb Code    60  stm32f4xx_hal_adc.o(i.HAL_ADC_Stop)
    HAL_Delay                                0x08000ef1   Thumb Code    32  stm32f4xx_hal.o(i.HAL_Delay)
    HAL_GPIO_EXTI_Callback                   0x08000f15   Thumb Code    16  main.o(i.HAL_GPIO_EXTI_Callback)
    HAL_GPIO_EXTI_IRQHandler                 0x08000f29   Thumb Code    18  stm32f4xx_hal_gpio.o(i.HAL_GPIO_EXTI_IRQHandler)
    HAL_GPIO_Init                            0x08000f41   Thumb Code   414  stm32f4xx_hal_gpio.o(i.HAL_GPIO_Init)
    HAL_GPIO_WritePin                        0x08001115   Thumb Code    10  stm32f4xx_hal_gpio.o(i.HAL_GPIO_WritePin)
    HAL_GetTick                              0x08001121   Thumb Code     6  stm32f4xx_hal.o(i.HAL_GetTick)
    HAL_IncTick                              0x0800112d   Thumb Code    12  stm32f4xx_hal.o(i.HAL_IncTick)
    HAL_Init                                 0x0800113d   Thumb Code    48  stm32f4xx_hal.o(i.HAL_Init)
    HAL_InitTick                             0x08001171   Thumb Code   100  stm32f4xx_hal_timebase_tim.o(i.HAL_InitTick)
    HAL_MspInit                              0x080011e5   Thumb Code    42  stm32f4xx_hal_msp.o(i.HAL_MspInit)
    HAL_NVIC_EnableIRQ                       0x08001215   Thumb Code    26  stm32f4xx_hal_cortex.o(i.HAL_NVIC_EnableIRQ)
    HAL_NVIC_SetPriority                     0x08001231   Thumb Code    60  stm32f4xx_hal_cortex.o(i.HAL_NVIC_SetPriority)
    HAL_NVIC_SetPriorityGrouping             0x08001271   Thumb Code    26  stm32f4xx_hal_cortex.o(i.HAL_NVIC_SetPriorityGrouping)
    HAL_PCDEx_LPM_Callback                   0x08001295   Thumb Code     2  stm32f4xx_hal_pcd_ex.o(i.HAL_PCDEx_LPM_Callback)
    HAL_PCDEx_SetRxFiFo                      0x08001297   Thumb Code     8  stm32f4xx_hal_pcd_ex.o(i.HAL_PCDEx_SetRxFiFo)
    HAL_PCDEx_SetTxFiFo                      0x0800129f   Thumb Code    68  stm32f4xx_hal_pcd_ex.o(i.HAL_PCDEx_SetTxFiFo)
    HAL_PCD_ConnectCallback                  0x080012e3   Thumb Code     8  usbd_conf.o(i.HAL_PCD_ConnectCallback)
    HAL_PCD_DataInStageCallback              0x080012eb   Thumb Code    18  usbd_conf.o(i.HAL_PCD_DataInStageCallback)
    HAL_PCD_DataOutStageCallback             0x080012fd   Thumb Code    20  usbd_conf.o(i.HAL_PCD_DataOutStageCallback)
    HAL_PCD_DisconnectCallback               0x08001311   Thumb Code     8  usbd_conf.o(i.HAL_PCD_DisconnectCallback)
    HAL_PCD_EP_Close                         0x08001319   Thumb Code    76  stm32f4xx_hal_pcd.o(i.HAL_PCD_EP_Close)
    HAL_PCD_EP_ClrStall                      0x08001365   Thumb Code    92  stm32f4xx_hal_pcd.o(i.HAL_PCD_EP_ClrStall)
    HAL_PCD_EP_GetRxCount                    0x080013c1   Thumb Code    18  stm32f4xx_hal_pcd.o(i.HAL_PCD_EP_GetRxCount)
    HAL_PCD_EP_Open                          0x080013d3   Thumb Code    96  stm32f4xx_hal_pcd.o(i.HAL_PCD_EP_Open)
    HAL_PCD_EP_Receive                       0x08001433   Thumb Code    72  stm32f4xx_hal_pcd.o(i.HAL_PCD_EP_Receive)
    HAL_PCD_EP_SetStall                      0x0800147b   Thumb Code   116  stm32f4xx_hal_pcd.o(i.HAL_PCD_EP_SetStall)
    HAL_PCD_EP_Transmit                      0x080014ef   Thumb Code    64  stm32f4xx_hal_pcd.o(i.HAL_PCD_EP_Transmit)
    HAL_PCD_IRQHandler                       0x08001531   Thumb Code  1114  stm32f4xx_hal_pcd.o(i.HAL_PCD_IRQHandler)
    HAL_PCD_ISOINIncompleteCallback          0x08001995   Thumb Code     8  usbd_conf.o(i.HAL_PCD_ISOINIncompleteCallback)
    HAL_PCD_ISOOUTIncompleteCallback         0x0800199d   Thumb Code     8  usbd_conf.o(i.HAL_PCD_ISOOUTIncompleteCallback)
    HAL_PCD_Init                             0x080019a5   Thumb Code   226  stm32f4xx_hal_pcd.o(i.HAL_PCD_Init)
    HAL_PCD_MspInit                          0x08001a89   Thumb Code   106  usbd_conf.o(i.HAL_PCD_MspInit)
    HAL_PCD_ResetCallback                    0x08001b01   Thumb Code    44  usbd_conf.o(i.HAL_PCD_ResetCallback)
    HAL_PCD_ResumeCallback                   0x08001b2d   Thumb Code     8  usbd_conf.o(i.HAL_PCD_ResumeCallback)
    HAL_PCD_SOFCallback                      0x08001b35   Thumb Code     8  usbd_conf.o(i.HAL_PCD_SOFCallback)
    HAL_PCD_SetAddress                       0x08001b3d   Thumb Code    40  stm32f4xx_hal_pcd.o(i.HAL_PCD_SetAddress)
    HAL_PCD_SetupStageCallback               0x08001b65   Thumb Code    14  usbd_conf.o(i.HAL_PCD_SetupStageCallback)
    HAL_PCD_Start                            0x08001b73   Thumb Code    66  stm32f4xx_hal_pcd.o(i.HAL_PCD_Start)
    HAL_PCD_SuspendCallback                  0x08001bb5   Thumb Code    44  usbd_conf.o(i.HAL_PCD_SuspendCallback)
    HAL_RCCEx_PeriphCLKConfig                0x08001be5   Thumb Code   560  stm32f4xx_hal_rcc_ex.o(i.HAL_RCCEx_PeriphCLKConfig)
    HAL_RCC_ClockConfig                      0x08001e39   Thumb Code   288  stm32f4xx_hal_rcc.o(i.HAL_RCC_ClockConfig)
    HAL_RCC_GetClockConfig                   0x08001f6d   Thumb Code    54  stm32f4xx_hal_rcc.o(i.HAL_RCC_GetClockConfig)
    HAL_RCC_GetHCLKFreq                      0x08001fad   Thumb Code     6  stm32f4xx_hal_rcc.o(i.HAL_RCC_GetHCLKFreq)
    HAL_RCC_GetPCLK2Freq                     0x08001fb9   Thumb Code    20  stm32f4xx_hal_rcc.o(i.HAL_RCC_GetPCLK2Freq)
    HAL_RCC_GetSysClockFreq                  0x08001fd9   Thumb Code    88  stm32f4xx_hal_rcc.o(i.HAL_RCC_GetSysClockFreq)
    HAL_RCC_OscConfig                        0x08002039   Thumb Code   834  stm32f4xx_hal_rcc.o(i.HAL_RCC_OscConfig)
    HAL_RTC_Init                             0x08002395   Thumb Code   166  stm32f4xx_hal_rtc.o(i.HAL_RTC_Init)
    HAL_RTC_MspInit                          0x08002441   Thumb Code    16  rtc.o(i.HAL_RTC_MspInit)
    HAL_RTC_SetDate                          0x08002459   Thumb Code   194  stm32f4xx_hal_rtc.o(i.HAL_RTC_SetDate)
    HAL_RTC_SetTime                          0x08002521   Thumb Code   230  stm32f4xx_hal_rtc.o(i.HAL_RTC_SetTime)
    HAL_RTC_WaitForSynchro                   0x0800260d   Thumb Code    54  stm32f4xx_hal_rtc.o(i.HAL_RTC_WaitForSynchro)
    HAL_SPI_Init                             0x08002643   Thumb Code   128  stm32f4xx_hal_spi.o(i.HAL_SPI_Init)
    HAL_SPI_MspInit                          0x080026c5   Thumb Code    94  spi.o(i.HAL_SPI_MspInit)
    HAL_SPI_Transmit                         0x08002731   Thumb Code   348  stm32f4xx_hal_spi.o(i.HAL_SPI_Transmit)
    HAL_TIMEx_BreakCallback                  0x0800288d   Thumb Code     2  stm32f4xx_hal_tim_ex.o(i.HAL_TIMEx_BreakCallback)
    HAL_TIMEx_CommutCallback                 0x0800288f   Thumb Code     2  stm32f4xx_hal_tim_ex.o(i.HAL_TIMEx_CommutCallback)
    HAL_TIM_Base_Init                        0x08002891   Thumb Code    54  stm32f4xx_hal_tim.o(i.HAL_TIM_Base_Init)
    HAL_TIM_Base_MspInit                     0x080028c7   Thumb Code     2  stm32f4xx_hal_tim.o(i.HAL_TIM_Base_MspInit)
    HAL_TIM_Base_Start_IT                    0x080028c9   Thumb Code    34  stm32f4xx_hal_tim.o(i.HAL_TIM_Base_Start_IT)
    HAL_TIM_IC_CaptureCallback               0x080028eb   Thumb Code     2  stm32f4xx_hal_tim.o(i.HAL_TIM_IC_CaptureCallback)
    HAL_TIM_IRQHandler                       0x080028ed   Thumb Code   358  stm32f4xx_hal_tim.o(i.HAL_TIM_IRQHandler)
    HAL_TIM_OC_DelayElapsedCallback          0x08002a53   Thumb Code     2  stm32f4xx_hal_tim.o(i.HAL_TIM_OC_DelayElapsedCallback)
    HAL_TIM_PWM_PulseFinishedCallback        0x08002a55   Thumb Code     2  stm32f4xx_hal_tim.o(i.HAL_TIM_PWM_PulseFinishedCallback)
    HAL_TIM_PeriodElapsedCallback            0x08002a59   Thumb Code    14  main.o(i.HAL_TIM_PeriodElapsedCallback)
    HAL_TIM_TriggerCallback                  0x08002a6d   Thumb Code     2  stm32f4xx_hal_tim.o(i.HAL_TIM_TriggerCallback)
    HardFault_Handler                        0x08002a6f   Thumb Code     2  stm32f4xx_it.o(i.HardFault_Handler)
    ILI9341_FillRectangle                    0x08002a71   Thumb Code   150  ili9341.o(i.ILI9341_FillRectangle)
    ILI9341_FillScreen                       0x08002b11   Thumb Code    20  ili9341.o(i.ILI9341_FillScreen)
    ILI9341_Init                             0x08002b25   Thumb Code   460  ili9341.o(i.ILI9341_Init)
    ILI9341_TouchUnselect                    0x08002db9   Thumb Code    10  ili9341_touch.o(i.ILI9341_TouchUnselect)
    ILI9341_Unselect                         0x08002dc9   Thumb Code    10  ili9341.o(i.ILI9341_Unselect)
    ILI9341_WriteString                      0x08002ed5   Thumb Code    96  ili9341.o(i.ILI9341_WriteString)
    MX_ADC1_Init                             0x08002f6d   Thumb Code    84  adc.o(i.MX_ADC1_Init)
    MX_GPIO_Init                             0x08002fd1   Thumb Code   218  gpio.o(i.MX_GPIO_Init)
    MX_RTC_Init                              0x080030c1   Thumb Code   136  rtc.o(i.MX_RTC_Init)
    MX_SPI5_Init                             0x08003151   Thumb Code    60  spi.o(i.MX_SPI5_Init)
    MX_USB_DEVICE_Init                       0x08003195   Thumb Code    66  usb_device.o(i.MX_USB_DEVICE_Init)
    MemManage_Handler                        0x080031e9   Thumb Code     2  stm32f4xx_it.o(i.MemManage_Handler)
    NMI_Handler                              0x080031eb   Thumb Code     2  stm32f4xx_it.o(i.NMI_Handler)
    OTG_HS_IRQHandler                        0x080031ed   Thumb Code     6  stm32f4xx_it.o(i.OTG_HS_IRQHandler)
    PendSV_Handler                           0x08003377   Thumb Code     2  stm32f4xx_it.o(i.PendSV_Handler)
    RTC_ByteToBcd2                           0x08003379   Thumb Code    22  stm32f4xx_hal_rtc.o(i.RTC_ByteToBcd2)
    RTC_EnterInitMode                        0x08003391   Thumb Code    58  stm32f4xx_hal_rtc.o(i.RTC_EnterInitMode)
    SVC_Handler                              0x080034b9   Thumb Code     2  stm32f4xx_it.o(i.SVC_Handler)
    SysTick_Handler                          0x080034bb   Thumb Code     2  stm32f4xx_it.o(i.SysTick_Handler)
    SystemClock_Config                       0x080034bd   Thumb Code   152  main.o(i.SystemClock_Config)
    SystemInit                               0x0800355d   Thumb Code    22  system_stm32f4xx.o(i.SystemInit)
    TIM1_UP_TIM10_IRQHandler                 0x08003579   Thumb Code     6  stm32f4xx_it.o(i.TIM1_UP_TIM10_IRQHandler)
    TIM_Base_SetConfig                       0x08003585   Thumb Code   156  stm32f4xx_hal_tim.o(i.TIM_Base_SetConfig)
    USBD_CDC_GetDeviceQualifierDescriptor    0x0800372d   Thumb Code     8  usbd_cdc.o(i.USBD_CDC_GetDeviceQualifierDescriptor)
    USBD_CDC_ReceivePacket                   0x080037f1   Thumb Code    40  usbd_cdc.o(i.USBD_CDC_ReceivePacket)
    USBD_CDC_RegisterInterface               0x08003819   Thumb Code    16  usbd_cdc.o(i.USBD_CDC_RegisterInterface)
    USBD_CDC_SetRxBuffer                     0x08003829   Thumb Code    12  usbd_cdc.o(i.USBD_CDC_SetRxBuffer)
    USBD_CDC_SetTxBuffer                     0x08003835   Thumb Code    16  usbd_cdc.o(i.USBD_CDC_SetTxBuffer)
    USBD_CDC_TransmitPacket                  0x080038f1   Thumb Code    54  usbd_cdc.o(i.USBD_CDC_TransmitPacket)
    USBD_ClrClassConfig                      0x08003927   Thumb Code    14  usbd_core.o(i.USBD_ClrClassConfig)
    USBD_CtlContinueRx                       0x08003935   Thumb Code    16  usbd_ioreq.o(i.USBD_CtlContinueRx)
    USBD_CtlContinueSendData                 0x08003945   Thumb Code    16  usbd_ioreq.o(i.USBD_CtlContinueSendData)
    USBD_CtlError                            0x08003955   Thumb Code    22  usbd_ctlreq.o(i.USBD_CtlError)
    USBD_CtlPrepareRx                        0x0800396b   Thumb Code    30  usbd_ioreq.o(i.USBD_CtlPrepareRx)
    USBD_CtlReceiveStatus                    0x08003989   Thumb Code    22  usbd_ioreq.o(i.USBD_CtlReceiveStatus)
    USBD_CtlSendData                         0x0800399f   Thumb Code    26  usbd_ioreq.o(i.USBD_CtlSendData)
    USBD_CtlSendStatus                       0x080039b9   Thumb Code    22  usbd_ioreq.o(i.USBD_CtlSendStatus)
    USBD_GetString                           0x08003ab7   Thumb Code    72  usbd_ctlreq.o(i.USBD_GetString)
    USBD_Get_USB_Status                      0x08003aff   Thumb Code    24  usbd_conf.o(i.USBD_Get_USB_Status)
    USBD_HS_ConfigStrDescriptor              0x08003b19   Thumb Code    16  usbd_desc.o(i.USBD_HS_ConfigStrDescriptor)
    USBD_HS_DeviceDescriptor                 0x08003b39   Thumb Code     8  usbd_desc.o(i.USBD_HS_DeviceDescriptor)
    USBD_HS_InterfaceStrDescriptor           0x08003b45   Thumb Code    16  usbd_desc.o(i.USBD_HS_InterfaceStrDescriptor)
    USBD_HS_LangIDStrDescriptor              0x08003b69   Thumb Code     8  usbd_desc.o(i.USBD_HS_LangIDStrDescriptor)
    USBD_HS_ManufacturerStrDescriptor        0x08003b75   Thumb Code    16  usbd_desc.o(i.USBD_HS_ManufacturerStrDescriptor)
    USBD_HS_ProductStrDescriptor             0x08003b9d   Thumb Code    16  usbd_desc.o(i.USBD_HS_ProductStrDescriptor)
    USBD_HS_SerialStrDescriptor              0x08003bc9   Thumb Code    48  usbd_desc.o(i.USBD_HS_SerialStrDescriptor)
    USBD_Init                                0x08003c01   Thumb Code    42  usbd_core.o(i.USBD_Init)
    USBD_LL_ClearStallEP                     0x08003c2b   Thumb Code    18  usbd_conf.o(i.USBD_LL_ClearStallEP)
    USBD_LL_CloseEP                          0x08003c3d   Thumb Code    18  usbd_conf.o(i.USBD_LL_CloseEP)
    USBD_LL_DataInStage                      0x08003c4f   Thumb Code   198  usbd_core.o(i.USBD_LL_DataInStage)
    USBD_LL_DataOutStage                     0x08003d15   Thumb Code   130  usbd_core.o(i.USBD_LL_DataOutStage)
    USBD_LL_DevConnected                     0x08003d97   Thumb Code     4  usbd_core.o(i.USBD_LL_DevConnected)
    USBD_LL_DevDisconnected                  0x08003d9b   Thumb Code    22  usbd_core.o(i.USBD_LL_DevDisconnected)
    USBD_LL_GetRxDataSize                    0x08003db1   Thumb Code     8  usbd_conf.o(i.USBD_LL_GetRxDataSize)
    USBD_LL_Init                             0x08003db9   Thumb Code    96  usbd_conf.o(i.USBD_LL_Init)
    USBD_LL_IsStallEP                        0x08003e21   Thumb Code    32  usbd_conf.o(i.USBD_LL_IsStallEP)
    USBD_LL_IsoINIncomplete                  0x08003e41   Thumb Code     4  usbd_core.o(i.USBD_LL_IsoINIncomplete)
    USBD_LL_IsoOUTIncomplete                 0x08003e45   Thumb Code     4  usbd_core.o(i.USBD_LL_IsoOUTIncomplete)
    USBD_LL_OpenEP                           0x08003e49   Thumb Code    24  usbd_conf.o(i.USBD_LL_OpenEP)
    USBD_LL_PrepareReceive                   0x08003e61   Thumb Code    18  usbd_conf.o(i.USBD_LL_PrepareReceive)
    USBD_LL_Reset                            0x08003e73   Thumb Code    80  usbd_core.o(i.USBD_LL_Reset)
    USBD_LL_Resume                           0x08003ec3   Thumb Code    12  usbd_core.o(i.USBD_LL_Resume)
    USBD_LL_SOF                              0x08003ecf   Thumb Code    24  usbd_core.o(i.USBD_LL_SOF)
    USBD_LL_SetSpeed                         0x08003ee7   Thumb Code     6  usbd_core.o(i.USBD_LL_SetSpeed)
    USBD_LL_SetUSBAddress                    0x08003eed   Thumb Code    18  usbd_conf.o(i.USBD_LL_SetUSBAddress)
    USBD_LL_SetupStage                       0x08003eff   Thumb Code    90  usbd_core.o(i.USBD_LL_SetupStage)
    USBD_LL_StallEP                          0x08003f59   Thumb Code    18  usbd_conf.o(i.USBD_LL_StallEP)
    USBD_LL_Start                            0x08003f6b   Thumb Code    18  usbd_conf.o(i.USBD_LL_Start)
    USBD_LL_Suspend                          0x08003f7d   Thumb Code    18  usbd_core.o(i.USBD_LL_Suspend)
    USBD_LL_Transmit                         0x08003f8f   Thumb Code    18  usbd_conf.o(i.USBD_LL_Transmit)
    USBD_ParseSetupRequest                   0x08003fa1   Thumb Code    40  usbd_ctlreq.o(i.USBD_ParseSetupRequest)
    USBD_RegisterClass                       0x08003fc9   Thumb Code    16  usbd_core.o(i.USBD_RegisterClass)
    USBD_SetClassConfig                      0x08003fd9   Thumb Code    22  usbd_core.o(i.USBD_SetClassConfig)
    USBD_Start                               0x08004075   Thumb Code    10  usbd_core.o(i.USBD_Start)
    USBD_StdDevReq                           0x0800407f   Thumb Code   274  usbd_ctlreq.o(i.USBD_StdDevReq)
    USBD_StdEPReq                            0x08004191   Thumb Code   336  usbd_ctlreq.o(i.USBD_StdEPReq)
    USBD_StdItfReq                           0x080042e1   Thumb Code    78  usbd_ctlreq.o(i.USBD_StdItfReq)
    USB_ActivateEndpoint                     0x08004331   Thumb Code   122  stm32f4xx_ll_usb.o(i.USB_ActivateEndpoint)
    USB_ActivateSetup                        0x080043b1   Thumb Code    52  stm32f4xx_ll_usb.o(i.USB_ActivateSetup)
    USB_CoreInit                             0x080043e5   Thumb Code   112  stm32f4xx_ll_usb.o(i.USB_CoreInit)
    USB_DeactivateEndpoint                   0x08004491   Thumb Code   118  stm32f4xx_ll_usb.o(i.USB_DeactivateEndpoint)
    USB_DevConnect                           0x08004511   Thumb Code    24  stm32f4xx_ll_usb.o(i.USB_DevConnect)
    USB_DevDisconnect                        0x08004529   Thumb Code    24  stm32f4xx_ll_usb.o(i.USB_DevDisconnect)
    USB_DevInit                              0x08004541   Thumb Code   378  stm32f4xx_ll_usb.o(i.USB_DevInit)
    USB_DisableGlobalInt                     0x080046cd   Thumb Code    12  stm32f4xx_ll_usb.o(i.USB_DisableGlobalInt)
    USB_EP0StartXfer                         0x080046d9   Thumb Code   276  stm32f4xx_ll_usb.o(i.USB_EP0StartXfer)
    USB_EP0_OutStart                         0x080047f1   Thumb Code    84  stm32f4xx_ll_usb.o(i.USB_EP0_OutStart)
    USB_EPClearStall                         0x08004849   Thumb Code    88  stm32f4xx_ll_usb.o(i.USB_EPClearStall)
    USB_EPSetStall                           0x080048a1   Thumb Code    88  stm32f4xx_ll_usb.o(i.USB_EPSetStall)
    USB_EPStartXfer                          0x080048f9   Thumb Code   482  stm32f4xx_ll_usb.o(i.USB_EPStartXfer)
    USB_EnableGlobalInt                      0x08004ae1   Thumb Code    12  stm32f4xx_ll_usb.o(i.USB_EnableGlobalInt)
    USB_FlushRxFifo                          0x08004aed   Thumb Code    28  stm32f4xx_ll_usb.o(i.USB_FlushRxFifo)
    USB_FlushTxFifo                          0x08004b0d   Thumb Code    32  stm32f4xx_ll_usb.o(i.USB_FlushTxFifo)
    USB_GetDevSpeed                          0x08004b31   Thumb Code    26  stm32f4xx_ll_usb.o(i.USB_GetDevSpeed)
    USB_GetMode                              0x08004b4b   Thumb Code     8  stm32f4xx_ll_usb.o(i.USB_GetMode)
    USB_ReadDevAllInEpInterrupt              0x08004b53   Thumb Code    14  stm32f4xx_ll_usb.o(i.USB_ReadDevAllInEpInterrupt)
    USB_ReadDevAllOutEpInterrupt             0x08004b61   Thumb Code    14  stm32f4xx_ll_usb.o(i.USB_ReadDevAllOutEpInterrupt)
    USB_ReadDevInEPInterrupt                 0x08004b6f   Thumb Code    36  stm32f4xx_ll_usb.o(i.USB_ReadDevInEPInterrupt)
    USB_ReadDevOutEPInterrupt                0x08004b93   Thumb Code    16  stm32f4xx_ll_usb.o(i.USB_ReadDevOutEPInterrupt)
    USB_ReadInterrupts                       0x08004ba3   Thumb Code     8  stm32f4xx_ll_usb.o(i.USB_ReadInterrupts)
    USB_ReadPacket                           0x08004bab   Thumb Code    28  stm32f4xx_ll_usb.o(i.USB_ReadPacket)
    USB_SetCurrentMode                       0x08004bc7   Thumb Code    46  stm32f4xx_ll_usb.o(i.USB_SetCurrentMode)
    USB_SetDevAddress                        0x08004bf5   Thumb Code    34  stm32f4xx_ll_usb.o(i.USB_SetDevAddress)
    USB_SetTurnaroundTime                    0x08004c19   Thumb Code   158  stm32f4xx_ll_usb.o(i.USB_SetTurnaroundTime)
    USB_WritePacket                          0x08004d01   Thumb Code    36  stm32f4xx_ll_usb.o(i.USB_WritePacket)
    UsageFault_Handler                       0x08004d25   Thumb Code     2  stm32f4xx_it.o(i.UsageFault_Handler)
    __0sprintf$1                             0x08004d29   Thumb Code    34  printf1.o(i.__0sprintf$1)
    __1sprintf$1                             0x08004d29   Thumb Code     0  printf1.o(i.__0sprintf$1)
    __2sprintf                               0x08004d29   Thumb Code     0  printf1.o(i.__0sprintf$1)
    __ARM_fpclassify                         0x08004d51   Thumb Code    48  fpclassify.o(i.__ARM_fpclassify)
    __hardfp_pow                             0x08004da1   Thumb Code  3072  pow.o(i.__hardfp_pow)
    __kernel_poly                            0x080059f1   Thumb Code   248  poly.o(i.__kernel_poly)
    __mathlib_dbl_divzero                    0x08005ae9   Thumb Code    28  dunder.o(i.__mathlib_dbl_divzero)
    __mathlib_dbl_infnan2                    0x08005b19   Thumb Code    20  dunder.o(i.__mathlib_dbl_infnan2)
    __mathlib_dbl_invalid                    0x08005b31   Thumb Code    24  dunder.o(i.__mathlib_dbl_invalid)
    __mathlib_dbl_overflow                   0x08005b51   Thumb Code    24  dunder.o(i.__mathlib_dbl_overflow)
    __mathlib_dbl_underflow                  0x08005b71   Thumb Code    24  dunder.o(i.__mathlib_dbl_underflow)
    __scatterload_copy                       0x08005b91   Thumb Code    14  handlers.o(i.__scatterload_copy)
    __scatterload_null                       0x08005b9f   Thumb Code     2  handlers.o(i.__scatterload_null)
    __scatterload_zeroinit                   0x08005ba1   Thumb Code    14  handlers.o(i.__scatterload_zeroinit)
    __set_errno                              0x08005bb1   Thumb Code     6  errno.o(i.__set_errno)
    fabs                                     0x08005d1b   Thumb Code    24  fabs.o(i.fabs)
    free                                     0x08005d35   Thumb Code    76  malloc.o(i.free)
    ftoa                                     0x08005d85   Thumb Code   130  main.o(i.ftoa)
    intToStr                                 0x08005e11   Thumb Code    62  main.o(i.intToStr)
    main                                     0x08005e51   Thumb Code   312  main.o(i.main)
    malloc                                   0x08005fd9   Thumb Code    92  malloc.o(i.malloc)
    reverse                                  0x08006045   Thumb Code    26  main.o(i.reverse)
    sqrt                                     0x0800605f   Thumb Code   110  sqrt.o(i.sqrt)
    AHBPrescTable                            0x08007418   Data          16  system_stm32f4xx.o(.constdata)
    APBPrescTable                            0x08007428   Data           8  system_stm32f4xx.o(.constdata)
    __mathlib_zero                           0x080074b8   Data           8  qnan.o(.constdata)
    Region$$Table$$Base                      0x080074c0   Number         0  anon$$obj.o(Region$$Table)
    Region$$Table$$Limit                     0x080074e0   Number         0  anon$$obj.o(Region$$Table)
    Font_16x26                               0x20000000   Data           8  fonts.o(.data)
    intFlag                                  0x20000008   Data           3  main.o(.data)
    tempRawVal                               0x2000000c   Data           4  main.o(.data)
    voltage                                  0x20000010   Data           4  main.o(.data)
    temp                                     0x20000014   Data           4  main.o(.data)
    HS_Desc                                  0x20000018   Data          28  usbd_desc.o(.data)
    USBD_LangIDDesc                          0x20000034   Data           4  usbd_desc.o(.data)
    USBD_HS_DeviceDesc                       0x20000038   Data          18  usbd_desc.o(.data)
    USBD_StringSerial                        0x2000004c   Data          26  usbd_desc.o(.data)
    USBD_Interface_fops_HS                   0x20000068   Data          16  usbd_cdc_if.o(.data)
    uwTickFreq                               0x20000078   Data           1  stm32f4xx_hal.o(.data)
    uwTickPrio                               0x2000007c   Data           4  stm32f4xx_hal.o(.data)
    uwTick                                   0x20000080   Data           4  stm32f4xx_hal.o(.data)
    SystemCoreClock                          0x20000084   Data           4  system_stm32f4xx.o(.data)
    USBD_CDC_CfgHSDesc                       0x20000098   Data          67  usbd_cdc.o(.data)
    USBD_CDC_CfgFSDesc                       0x200000dc   Data          67  usbd_cdc.o(.data)
    USBD_CDC_OtherSpeedCfgDesc               0x20000120   Data          67  usbd_cdc.o(.data)
    USBD_CDC                                 0x20000164   Data          56  usbd_cdc.o(.data)
    __microlib_freelist                      0x2000019c   Data           4  mvars.o(.data)
    __microlib_freelist_initialised          0x200001a0   Data           4  mvars.o(.data)
    printData                                0x200001a8   Data          20  main.o(.bss)
    hadc1                                    0x200001bc   Data          72  adc.o(.bss)
    hrtc                                     0x20000204   Data          32  rtc.o(.bss)
    hspi5                                    0x20000224   Data          88  spi.o(.bss)
    hUsbDeviceHS                             0x2000027c   Data         668  usb_device.o(.bss)
    hpcd_USB_OTG_HS                          0x20000518   Data        1032  usbd_conf.o(.bss)
    USBD_StrDesc                             0x20000920   Data         512  usbd_desc.o(.bss)
    UserRxBufferHS                           0x20000b20   Data        2048  usbd_cdc_if.o(.bss)
    UserTxBufferHS                           0x20001320   Data        2048  usbd_cdc_if.o(.bss)
    htim1                                    0x20001b20   Data          64  stm32f4xx_hal_timebase_tim.o(.bss)
    __heap_base                              0x20001b60   Data           0  startup_stm32f429xx.o(HEAP)
    __heap_limit                             0x20003b60   Data           0  startup_stm32f429xx.o(HEAP)
    __initial_sp                             0x20007b60   Data           0  startup_stm32f429xx.o(STACK)



==============================================================================

Memory Map of the image

  Image Entry point : 0x080001ad

  Load Region LR_IROM1 (Base: 0x08000000, Size: 0x00007688, Max: 0x00200000, ABSOLUTE, COMPRESSED[0x000075a8])

    Execution Region ER_IROM1 (Exec base: 0x08000000, Load base: 0x08000000, Size: 0x000074e0, Max: 0x00200000, ABSOLUTE)

    Exec Addr    Load Addr    Size         Type   Attr      Idx    E Section Name        Object

    0x08000000   0x08000000   0x000001ac   Data   RO            3    RESET               startup_stm32f429xx.o
    0x080001ac   0x080001ac   0x00000000   Code   RO         5188  * .ARM.Collect$$$$00000000  mc_w.l(entry.o)
    0x080001ac   0x080001ac   0x00000004   Code   RO         5539    .ARM.Collect$$$$00000001  mc_w.l(entry2.o)
    0x080001b0   0x080001b0   0x00000004   Code   RO         5542    .ARM.Collect$$$$00000004  mc_w.l(entry5.o)
    0x080001b4   0x080001b4   0x00000000   Code   RO         5544    .ARM.Collect$$$$00000008  mc_w.l(entry7b.o)
    0x080001b4   0x080001b4   0x00000000   Code   RO         5546    .ARM.Collect$$$$0000000A  mc_w.l(entry8b.o)
    0x080001b4   0x080001b4   0x00000008   Code   RO         5547    .ARM.Collect$$$$0000000B  mc_w.l(entry9a.o)
    0x080001bc   0x080001bc   0x00000004   Code   RO         5554    .ARM.Collect$$$$0000000E  mc_w.l(entry12b.o)
    0x080001c0   0x080001c0   0x00000000   Code   RO         5549    .ARM.Collect$$$$0000000F  mc_w.l(entry10a.o)
    0x080001c0   0x080001c0   0x00000000   Code   RO         5551    .ARM.Collect$$$$00000011  mc_w.l(entry11a.o)
    0x080001c0   0x080001c0   0x00000004   Code   RO         5540    .ARM.Collect$$$$00002712  mc_w.l(entry2.o)
    0x080001c4   0x080001c4   0x00000024   Code   RO            4    .text               startup_stm32f429xx.o
    0x080001e8   0x080001e8   0x00000062   Code   RO         5191    .text               mc_w.l(uldiv.o)
    0x0800024a   0x0800024a   0x00000024   Code   RO         5193    .text               mc_w.l(memcpya.o)
    0x0800026e   0x0800026e   0x00000024   Code   RO         5195    .text               mc_w.l(memseta.o)
    0x08000292   0x08000292   0x0000000e   Code   RO         5197    .text               mc_w.l(strlen.o)
    0x080002a0   0x080002a0   0x0000014e   Code   RO         5490    .text               mf_w.l(dadd.o)
    0x080003ee   0x080003ee   0x000000e4   Code   RO         5492    .text               mf_w.l(dmul.o)
    0x080004d2   0x080004d2   0x000000de   Code   RO         5494    .text               mf_w.l(ddiv.o)
    0x080005b0   0x080005b0   0x00000022   Code   RO         5496    .text               mf_w.l(dflti.o)
    0x080005d2   0x080005d2   0x00000026   Code   RO         5498    .text               mf_w.l(f2d.o)
    0x080005f8   0x080005f8   0x00000038   Code   RO         5500    .text               mf_w.l(d2f.o)
    0x08000630   0x08000630   0x0000002c   Code   RO         5558    .text               mc_w.l(uidiv.o)
    0x0800065c   0x0800065c   0x0000001e   Code   RO         5560    .text               mc_w.l(llshl.o)
    0x0800067a   0x0800067a   0x00000020   Code   RO         5562    .text               mc_w.l(llushr.o)
    0x0800069a   0x0800069a   0x00000024   Code   RO         5564    .text               mc_w.l(llsshr.o)
    0x080006be   0x080006be   0x00000000   Code   RO         5575    .text               mc_w.l(iusefp.o)
    0x080006be   0x080006be   0x0000006e   Code   RO         5576    .text               mf_w.l(fepilogue.o)
    0x0800072c   0x0800072c   0x000000ba   Code   RO         5578    .text               mf_w.l(depilogue.o)
    0x080007e6   0x080007e6   0x0000002e   Code   RO         5582    .text               mf_w.l(dscalb.o)
    0x08000814   0x08000814   0x00000030   Code   RO         5586    .text               mf_w.l(cdrcmple.o)
    0x08000844   0x08000844   0x00000024   Code   RO         5588    .text               mc_w.l(init.o)
    0x08000868   0x08000868   0x000000a2   Code   RO         5592    .text               mf_w.l(dsqrt.o)
    0x0800090a   0x0800090a   0x00000056   Code   RO         5604    .text               mc_w.l(__dczerorl2.o)
    0x08000960   0x08000960   0x00000128   Code   RO         2883    i.ADC_Init          stm32f4xx_hal_adc.o
    0x08000a88   0x08000a88   0x00000002   Code   RO          947    i.BusFault_Handler  stm32f4xx_it.o
    0x08000a8a   0x08000a8a   0x00000004   Code   RO          889    i.CDC_Control_HS    usbd_cdc_if.o
    0x08000a8e   0x08000a8e   0x00000004   Code   RO          890    i.CDC_DeInit_HS     usbd_cdc_if.o
    0x08000a92   0x08000a92   0x00000002   PAD
    0x08000a94   0x08000a94   0x00000024   Code   RO          891    i.CDC_Init_HS       usbd_cdc_if.o
    0x08000ab8   0x08000ab8   0x00000028   Code   RO          290    i.CDC_ReceiveCallBack  main.o
    0x08000ae0   0x08000ae0   0x00000024   Code   RO          893    i.CDC_Receive_HS    usbd_cdc_if.o
    0x08000b04   0x08000b04   0x0000002c   Code   RO          894    i.CDC_Transmit_HS   usbd_cdc_if.o
    0x08000b30   0x08000b30   0x00000002   Code   RO          948    i.DebugMon_Handler  stm32f4xx_it.o
    0x08000b32   0x08000b32   0x00000006   Code   RO          949    i.EXTI0_IRQHandler  stm32f4xx_it.o
    0x08000b38   0x08000b38   0x00000002   Code   RO          291    i.Error_Handler     main.o
    0x08000b3a   0x08000b3a   0x00000002   PAD
    0x08000b3c   0x08000b3c   0x00000164   Code   RO         2885    i.HAL_ADC_ConfigChannel  stm32f4xx_hal_adc.o
    0x08000ca0   0x08000ca0   0x00000006   Code   RO         2892    i.HAL_ADC_GetValue  stm32f4xx_hal_adc.o
    0x08000ca6   0x08000ca6   0x00000054   Code   RO         2894    i.HAL_ADC_Init      stm32f4xx_hal_adc.o
    0x08000cfa   0x08000cfa   0x00000002   PAD
    0x08000cfc   0x08000cfc   0x00000028   Code   RO          452    i.HAL_ADC_MspInit   adc.o
    0x08000d24   0x08000d24   0x000000a2   Code   RO         2898    i.HAL_ADC_PollForConversion  stm32f4xx_hal_adc.o
    0x08000dc6   0x08000dc6   0x00000002   PAD
    0x08000dc8   0x08000dc8   0x000000ec   Code   RO         2900    i.HAL_ADC_Start     stm32f4xx_hal_adc.o
    0x08000eb4   0x08000eb4   0x0000003c   Code   RO         2903    i.HAL_ADC_Stop      stm32f4xx_hal_adc.o
    0x08000ef0   0x08000ef0   0x00000024   Code   RO         2617    i.HAL_Delay         stm32f4xx_hal.o
    0x08000f14   0x08000f14   0x00000014   Code   RO          292    i.HAL_GPIO_EXTI_Callback  main.o
    0x08000f28   0x08000f28   0x00000018   Code   RO         2072    i.HAL_GPIO_EXTI_IRQHandler  stm32f4xx_hal_gpio.o
    0x08000f40   0x08000f40   0x000001d4   Code   RO         2073    i.HAL_GPIO_Init     stm32f4xx_hal_gpio.o
    0x08001114   0x08001114   0x0000000a   Code   RO         2077    i.HAL_GPIO_WritePin  stm32f4xx_hal_gpio.o
    0x0800111e   0x0800111e   0x00000002   PAD
    0x08001120   0x08001120   0x0000000c   Code   RO         2625    i.HAL_GetTick       stm32f4xx_hal.o
    0x0800112c   0x0800112c   0x00000010   Code   RO         2631    i.HAL_IncTick       stm32f4xx_hal.o
    0x0800113c   0x0800113c   0x00000034   Code   RO         2632    i.HAL_Init          stm32f4xx_hal.o
    0x08001170   0x08001170   0x00000074   Code   RO         1065    i.HAL_InitTick      stm32f4xx_hal_timebase_tim.o
    0x080011e4   0x080011e4   0x00000030   Code   RO         1041    i.HAL_MspInit       stm32f4xx_hal_msp.o
    0x08001214   0x08001214   0x0000001a   Code   RO         2480    i.HAL_NVIC_EnableIRQ  stm32f4xx_hal_cortex.o
    0x0800122e   0x0800122e   0x00000002   PAD
    0x08001230   0x08001230   0x00000040   Code   RO         2486    i.HAL_NVIC_SetPriority  stm32f4xx_hal_cortex.o
    0x08001270   0x08001270   0x00000024   Code   RO         2487    i.HAL_NVIC_SetPriorityGrouping  stm32f4xx_hal_cortex.o
    0x08001294   0x08001294   0x00000002   Code   RO         1325    i.HAL_PCDEx_LPM_Callback  stm32f4xx_hal_pcd_ex.o
    0x08001296   0x08001296   0x00000008   Code   RO         1326    i.HAL_PCDEx_SetRxFiFo  stm32f4xx_hal_pcd_ex.o
    0x0800129e   0x0800129e   0x00000044   Code   RO         1327    i.HAL_PCDEx_SetTxFiFo  stm32f4xx_hal_pcd_ex.o
    0x080012e2   0x080012e2   0x00000008   Code   RO          608    i.HAL_PCD_ConnectCallback  usbd_conf.o
    0x080012ea   0x080012ea   0x00000012   Code   RO          609    i.HAL_PCD_DataInStageCallback  usbd_conf.o
    0x080012fc   0x080012fc   0x00000014   Code   RO          610    i.HAL_PCD_DataOutStageCallback  usbd_conf.o
    0x08001310   0x08001310   0x00000008   Code   RO          611    i.HAL_PCD_DisconnectCallback  usbd_conf.o
    0x08001318   0x08001318   0x0000004c   Code   RO         1113    i.HAL_PCD_EP_Close  stm32f4xx_hal_pcd.o
    0x08001364   0x08001364   0x0000005c   Code   RO         1114    i.HAL_PCD_EP_ClrStall  stm32f4xx_hal_pcd.o
    0x080013c0   0x080013c0   0x00000012   Code   RO         1116    i.HAL_PCD_EP_GetRxCount  stm32f4xx_hal_pcd.o
    0x080013d2   0x080013d2   0x00000060   Code   RO         1117    i.HAL_PCD_EP_Open   stm32f4xx_hal_pcd.o
    0x08001432   0x08001432   0x00000048   Code   RO         1118    i.HAL_PCD_EP_Receive  stm32f4xx_hal_pcd.o
    0x0800147a   0x0800147a   0x00000074   Code   RO         1119    i.HAL_PCD_EP_SetStall  stm32f4xx_hal_pcd.o
    0x080014ee   0x080014ee   0x00000040   Code   RO         1120    i.HAL_PCD_EP_Transmit  stm32f4xx_hal_pcd.o
    0x0800152e   0x0800152e   0x00000002   PAD
    0x08001530   0x08001530   0x00000464   Code   RO         1122    i.HAL_PCD_IRQHandler  stm32f4xx_hal_pcd.o
    0x08001994   0x08001994   0x00000008   Code   RO          612    i.HAL_PCD_ISOINIncompleteCallback  usbd_conf.o
    0x0800199c   0x0800199c   0x00000008   Code   RO          613    i.HAL_PCD_ISOOUTIncompleteCallback  usbd_conf.o
    0x080019a4   0x080019a4   0x000000e2   Code   RO         1125    i.HAL_PCD_Init      stm32f4xx_hal_pcd.o
    0x08001a86   0x08001a86   0x00000002   PAD
    0x08001a88   0x08001a88   0x00000078   Code   RO          615    i.HAL_PCD_MspInit   usbd_conf.o
    0x08001b00   0x08001b00   0x0000002c   Code   RO          616    i.HAL_PCD_ResetCallback  usbd_conf.o
    0x08001b2c   0x08001b2c   0x00000008   Code   RO          617    i.HAL_PCD_ResumeCallback  usbd_conf.o
    0x08001b34   0x08001b34   0x00000008   Code   RO          618    i.HAL_PCD_SOFCallback  usbd_conf.o
    0x08001b3c   0x08001b3c   0x00000028   Code   RO         1131    i.HAL_PCD_SetAddress  stm32f4xx_hal_pcd.o
    0x08001b64   0x08001b64   0x0000000e   Code   RO          619    i.HAL_PCD_SetupStageCallback  usbd_conf.o
    0x08001b72   0x08001b72   0x00000042   Code   RO         1133    i.HAL_PCD_Start     stm32f4xx_hal_pcd.o
    0x08001bb4   0x08001bb4   0x00000030   Code   RO          620    i.HAL_PCD_SuspendCallback  usbd_conf.o
    0x08001be4   0x08001be4   0x00000254   Code   RO         1774    i.HAL_RCCEx_PeriphCLKConfig  stm32f4xx_hal_rcc_ex.o
    0x08001e38   0x08001e38   0x00000134   Code   RO         1667    i.HAL_RCC_ClockConfig  stm32f4xx_hal_rcc.o
    0x08001f6c   0x08001f6c   0x00000040   Code   RO         1671    i.HAL_RCC_GetClockConfig  stm32f4xx_hal_rcc.o
    0x08001fac   0x08001fac   0x0000000c   Code   RO         1672    i.HAL_RCC_GetHCLKFreq  stm32f4xx_hal_rcc.o
    0x08001fb8   0x08001fb8   0x00000020   Code   RO         1675    i.HAL_RCC_GetPCLK2Freq  stm32f4xx_hal_rcc.o
    0x08001fd8   0x08001fd8   0x00000060   Code   RO         1676    i.HAL_RCC_GetSysClockFreq  stm32f4xx_hal_rcc.o
    0x08002038   0x08002038   0x0000035c   Code   RO         1679    i.HAL_RCC_OscConfig  stm32f4xx_hal_rcc.o
    0x08002394   0x08002394   0x000000ac   Code   RO         3163    i.HAL_RTC_Init      stm32f4xx_hal_rtc.o
    0x08002440   0x08002440   0x00000018   Code   RO          494    i.HAL_RTC_MspInit   rtc.o
    0x08002458   0x08002458   0x000000c8   Code   RO         3169    i.HAL_RTC_SetDate   stm32f4xx_hal_rtc.o
    0x08002520   0x08002520   0x000000ec   Code   RO         3170    i.HAL_RTC_SetTime   stm32f4xx_hal_rtc.o
    0x0800260c   0x0800260c   0x00000036   Code   RO         3171    i.HAL_RTC_WaitForSynchro  stm32f4xx_hal_rtc.o
    0x08002642   0x08002642   0x00000080   Code   RO         3531    i.HAL_SPI_Init      stm32f4xx_hal_spi.o
    0x080026c2   0x080026c2   0x00000002   PAD
    0x080026c4   0x080026c4   0x0000006c   Code   RO          536    i.HAL_SPI_MspInit   spi.o
    0x08002730   0x08002730   0x0000015c   Code   RO         3539    i.HAL_SPI_Transmit  stm32f4xx_hal_spi.o
    0x0800288c   0x0800288c   0x00000002   Code   RO         4519    i.HAL_TIMEx_BreakCallback  stm32f4xx_hal_tim_ex.o
    0x0800288e   0x0800288e   0x00000002   Code   RO         4520    i.HAL_TIMEx_CommutCallback  stm32f4xx_hal_tim_ex.o
    0x08002890   0x08002890   0x00000036   Code   RO         3844    i.HAL_TIM_Base_Init  stm32f4xx_hal_tim.o
    0x080028c6   0x080028c6   0x00000002   Code   RO         3846    i.HAL_TIM_Base_MspInit  stm32f4xx_hal_tim.o
    0x080028c8   0x080028c8   0x00000022   Code   RO         3849    i.HAL_TIM_Base_Start_IT  stm32f4xx_hal_tim.o
    0x080028ea   0x080028ea   0x00000002   Code   RO         3873    i.HAL_TIM_IC_CaptureCallback  stm32f4xx_hal_tim.o
    0x080028ec   0x080028ec   0x00000166   Code   RO         3887    i.HAL_TIM_IRQHandler  stm32f4xx_hal_tim.o
    0x08002a52   0x08002a52   0x00000002   Code   RO         3890    i.HAL_TIM_OC_DelayElapsedCallback  stm32f4xx_hal_tim.o
    0x08002a54   0x08002a54   0x00000002   Code   RO         3917    i.HAL_TIM_PWM_PulseFinishedCallback  stm32f4xx_hal_tim.o
    0x08002a56   0x08002a56   0x00000002   PAD
    0x08002a58   0x08002a58   0x00000014   Code   RO          293    i.HAL_TIM_PeriodElapsedCallback  main.o
    0x08002a6c   0x08002a6c   0x00000002   Code   RO         3930    i.HAL_TIM_TriggerCallback  stm32f4xx_hal_tim.o
    0x08002a6e   0x08002a6e   0x00000002   Code   RO          950    i.HardFault_Handler  stm32f4xx_it.o
    0x08002a70   0x08002a70   0x000000a0   Code   RO           36    i.ILI9341_FillRectangle  ili9341.o
    0x08002b10   0x08002b10   0x00000014   Code   RO           37    i.ILI9341_FillScreen  ili9341.o
    0x08002b24   0x08002b24   0x0000022c   Code   RO           38    i.ILI9341_Init      ili9341.o
    0x08002d50   0x08002d50   0x00000010   Code   RO           40    i.ILI9341_Select    ili9341.o
    0x08002d60   0x08002d60   0x00000058   Code   RO           41    i.ILI9341_SetAddressWindow  ili9341.o
    0x08002db8   0x08002db8   0x00000010   Code   RO          252    i.ILI9341_TouchUnselect  ili9341_touch.o
    0x08002dc8   0x08002dc8   0x00000010   Code   RO           42    i.ILI9341_Unselect  ili9341.o
    0x08002dd8   0x08002dd8   0x0000008c   Code   RO           43    i.ILI9341_WriteChar  ili9341.o
    0x08002e64   0x08002e64   0x00000028   Code   RO           44    i.ILI9341_WriteCommand  ili9341.o
    0x08002e8c   0x08002e8c   0x00000048   Code   RO           45    i.ILI9341_WriteData  ili9341.o
    0x08002ed4   0x08002ed4   0x00000060   Code   RO           46    i.ILI9341_WriteString  ili9341.o
    0x08002f34   0x08002f34   0x00000038   Code   RO          803    i.IntToUnicode      usbd_desc.o
    0x08002f6c   0x08002f6c   0x00000064   Code   RO          453    i.MX_ADC1_Init      adc.o
    0x08002fd0   0x08002fd0   0x000000f0   Code   RO          427    i.MX_GPIO_Init      gpio.o
    0x080030c0   0x080030c0   0x00000090   Code   RO          495    i.MX_RTC_Init       rtc.o
    0x08003150   0x08003150   0x00000044   Code   RO          537    i.MX_SPI5_Init      spi.o
    0x08003194   0x08003194   0x00000054   Code   RO          577    i.MX_USB_DEVICE_Init  usb_device.o
    0x080031e8   0x080031e8   0x00000002   Code   RO          951    i.MemManage_Handler  stm32f4xx_it.o
    0x080031ea   0x080031ea   0x00000002   Code   RO          952    i.NMI_Handler       stm32f4xx_it.o
    0x080031ec   0x080031ec   0x0000000c   Code   RO          953    i.OTG_HS_IRQHandler  stm32f4xx_it.o
    0x080031f8   0x080031f8   0x000000dc   Code   RO         1136    i.PCD_EP_OutXfrComplete_int  stm32f4xx_hal_pcd.o
    0x080032d4   0x080032d4   0x000000a2   Code   RO         1137    i.PCD_WriteEmptyTxFifo  stm32f4xx_hal_pcd.o
    0x08003376   0x08003376   0x00000002   Code   RO          954    i.PendSV_Handler    stm32f4xx_it.o
    0x08003378   0x08003378   0x00000016   Code   RO         3173    i.RTC_ByteToBcd2    stm32f4xx_hal_rtc.o
    0x0800338e   0x0800338e   0x00000002   PAD
    0x08003390   0x08003390   0x0000003a   Code   RO         3174    i.RTC_EnterInitMode  stm32f4xx_hal_rtc.o
    0x080033ca   0x080033ca   0x00000002   PAD
    0x080033cc   0x080033cc   0x00000058   Code   RO         3569    i.SPI_EndRxTxTransaction  stm32f4xx_hal_spi.o
    0x08003424   0x08003424   0x00000094   Code   RO         3574    i.SPI_WaitFlagStateUntilTimeout  stm32f4xx_hal_spi.o
    0x080034b8   0x080034b8   0x00000002   Code   RO          955    i.SVC_Handler       stm32f4xx_it.o
    0x080034ba   0x080034ba   0x00000002   Code   RO          956    i.SysTick_Handler   stm32f4xx_it.o
    0x080034bc   0x080034bc   0x000000a0   Code   RO          294    i.SystemClock_Config  main.o
    0x0800355c   0x0800355c   0x0000001c   Code   RO         4771    i.SystemInit        system_stm32f4xx.o
    0x08003578   0x08003578   0x0000000c   Code   RO          957    i.TIM1_UP_TIM10_IRQHandler  stm32f4xx_it.o
    0x08003584   0x08003584   0x000000c8   Code   RO         3932    i.TIM_Base_SetConfig  stm32f4xx_hal_tim.o
    0x0800364c   0x0800364c   0x0000004a   Code   RO         5071    i.USBD_CDC_DataIn   usbd_cdc.o
    0x08003696   0x08003696   0x0000002e   Code   RO         5072    i.USBD_CDC_DataOut  usbd_cdc.o
    0x080036c4   0x080036c4   0x00000044   Code   RO         5073    i.USBD_CDC_DeInit   usbd_cdc.o
    0x08003708   0x08003708   0x00000024   Code   RO         5074    i.USBD_CDC_EP0_RxReady  usbd_cdc.o
    0x0800372c   0x0800372c   0x0000000c   Code   RO         5075    i.USBD_CDC_GetDeviceQualifierDescriptor  usbd_cdc.o
    0x08003738   0x08003738   0x0000000c   Code   RO         5076    i.USBD_CDC_GetFSCfgDesc  usbd_cdc.o
    0x08003744   0x08003744   0x0000000c   Code   RO         5077    i.USBD_CDC_GetHSCfgDesc  usbd_cdc.o
    0x08003750   0x08003750   0x0000000c   Code   RO         5078    i.USBD_CDC_GetOtherSpeedCfgDesc  usbd_cdc.o
    0x0800375c   0x0800375c   0x00000094   Code   RO         5079    i.USBD_CDC_Init     usbd_cdc.o
    0x080037f0   0x080037f0   0x00000028   Code   RO         5080    i.USBD_CDC_ReceivePacket  usbd_cdc.o
    0x08003818   0x08003818   0x00000010   Code   RO         5081    i.USBD_CDC_RegisterInterface  usbd_cdc.o
    0x08003828   0x08003828   0x0000000c   Code   RO         5082    i.USBD_CDC_SetRxBuffer  usbd_cdc.o
    0x08003834   0x08003834   0x00000010   Code   RO         5083    i.USBD_CDC_SetTxBuffer  usbd_cdc.o
    0x08003844   0x08003844   0x000000ac   Code   RO         5084    i.USBD_CDC_Setup    usbd_cdc.o
    0x080038f0   0x080038f0   0x00000036   Code   RO         5085    i.USBD_CDC_TransmitPacket  usbd_cdc.o
    0x08003926   0x08003926   0x0000000e   Code   RO         4808    i.USBD_ClrClassConfig  usbd_core.o
    0x08003934   0x08003934   0x00000010   Code   RO         5011    i.USBD_CtlContinueRx  usbd_ioreq.o
    0x08003944   0x08003944   0x00000010   Code   RO         5012    i.USBD_CtlContinueSendData  usbd_ioreq.o
    0x08003954   0x08003954   0x00000016   Code   RO         4946    i.USBD_CtlError     usbd_ctlreq.o
    0x0800396a   0x0800396a   0x0000001e   Code   RO         5013    i.USBD_CtlPrepareRx  usbd_ioreq.o
    0x08003988   0x08003988   0x00000016   Code   RO         5014    i.USBD_CtlReceiveStatus  usbd_ioreq.o
    0x0800399e   0x0800399e   0x0000001a   Code   RO         5015    i.USBD_CtlSendData  usbd_ioreq.o
    0x080039b8   0x080039b8   0x00000016   Code   RO         5016    i.USBD_CtlSendStatus  usbd_ioreq.o
    0x080039ce   0x080039ce   0x000000e8   Code   RO         4947    i.USBD_GetDescriptor  usbd_ctlreq.o
    0x08003ab6   0x08003ab6   0x00000048   Code   RO         4948    i.USBD_GetString    usbd_ctlreq.o
    0x08003afe   0x08003afe   0x00000018   Code   RO          621    i.USBD_Get_USB_Status  usbd_conf.o
    0x08003b16   0x08003b16   0x00000002   PAD
    0x08003b18   0x08003b18   0x00000020   Code   RO          804    i.USBD_HS_ConfigStrDescriptor  usbd_desc.o
    0x08003b38   0x08003b38   0x0000000c   Code   RO          805    i.USBD_HS_DeviceDescriptor  usbd_desc.o
    0x08003b44   0x08003b44   0x00000024   Code   RO          806    i.USBD_HS_InterfaceStrDescriptor  usbd_desc.o
    0x08003b68   0x08003b68   0x0000000c   Code   RO          807    i.USBD_HS_LangIDStrDescriptor  usbd_desc.o
    0x08003b74   0x08003b74   0x00000028   Code   RO          808    i.USBD_HS_ManufacturerStrDescriptor  usbd_desc.o
    0x08003b9c   0x08003b9c   0x0000002c   Code   RO          809    i.USBD_HS_ProductStrDescriptor  usbd_desc.o
    0x08003bc8   0x08003bc8   0x00000038   Code   RO          810    i.USBD_HS_SerialStrDescriptor  usbd_desc.o
    0x08003c00   0x08003c00   0x0000002a   Code   RO         4810    i.USBD_Init         usbd_core.o
    0x08003c2a   0x08003c2a   0x00000012   Code   RO          622    i.USBD_LL_ClearStallEP  usbd_conf.o
    0x08003c3c   0x08003c3c   0x00000012   Code   RO          623    i.USBD_LL_CloseEP   usbd_conf.o
    0x08003c4e   0x08003c4e   0x000000c6   Code   RO         4811    i.USBD_LL_DataInStage  usbd_core.o
    0x08003d14   0x08003d14   0x00000082   Code   RO         4812    i.USBD_LL_DataOutStage  usbd_core.o
    0x08003d96   0x08003d96   0x00000004   Code   RO         4813    i.USBD_LL_DevConnected  usbd_core.o
    0x08003d9a   0x08003d9a   0x00000016   Code   RO         4814    i.USBD_LL_DevDisconnected  usbd_core.o
    0x08003db0   0x08003db0   0x00000008   Code   RO          627    i.USBD_LL_GetRxDataSize  usbd_conf.o
    0x08003db8   0x08003db8   0x00000068   Code   RO          628    i.USBD_LL_Init      usbd_conf.o
    0x08003e20   0x08003e20   0x00000020   Code   RO          629    i.USBD_LL_IsStallEP  usbd_conf.o
    0x08003e40   0x08003e40   0x00000004   Code   RO         4815    i.USBD_LL_IsoINIncomplete  usbd_core.o
    0x08003e44   0x08003e44   0x00000004   Code   RO         4816    i.USBD_LL_IsoOUTIncomplete  usbd_core.o
    0x08003e48   0x08003e48   0x00000018   Code   RO          630    i.USBD_LL_OpenEP    usbd_conf.o
    0x08003e60   0x08003e60   0x00000012   Code   RO          631    i.USBD_LL_PrepareReceive  usbd_conf.o
    0x08003e72   0x08003e72   0x00000050   Code   RO         4817    i.USBD_LL_Reset     usbd_core.o
    0x08003ec2   0x08003ec2   0x0000000c   Code   RO         4818    i.USBD_LL_Resume    usbd_core.o
    0x08003ece   0x08003ece   0x00000018   Code   RO         4819    i.USBD_LL_SOF       usbd_core.o
    0x08003ee6   0x08003ee6   0x00000006   Code   RO         4820    i.USBD_LL_SetSpeed  usbd_core.o
    0x08003eec   0x08003eec   0x00000012   Code   RO          632    i.USBD_LL_SetUSBAddress  usbd_conf.o
    0x08003efe   0x08003efe   0x0000005a   Code   RO         4821    i.USBD_LL_SetupStage  usbd_core.o
    0x08003f58   0x08003f58   0x00000012   Code   RO          633    i.USBD_LL_StallEP   usbd_conf.o
    0x08003f6a   0x08003f6a   0x00000012   Code   RO          634    i.USBD_LL_Start     usbd_conf.o
    0x08003f7c   0x08003f7c   0x00000012   Code   RO         4822    i.USBD_LL_Suspend   usbd_core.o
    0x08003f8e   0x08003f8e   0x00000012   Code   RO          636    i.USBD_LL_Transmit  usbd_conf.o
    0x08003fa0   0x08003fa0   0x00000028   Code   RO         4949    i.USBD_ParseSetupRequest  usbd_ctlreq.o
    0x08003fc8   0x08003fc8   0x00000010   Code   RO         4823    i.USBD_RegisterClass  usbd_core.o
    0x08003fd8   0x08003fd8   0x00000016   Code   RO         4825    i.USBD_SetClassConfig  usbd_core.o
    0x08003fee   0x08003fee   0x00000002   PAD
    0x08003ff0   0x08003ff0   0x00000084   Code   RO         4950    i.USBD_SetConfig    usbd_ctlreq.o
    0x08004074   0x08004074   0x0000000a   Code   RO         4826    i.USBD_Start        usbd_core.o
    0x0800407e   0x0800407e   0x00000112   Code   RO         4951    i.USBD_StdDevReq    usbd_ctlreq.o
    0x08004190   0x08004190   0x00000150   Code   RO         4952    i.USBD_StdEPReq     usbd_ctlreq.o
    0x080042e0   0x080042e0   0x0000004e   Code   RO         4953    i.USBD_StdItfReq    usbd_ctlreq.o
    0x0800432e   0x0800432e   0x00000002   PAD
    0x08004330   0x08004330   0x00000080   Code   RO         1367    i.USB_ActivateEndpoint  stm32f4xx_ll_usb.o
    0x080043b0   0x080043b0   0x00000034   Code   RO         1369    i.USB_ActivateSetup  stm32f4xx_ll_usb.o
    0x080043e4   0x080043e4   0x00000074   Code   RO         1371    i.USB_CoreInit      stm32f4xx_ll_usb.o
    0x08004458   0x08004458   0x00000038   Code   RO         1372    i.USB_CoreReset     stm32f4xx_ll_usb.o
    0x08004490   0x08004490   0x00000080   Code   RO         1375    i.USB_DeactivateEndpoint  stm32f4xx_ll_usb.o
    0x08004510   0x08004510   0x00000018   Code   RO         1376    i.USB_DevConnect    stm32f4xx_ll_usb.o
    0x08004528   0x08004528   0x00000018   Code   RO         1377    i.USB_DevDisconnect  stm32f4xx_ll_usb.o
    0x08004540   0x08004540   0x0000018c   Code   RO         1378    i.USB_DevInit       stm32f4xx_ll_usb.o
    0x080046cc   0x080046cc   0x0000000c   Code   RO         1379    i.USB_DisableGlobalInt  stm32f4xx_ll_usb.o
    0x080046d8   0x080046d8   0x00000118   Code   RO         1382    i.USB_EP0StartXfer  stm32f4xx_ll_usb.o
    0x080047f0   0x080047f0   0x00000058   Code   RO         1383    i.USB_EP0_OutStart  stm32f4xx_ll_usb.o
    0x08004848   0x08004848   0x00000058   Code   RO         1384    i.USB_EPClearStall  stm32f4xx_ll_usb.o
    0x080048a0   0x080048a0   0x00000058   Code   RO         1385    i.USB_EPSetStall    stm32f4xx_ll_usb.o
    0x080048f8   0x080048f8   0x000001e8   Code   RO         1386    i.USB_EPStartXfer   stm32f4xx_ll_usb.o
    0x08004ae0   0x08004ae0   0x0000000c   Code   RO         1387    i.USB_EnableGlobalInt  stm32f4xx_ll_usb.o
    0x08004aec   0x08004aec   0x00000020   Code   RO         1388    i.USB_FlushRxFifo   stm32f4xx_ll_usb.o
    0x08004b0c   0x08004b0c   0x00000024   Code   RO         1389    i.USB_FlushTxFifo   stm32f4xx_ll_usb.o
    0x08004b30   0x08004b30   0x0000001a   Code   RO         1391    i.USB_GetDevSpeed   stm32f4xx_ll_usb.o
    0x08004b4a   0x08004b4a   0x00000008   Code   RO         1393    i.USB_GetMode       stm32f4xx_ll_usb.o
    0x08004b52   0x08004b52   0x0000000e   Code   RO         1400    i.USB_ReadDevAllInEpInterrupt  stm32f4xx_ll_usb.o
    0x08004b60   0x08004b60   0x0000000e   Code   RO         1401    i.USB_ReadDevAllOutEpInterrupt  stm32f4xx_ll_usb.o
    0x08004b6e   0x08004b6e   0x00000024   Code   RO         1402    i.USB_ReadDevInEPInterrupt  stm32f4xx_ll_usb.o
    0x08004b92   0x08004b92   0x00000010   Code   RO         1403    i.USB_ReadDevOutEPInterrupt  stm32f4xx_ll_usb.o
    0x08004ba2   0x08004ba2   0x00000008   Code   RO         1404    i.USB_ReadInterrupts  stm32f4xx_ll_usb.o
    0x08004baa   0x08004baa   0x0000001c   Code   RO         1405    i.USB_ReadPacket    stm32f4xx_ll_usb.o
    0x08004bc6   0x08004bc6   0x0000002e   Code   RO         1407    i.USB_SetCurrentMode  stm32f4xx_ll_usb.o
    0x08004bf4   0x08004bf4   0x00000022   Code   RO         1408    i.USB_SetDevAddress  stm32f4xx_ll_usb.o
    0x08004c16   0x08004c16   0x00000002   PAD
    0x08004c18   0x08004c18   0x000000e8   Code   RO         1410    i.USB_SetTurnaroundTime  stm32f4xx_ll_usb.o
    0x08004d00   0x08004d00   0x00000024   Code   RO         1413    i.USB_WritePacket   stm32f4xx_ll_usb.o
    0x08004d24   0x08004d24   0x00000002   Code   RO          958    i.UsageFault_Handler  stm32f4xx_it.o
    0x08004d26   0x08004d26   0x00000002   PAD
    0x08004d28   0x08004d28   0x00000028   Code   RO         5248    i.__0sprintf$1      mc_w.l(printf1.o)
    0x08004d50   0x08004d50   0x00000030   Code   RO         5522    i.__ARM_fpclassify  m_wm.l(fpclassify.o)
    0x08004d80   0x08004d80   0x00000020   Code   RO         2493    i.__NVIC_SetPriority  stm32f4xx_hal_cortex.o
    0x08004da0   0x08004da0   0x00000c50   Code   RO         5174    i.__hardfp_pow      m_wm.l(pow.o)
    0x080059f0   0x080059f0   0x000000f8   Code   RO         5524    i.__kernel_poly     m_wm.l(poly.o)
    0x08005ae8   0x08005ae8   0x00000030   Code   RO         5502    i.__mathlib_dbl_divzero  m_wm.l(dunder.o)
    0x08005b18   0x08005b18   0x00000014   Code   RO         5504    i.__mathlib_dbl_infnan2  m_wm.l(dunder.o)
    0x08005b2c   0x08005b2c   0x00000004   PAD
    0x08005b30   0x08005b30   0x00000020   Code   RO         5505    i.__mathlib_dbl_invalid  m_wm.l(dunder.o)
    0x08005b50   0x08005b50   0x00000020   Code   RO         5506    i.__mathlib_dbl_overflow  m_wm.l(dunder.o)
    0x08005b70   0x08005b70   0x00000020   Code   RO         5508    i.__mathlib_dbl_underflow  m_wm.l(dunder.o)
    0x08005b90   0x08005b90   0x0000000e   Code   RO         5598    i.__scatterload_copy  mc_w.l(handlers.o)
    0x08005b9e   0x08005b9e   0x00000002   Code   RO         5599    i.__scatterload_null  mc_w.l(handlers.o)
    0x08005ba0   0x08005ba0   0x0000000e   Code   RO         5600    i.__scatterload_zeroinit  mc_w.l(handlers.o)
    0x08005bae   0x08005bae   0x00000002   PAD
    0x08005bb0   0x08005bb0   0x0000000c   Code   RO         5570    i.__set_errno       mc_w.l(errno.o)
    0x08005bbc   0x08005bbc   0x00000154   Code   RO         5253    i._printf_core      mc_w.l(printf1.o)
    0x08005d10   0x08005d10   0x0000000a   Code   RO         5255    i._sputc            mc_w.l(printf1.o)
    0x08005d1a   0x08005d1a   0x00000018   Code   RO         5518    i.fabs              m_wm.l(fabs.o)
    0x08005d32   0x08005d32   0x00000002   PAD
    0x08005d34   0x08005d34   0x00000050   Code   RO         5462    i.free              mc_w.l(malloc.o)
    0x08005d84   0x08005d84   0x0000008c   Code   RO          295    i.ftoa              main.o
    0x08005e10   0x08005e10   0x0000003e   Code   RO          296    i.intToStr          main.o
    0x08005e4e   0x08005e4e   0x00000002   PAD
    0x08005e50   0x08005e50   0x00000188   Code   RO          297    i.main              main.o
    0x08005fd8   0x08005fd8   0x0000006c   Code   RO         5463    i.malloc            mc_w.l(malloc.o)
    0x08006044   0x08006044   0x0000001a   Code   RO          298    i.reverse           main.o
    0x0800605e   0x0800605e   0x0000006e   Code   RO         5529    i.sqrt              m_wm.l(sqrt.o)
    0x080060cc   0x080060cc   0x0000134c   Data   RO           12    .constdata          fonts.o
    0x08007418   0x08007418   0x00000010   Data   RO         4772    .constdata          system_stm32f4xx.o
    0x08007428   0x08007428   0x00000008   Data   RO         4773    .constdata          system_stm32f4xx.o
    0x08007430   0x08007430   0x00000088   Data   RO         5177    .constdata          m_wm.l(pow.o)
    0x080074b8   0x080074b8   0x00000008   Data   RO         5526    .constdata          m_wm.l(qnan.o)
    0x080074c0   0x080074c0   0x00000020   Data   RO         5596    Region$$Table       anon$$obj.o


    Execution Region RW_IRAM1 (Exec base: 0x20000000, Load base: 0x080074e0, Size: 0x00007b60, Max: 0x00030000, ABSOLUTE, COMPRESSED[0x000000c8])

    Exec Addr    Load Addr    Size         Type   Attr      Idx    E Section Name        Object

    0x20000000   COMPRESSED   0x00000008   Data   RW           15    .data               fonts.o
    0x20000008   COMPRESSED   0x00000010   Data   RW          301    .data               main.o
    0x20000018   COMPRESSED   0x0000001c   Data   RW          812    .data               usbd_desc.o
    0x20000034   COMPRESSED   0x00000032   Data   RW          813    .data               usbd_desc.o
    0x20000066   COMPRESSED   0x00000002   PAD
    0x20000068   COMPRESSED   0x00000010   Data   RW          896    .data               usbd_cdc_if.o
    0x20000078   COMPRESSED   0x0000000c   Data   RW         2639    .data               stm32f4xx_hal.o
    0x20000084   COMPRESSED   0x00000004   Data   RW         4774    .data               system_stm32f4xx.o
    0x20000088   COMPRESSED   0x00000001   Data   RW         4954    .data               usbd_ctlreq.o
    0x20000089   COMPRESSED   0x00000003   PAD
    0x2000008c   COMPRESSED   0x000000d7   Data   RW         5086    .data               usbd_cdc.o
    0x20000163   COMPRESSED   0x00000001   PAD
    0x20000164   COMPRESSED   0x00000038   Data   RW         5087    .data               usbd_cdc.o
    0x2000019c   COMPRESSED   0x00000004   Data   RW         5566    .data               mc_w.l(mvars.o)
    0x200001a0   COMPRESSED   0x00000004   Data   RW         5567    .data               mc_w.l(mvars.o)
    0x200001a4   COMPRESSED   0x00000004   Data   RW         5571    .data               mc_w.l(errno.o)
    0x200001a8        -       0x00000014   Zero   RW          299    .bss                main.o
    0x200001bc        -       0x00000048   Zero   RW          454    .bss                adc.o
    0x20000204        -       0x00000020   Zero   RW          496    .bss                rtc.o
    0x20000224        -       0x00000058   Zero   RW          538    .bss                spi.o
    0x2000027c        -       0x0000029c   Zero   RW          578    .bss                usb_device.o
    0x20000518        -       0x00000408   Zero   RW          637    .bss                usbd_conf.o
    0x20000920        -       0x00000200   Zero   RW          811    .bss                usbd_desc.o
    0x20000b20        -       0x00001000   Zero   RW          895    .bss                usbd_cdc_if.o
    0x20001b20        -       0x00000040   Zero   RW         1068    .bss                stm32f4xx_hal_timebase_tim.o
    0x20001b60        -       0x00002000   Zero   RW            2    HEAP                startup_stm32f429xx.o
    0x20003b60        -       0x00004000   Zero   RW            1    STACK               startup_stm32f429xx.o


==============================================================================

Image component sizes


      Code (inc. data)   RO Data    RW Data    ZI Data      Debug   Object Name

       140         26          0          0         72       1541   adc.o
         0          0       4940          8          0       5498   fonts.o
       240         22          0          0          0       1043   gpio.o
      1204        136          0          0          0     781595   ili9341.o
        16          6          0          0          0        957   ili9341_touch.o
       862        114          0         16         20      12863   main.o
       168         16          0          0         32       1551   rtc.o
       176         22          0          0         88       1665   spi.o
        36          8        428          0      24576        840   startup_stm32f429xx.o
       116         18          0         12          0       8886   stm32f4xx_hal.o
      1200         60          0          0          0       5949   stm32f4xx_hal_adc.o
       158         14          0          0          0      33178   stm32f4xx_hal_cortex.o
       502         60          0          0          0       3055   stm32f4xx_hal_gpio.o
        48          6          0          0          0        838   stm32f4xx_hal_msp.o
      2372         18          0          0          0      12945   stm32f4xx_hal_pcd.o
        78          0          0          0          0       2417   stm32f4xx_hal_pcd_ex.o
      1372         82          0          0          0       5798   stm32f4xx_hal_rcc.o
       596         36          0          0          0       1620   stm32f4xx_hal_rcc_ex.o
       742         18          0          0          0       5468   stm32f4xx_hal_rtc.o
       712          8          0          0          0       4450   stm32f4xx_hal_spi.o
       656         44          0          0          0       7284   stm32f4xx_hal_tim.o
         4          0          0          0          0       1609   stm32f4xx_hal_tim_ex.o
       116         16          0          0         64       1407   stm32f4xx_hal_timebase_tim.o
        48         12          0          0          0       5516   stm32f4xx_it.o
      2546        140          0          0          0      22875   stm32f4xx_ll_usb.o
        28          6         24          4          0       1143   system_stm32f4xx.o
        84         18          0          0        668        784   usb_device.o
       730         16          0        271          0      13558   usbd_cdc.o
       124         22          0         16       4096       3384   usbd_cdc_if.o
       630         26          0          0       1032      14980   usbd_conf.o
       696          0          0          0          0      12377   usbd_core.o
      1186         28          0          1          0       8148   usbd_ctlreq.o
       288        104          0         78        512       5957   usbd_desc.o
       132          0          0          0          0       4536   usbd_ioreq.o

    ----------------------------------------------------------------------
     18042       1102       5424        412      31160     995715   Object Totals
         0          0         32          0          0          0   (incl. Generated)
        36          0          0          6          0          0   (incl. Padding)

    ----------------------------------------------------------------------

      Code (inc. data)   RO Data    RW Data    ZI Data      Debug   Library Member Name

       164         44          0          0          0        620   dunder.o
        24          0          0          0          0        124   fabs.o
        48          0          0          0          0        124   fpclassify.o
       248          0          0          0          0        152   poly.o
      3152        296        136          0          0        352   pow.o
         0          0          8          0          0          0   qnan.o
       110          0          0          0          0        148   sqrt.o
        86          0          0          0          0          0   __dczerorl2.o
         0          0          0          0          0          0   entry.o
         0          0          0          0          0          0   entry10a.o
         0          0          0          0          0          0   entry11a.o
         4          0          0          0          0          0   entry12b.o
         8          4          0          0          0          0   entry2.o
         4          0          0          0          0          0   entry5.o
         0          0          0          0          0          0   entry7b.o
         0          0          0          0          0          0   entry8b.o
         8          4          0          0          0          0   entry9a.o
        12          6          0          4          0         68   errno.o
        30          0          0          0          0          0   handlers.o
        36          8          0          0          0         68   init.o
         0          0          0          0          0          0   iusefp.o
        30          0          0          0          0         68   llshl.o
        36          0          0          0          0         68   llsshr.o
        32          0          0          0          0         68   llushr.o
       188         20          0          0          0        160   malloc.o
        36          0          0          0          0         68   memcpya.o
        36          0          0          0          0        108   memseta.o
         0          0          0          8          0          0   mvars.o
       390         10          0          0          0        252   printf1.o
        14          0          0          0          0         68   strlen.o
        44          0          0          0          0         80   uidiv.o
        98          0          0          0          0         92   uldiv.o
        48          0          0          0          0         68   cdrcmple.o
        56          0          0          0          0         88   d2f.o
       334          0          0          0          0        148   dadd.o
       222          0          0          0          0        100   ddiv.o
       186          0          0          0          0        176   depilogue.o
        34          0          0          0          0         76   dflti.o
       228          0          0          0          0         96   dmul.o
        46          0          0          0          0         80   dscalb.o
       162          0          0          0          0        100   dsqrt.o
        38          0          0          0          0         68   f2d.o
       110          0          0          0          0        168   fepilogue.o

    ----------------------------------------------------------------------
      6310        392        144         12          0       3856   Library Totals
         8          0          0          0          0          0   (incl. Padding)

    ----------------------------------------------------------------------

      Code (inc. data)   RO Data    RW Data    ZI Data      Debug   Library Name

      3746        340        144          0          0       1520   m_wm.l
      1092         52          0         12          0       1168   mc_w.l
      1464          0          0          0          0       1168   mf_w.l

    ----------------------------------------------------------------------
      6310        392        144         12          0       3856   Library Totals

    ----------------------------------------------------------------------

==============================================================================


      Code (inc. data)   RO Data    RW Data    ZI Data      Debug   

     24352       1494       5568        424      31160     976759   Grand Totals
     24352       1494       5568        200      31160     976759   ELF Image Totals (compressed)
     24352       1494       5568        200          0          0   ROM Totals

==============================================================================

    Total RO  Size (Code + RO Data)                29920 (  29.22kB)
    Total RW  Size (RW Data + ZI Data)             31584 (  30.84kB)
    Total ROM Size (Code + RO Data + RW Data)      30120 (  29.41kB)

==============================================================================

