<html>
<body>
<pre>
<h1>µVision Build Log</h1>
<h2>Tool Versions:</h2>
IDE-Version: µVision V5.36.0.0
Copyright (C) 2021 ARM Ltd and ARM Germany GmbH. All rights reserved.
License Information: Affrin Pinhero, None, LIC=----
 
Tool Versions:
Toolchain:       MDK-Lite  Version: 5.36.0.0
Toolchain Path:  C:\Keil_v5\ARM\ARMCC\Bin
C Compiler:      Armcc.exe V5.06 update 7 (build 960)
Assembler:       Armasm.exe V5.06 update 7 (build 960)
Linker/Locator:  ArmLink.exe V5.06 update 7 (build 960)
Library Manager: ArmAr.exe V5.06 update 7 (build 960)
Hex Converter:   FromElf.exe V5.06 update 7 (build 960)
CPU DLL:         SARMCM3.DLL V5.36.0.0
Dialog DLL:      DCM.DLL V1.17.3.0
Target DLL:      STLink\ST-LINKIII-KEIL_SWO.dll V3.0.9.0
Dialog DLL:      TCM.DLL V1.53.0.0
 
<h2>Project:</h2>
D:\Programming\VCP_STm_LCD\vpcSTmCubeIde\MDK-ARM\vpcSTmCubeIde.uvprojx
Project File Date:  01/23/2022

<h2>Output:</h2>
*** Using Compiler 'V5.06 update 7 (build 960)', folder: 'C:\Keil_v5\ARM\ARMCC\Bin'
Rebuild target 'vpcSTmCubeIde'
assembling startup_stm32f429xx.s...
compiling fonts.c...
compiling ili9341.c...
../Inc/ili9341.h(68): warning:  #1295-D: Deprecated declaration ILI9341_Unselect - give arg types
  void ILI9341_Unselect();
..\Src\ili9341.c: 1 warning, 0 errors
compiling ili9341_touch.c...
../Inc/ili9341_touch.h(29): warning:  #1295-D: Deprecated declaration ILI9341_TouchUnselect - give arg types
  void ILI9341_TouchUnselect();
../Inc/ili9341_touch.h(31): warning:  #1295-D: Deprecated declaration ILI9341_TouchPressed - give arg types
  bool ILI9341_TouchPressed();
..\Src\ili9341_touch.c: 2 warnings, 0 errors
compiling main.c...
../Inc/ili9341.h(68): warning:  #1295-D: Deprecated declaration ILI9341_Unselect - give arg types
  void ILI9341_Unselect();
../Inc/ili9341_touch.h(29): warning:  #1295-D: Deprecated declaration ILI9341_TouchUnselect - give arg types
  void ILI9341_TouchUnselect();
../Inc/ili9341_touch.h(31): warning:  #1295-D: Deprecated declaration ILI9341_TouchPressed - give arg types
  bool ILI9341_TouchPressed();
../Src/main.c(198): warning:  #1035-D: single-precision operand implicitly converted to double-precision
  	  temp = ((voltage-0.76)/2.5)+25;
../Src/main.c: 4 warnings, 0 errors
compiling rtc.c...
compiling adc.c...
compiling gpio.c...
compiling spi.c...
compiling usb_device.c...
compiling usbd_conf.c...
compiling stm32f4xx_it.c...
compiling usbd_cdc_if.c...
compiling usbd_desc.c...
compiling stm32f4xx_hal_msp.c...
compiling stm32f4xx_hal_timebase_tim.c...
compiling stm32f4xx_hal_pcd.c...
compiling stm32f4xx_hal_pcd_ex.c...
compiling stm32f4xx_ll_usb.c...
compiling stm32f4xx_hal_rcc.c...
compiling stm32f4xx_hal_rcc_ex.c...
compiling stm32f4xx_hal_flash.c...
compiling stm32f4xx_hal_flash_ex.c...
compiling stm32f4xx_hal_flash_ramfunc.c...
compiling stm32f4xx_hal_gpio.c...
compiling stm32f4xx_hal_dma_ex.c...
compiling stm32f4xx_hal_dma.c...
compiling stm32f4xx_hal_pwr.c...
compiling stm32f4xx_hal_pwr_ex.c...
compiling stm32f4xx_hal_cortex.c...
compiling stm32f4xx_hal.c...
compiling stm32f4xx_hal_exti.c...
compiling stm32f4xx_hal_adc.c...
compiling stm32f4xx_hal_adc_ex.c...
compiling stm32f4xx_hal_rtc.c...
compiling stm32f4xx_hal_rtc_ex.c...
compiling stm32f4xx_hal_spi.c...
compiling stm32f4xx_hal_tim.c...
compiling stm32f4xx_hal_tim_ex.c...
compiling system_stm32f4xx.c...
compiling usbd_core.c...
compiling usbd_ioreq.c...
compiling usbd_ctlreq.c...
compiling usbd_cdc.c...
linking...
Program Size: Code=24352 RO-data=5568 RW-data=424 ZI-data=31160  
FromELF: creating hex file...
"vpcSTmCubeIde\vpcSTmCubeIde.axf" - 0 Error(s), 7 Warning(s).

<h2>Software Packages used:</h2>

Package Vendor: ARM
                http://www.keil.com/pack/ARM.CMSIS.5.8.0.pack
                ARM.CMSIS.5.8.0
                CMSIS (Common Microcontroller Software Interface Standard)
   * Component: CORE Version: 5.5.0

Package Vendor: Keil
                http://www.keil.com/pack/Keil.STM32F4xx_DFP.2.15.0.pack
                Keil.STM32F4xx_DFP.2.15.0
                STMicroelectronics STM32F4 Series Device Support, Drivers and Examples

<h2>Collection of Component include folders:</h2>
  .\RTE\_vpcSTmCubeIde
  C:\Users\affri\AppData\Local\Arm\Packs\ARM\CMSIS\5.8.0\CMSIS\Core\Include
  C:\Users\affri\AppData\Local\Arm\Packs\Keil\STM32F4xx_DFP\2.15.0\Drivers\CMSIS\Device\ST\STM32F4xx\Include

<h2>Collection of Component Files used:</h2>

   * Component: ARM::CMSIS:CORE:5.5.0
Build Time Elapsed:  00:03:23
</pre>
</body>
</html>
