Component: ARM Compiler 5.06 update 6 (build 750) Tool: armlink [4d35ed]

==============================================================================

Section Cross References

    startup_stm32f429xx.o(RESET) refers to startup_stm32f429xx.o(STACK) for __initial_sp
    startup_stm32f429xx.o(RESET) refers to startup_stm32f429xx.o(.text) for Reset_Handler
    startup_stm32f429xx.o(RESET) refers to stm32f4xx_it.o(i.NMI_Handler) for NMI_Handler
    startup_stm32f429xx.o(RESET) refers to stm32f4xx_it.o(i.HardFault_Handler) for HardFault_Handler
    startup_stm32f429xx.o(RESET) refers to stm32f4xx_it.o(i.MemManage_Handler) for MemManage_Handler
    startup_stm32f429xx.o(RESET) refers to stm32f4xx_it.o(i.BusFault_Handler) for BusFault_Handler
    startup_stm32f429xx.o(RESET) refers to stm32f4xx_it.o(i.UsageFault_Handler) for UsageFault_Handler
    startup_stm32f429xx.o(RESET) refers to stm32f4xx_it.o(i.SVC_Handler) for SVC_Handler
    startup_stm32f429xx.o(RESET) refers to stm32f4xx_it.o(i.DebugMon_Handler) for DebugMon_Handler
    startup_stm32f429xx.o(RESET) refers to stm32f4xx_it.o(i.PendSV_Handler) for PendSV_Handler
    startup_stm32f429xx.o(RESET) refers to stm32f4xx_it.o(i.SysTick_Handler) for SysTick_Handler
    startup_stm32f429xx.o(RESET) refers to stm32f4xx_it.o(i.OTG_HS_IRQHandler) for OTG_HS_IRQHandler
    startup_stm32f429xx.o(.text) refers to system_stm32f4xx.o(i.SystemInit) for SystemInit
    startup_stm32f429xx.o(.text) refers to entry.o(.ARM.Collect$$$$00000000) for __main
    main.o(i.SystemClock_Config) refers to memseta.o(.text) for __aeabi_memclr4
    main.o(i.SystemClock_Config) refers to stm32f4xx_hal_rcc.o(i.HAL_RCC_OscConfig) for HAL_RCC_OscConfig
    main.o(i.SystemClock_Config) refers to stm32f4xx_hal_rcc.o(i.HAL_RCC_ClockConfig) for HAL_RCC_ClockConfig
    main.o(i.main) refers to stm32f4xx_hal.o(i.HAL_Init) for HAL_Init
    main.o(i.main) refers to main.o(i.SystemClock_Config) for SystemClock_Config
    main.o(i.main) refers to gpio.o(i.MX_GPIO_Init) for MX_GPIO_Init
    main.o(i.main) refers to usb_device.o(i.MX_USB_DEVICE_Init) for MX_USB_DEVICE_Init
    main.o(i.main) refers to printf1.o(i.__0sprintf$1) for __2sprintf
    main.o(i.main) refers to strlen.o(.text) for strlen
    main.o(i.main) refers to usbd_cdc_if.o(i.CDC_Transmit_HS) for CDC_Transmit_HS
    main.o(i.main) refers to stm32f4xx_hal.o(i.HAL_Delay) for HAL_Delay
    usb_device.o(i.MX_USB_DEVICE_Init) refers to usbd_core.o(i.USBD_Init) for USBD_Init
    usb_device.o(i.MX_USB_DEVICE_Init) refers to main.o(i.Error_Handler) for Error_Handler
    usb_device.o(i.MX_USB_DEVICE_Init) refers to usbd_core.o(i.USBD_RegisterClass) for USBD_RegisterClass
    usb_device.o(i.MX_USB_DEVICE_Init) refers to usbd_cdc.o(i.USBD_CDC_RegisterInterface) for USBD_CDC_RegisterInterface
    usb_device.o(i.MX_USB_DEVICE_Init) refers to usbd_core.o(i.USBD_Start) for USBD_Start
    usb_device.o(i.MX_USB_DEVICE_Init) refers to usbd_desc.o(.data) for HS_Desc
    usb_device.o(i.MX_USB_DEVICE_Init) refers to usb_device.o(.bss) for .bss
    usb_device.o(i.MX_USB_DEVICE_Init) refers to usbd_cdc.o(.data) for USBD_CDC
    usb_device.o(i.MX_USB_DEVICE_Init) refers to usbd_cdc_if.o(.data) for USBD_Interface_fops_HS
    usbd_conf.o(i.HAL_PCD_ConnectCallback) refers to usbd_core.o(i.USBD_LL_DevConnected) for USBD_LL_DevConnected
    usbd_conf.o(i.HAL_PCD_DataInStageCallback) refers to usbd_core.o(i.USBD_LL_DataInStage) for USBD_LL_DataInStage
    usbd_conf.o(i.HAL_PCD_DataOutStageCallback) refers to usbd_core.o(i.USBD_LL_DataOutStage) for USBD_LL_DataOutStage
    usbd_conf.o(i.HAL_PCD_DisconnectCallback) refers to usbd_core.o(i.USBD_LL_DevDisconnected) for USBD_LL_DevDisconnected
    usbd_conf.o(i.HAL_PCD_ISOINIncompleteCallback) refers to usbd_core.o(i.USBD_LL_IsoINIncomplete) for USBD_LL_IsoINIncomplete
    usbd_conf.o(i.HAL_PCD_ISOOUTIncompleteCallback) refers to usbd_core.o(i.USBD_LL_IsoOUTIncomplete) for USBD_LL_IsoOUTIncomplete
    usbd_conf.o(i.HAL_PCD_MspDeInit) refers to stm32f4xx_hal_gpio.o(i.HAL_GPIO_DeInit) for HAL_GPIO_DeInit
    usbd_conf.o(i.HAL_PCD_MspDeInit) refers to stm32f4xx_hal_cortex.o(i.HAL_NVIC_DisableIRQ) for HAL_NVIC_DisableIRQ
    usbd_conf.o(i.HAL_PCD_MspInit) refers to memseta.o(.text) for __aeabi_memclr4
    usbd_conf.o(i.HAL_PCD_MspInit) refers to stm32f4xx_hal_gpio.o(i.HAL_GPIO_Init) for HAL_GPIO_Init
    usbd_conf.o(i.HAL_PCD_MspInit) refers to stm32f4xx_hal_cortex.o(i.HAL_NVIC_SetPriority) for HAL_NVIC_SetPriority
    usbd_conf.o(i.HAL_PCD_MspInit) refers to stm32f4xx_hal_cortex.o(i.HAL_NVIC_EnableIRQ) for HAL_NVIC_EnableIRQ
    usbd_conf.o(i.HAL_PCD_ResetCallback) refers to main.o(i.Error_Handler) for Error_Handler
    usbd_conf.o(i.HAL_PCD_ResetCallback) refers to usbd_core.o(i.USBD_LL_SetSpeed) for USBD_LL_SetSpeed
    usbd_conf.o(i.HAL_PCD_ResetCallback) refers to usbd_core.o(i.USBD_LL_Reset) for USBD_LL_Reset
    usbd_conf.o(i.HAL_PCD_ResumeCallback) refers to usbd_core.o(i.USBD_LL_Resume) for USBD_LL_Resume
[...]
    ..\Drivers\STM32F4xx_HAL_Driver\Src\stm32f4xx_hal_dma_ex.c 0x00000000   Number         0  stm32f4xx_hal_dma_ex.o ABSOLUTE
    ..\Drivers\STM32F4xx_HAL_Driver\Src\stm32f4xx_hal_exti.c 0x00000000   Number         0  stm32f4xx_hal_exti.o ABSOLUTE
    ..\Drivers\STM32F4xx_HAL_Driver\Src\stm32f4xx_hal_flash.c 0x00000000   Number         0  stm32f4xx_hal_flash.o ABSOLUTE
    ..\Drivers\STM32F4xx_HAL_Driver\Src\stm32f4xx_hal_flash_ex.c 0x00000000   Number         0  stm32f4xx_hal_flash_ex.o ABSOLUTE
    ..\Drivers\STM32F4xx_HAL_Driver\Src\stm32f4xx_hal_flash_ramfunc.c 0x00000000   Number         0  stm32f4xx_hal_flash_ramfunc.o ABSOLUTE
    ..\Drivers\STM32F4xx_HAL_Driver\Src\stm32f4xx_hal_gpio.c 0x00000000   Number         0  stm32f4xx_hal_gpio.o ABSOLUTE
    ..\Drivers\STM32F4xx_HAL_Driver\Src\stm32f4xx_hal_pcd.c 0x00000000   Number         0  stm32f4xx_hal_pcd.o ABSOLUTE
    ..\Drivers\STM32F4xx_HAL_Driver\Src\stm32f4xx_hal_pcd_ex.c 0x00000000   Number         0  stm32f4xx_hal_pcd_ex.o ABSOLUTE
    ..\Drivers\STM32F4xx_HAL_Driver\Src\stm32f4xx_hal_pwr.c 0x00000000   Number         0  stm32f4xx_hal_pwr.o ABSOLUTE
    ..\Drivers\STM32F4xx_HAL_Driver\Src\stm32f4xx_hal_pwr_ex.c 0x00000000   Number         0  stm32f4xx_hal_pwr_ex.o ABSOLUTE
    ..\Drivers\STM32F4xx_HAL_Driver\Src\stm32f4xx_hal_rcc.c 0x00000000   Number         0  stm32f4xx_hal_rcc.o ABSOLUTE
    ..\Drivers\STM32F4xx_HAL_Driver\Src\stm32f4xx_hal_rcc_ex.c 0x00000000   Number         0  stm32f4xx_hal_rcc_ex.o ABSOLUTE
    ..\Drivers\STM32F4xx_HAL_Driver\Src\stm32f4xx_hal_tim.c 0x00000000   Number         0  stm32f4xx_hal_tim.o ABSOLUTE
    ..\Drivers\STM32F4xx_HAL_Driver\Src\stm32f4xx_hal_tim_ex.c 0x00000000   Number         0  stm32f4xx_hal_tim_ex.o ABSOLUTE
    ..\Drivers\STM32F4xx_HAL_Driver\Src\stm32f4xx_ll_usb.c 0x00000000   Number         0  stm32f4xx_ll_usb.o ABSOLUTE
    ..\Middlewares\ST\STM32_USB_Device_Library\Class\CDC\Src\usbd_cdc.c 0x00000000   Number         0  usbd_cdc.o ABSOLUTE
    ..\Middlewares\ST\STM32_USB_Device_Library\Core\Src\usbd_core.c 0x00000000   Number         0  usbd_core.o ABSOLUTE
    ..\Middlewares\ST\STM32_USB_Device_Library\Core\Src\usbd_ctlreq.c 0x00000000   Number         0  usbd_ctlreq.o ABSOLUTE
    ..\Middlewares\ST\STM32_USB_Device_Library\Core\Src\usbd_ioreq.c 0x00000000   Number         0  usbd_ioreq.o ABSOLUTE
    ..\Src\gpio.c                            0x00000000   Number         0  gpio.o ABSOLUTE
    ..\Src\main.c                            0x00000000   Number         0  main.o ABSOLUTE
    ..\Src\stm32f4xx_hal_msp.c               0x00000000   Number         0  stm32f4xx_hal_msp.o ABSOLUTE
    ..\Src\stm32f4xx_it.c                    0x00000000   Number         0  stm32f4xx_it.o ABSOLUTE
    ..\Src\system_stm32f4xx.c                0x00000000   Number         0  system_stm32f4xx.o ABSOLUTE
    ..\Src\usb_device.c                      0x00000000   Number         0  usb_device.o ABSOLUTE
    ..\Src\usbd_cdc_if.c                     0x00000000   Number         0  usbd_cdc_if.o ABSOLUTE
    ..\Src\usbd_conf.c                       0x00000000   Number         0  usbd_conf.o ABSOLUTE
    ..\Src\usbd_desc.c                       0x00000000   Number         0  usbd_desc.o ABSOLUTE
    cdrcmple.s                               0x00000000   Number         0  cdrcmple.o ABSOLUTE
    dc.s                                     0x00000000   Number         0  dc.o ABSOLUTE
    handlers.s                               0x00000000   Number         0  handlers.o ABSOLUTE
    init.s                                   0x00000000   Number         0  init.o ABSOLUTE
    startup_stm32f429xx.s                    0x00000000   Number         0  startup_stm32f429xx.o ABSOLUTE
    RESET                                    0x08000000   Section      428  startup_stm32f429xx.o(RESET)
    .ARM.Collect$$$$00000000                 0x080001ac   Section        0  entry.o(.ARM.Collect$$$$00000000)
    .ARM.Collect$$$$00000001                 0x080001ac   Section        4  entry2.o(.ARM.Collect$$$$00000001)
    .ARM.Collect$$$$00000004                 0x080001b0   Section        4  entry5.o(.ARM.Collect$$$$00000004)
    .ARM.Collect$$$$00000008                 0x080001b4   Section        0  entry7b.o(.ARM.Collect$$$$00000008)
    .ARM.Collect$$$$0000000A                 0x080001b4   Section        0  entry8b.o(.ARM.Collect$$$$0000000A)
    .ARM.Collect$$$$0000000B                 0x080001b4   Section        8  entry9a.o(.ARM.Collect$$$$0000000B)
    .ARM.Collect$$$$0000000D                 0x080001bc   Section        0  entry10a.o(.ARM.Collect$$$$0000000D)
    .ARM.Collect$$$$0000000F                 0x080001bc   Section        0  entry11a.o(.ARM.Collect$$$$0000000F)
    .ARM.Collect$$$$00002712                 0x080001bc   Section        4  entry2.o(.ARM.Collect$$$$00002712)
    __lit__00000000                          0x080001bc   Data           4  entry2.o(.ARM.Collect$$$$00002712)
    .text                                    0x080001c0   Section       36  startup_stm32f429xx.o(.text)
    $v0                                      0x080001c0   Number         0  startup_stm32f429xx.o(.text)
    .text                                    0x080001e4   Section        0  uldiv.o(.text)
    .text                                    0x08000246   Section        0  memcpya.o(.text)
    .text                                    0x0800026a   Section        0  memseta.o(.text)
    .text                                    0x0800028e   Section        0  strlen.o(.text)
    .text                                    0x0800029c   Section        0  uidiv.o(.text)
    .text                                    0x080002c8   Section        0  llshl.o(.text)
    .text                                    0x080002e6   Section        0  llushr.o(.text)
    .text                                    0x08000308   Section       36  init.o(.text)
    .text                                    0x0800032c   Section        0  __dczerorl2.o(.text)
    i.BusFault_Handler                       0x08000382   Section        0  stm32f4xx_it.o(i.BusFault_Handler)
    i.CDC_Control_HS                         0x08000384   Section        0  usbd_cdc_if.o(i.CDC_Control_HS)
    CDC_Control_HS                           0x08000385   Thumb Code     4  usbd_cdc_if.o(i.CDC_Control_HS)
    i.CDC_DeInit_HS                          0x08000388   Section        0  usbd_cdc_if.o(i.CDC_DeInit_HS)
    CDC_DeInit_HS                            0x08000389   Thumb Code     4  usbd_cdc_if.o(i.CDC_DeInit_HS)
    i.CDC_Init_HS                            0x0800038c   Section        0  usbd_cdc_if.o(i.CDC_Init_HS)
    CDC_Init_HS                              0x0800038d   Thumb Code    24  usbd_cdc_if.o(i.CDC_Init_HS)
    i.CDC_Receive_HS                         0x080003b0   Section        0  usbd_cdc_if.o(i.CDC_Receive_HS)
    CDC_Receive_HS                           0x080003b1   Thumb Code    20  usbd_cdc_if.o(i.CDC_Receive_HS)
    i.CDC_Transmit_HS                        0x080003c8   Section        0  usbd_cdc_if.o(i.CDC_Transmit_HS)
    i.DebugMon_Handler                       0x080003f4   Section        0  stm32f4xx_it.o(i.DebugMon_Handler)
    i.Error_Handler                          0x080003f6   Section        0  main.o(i.Error_Handler)
    i.HAL_Delay                              0x080003f8   Section        0  stm32f4xx_hal.o(i.HAL_Delay)
    i.HAL_GPIO_Init                          0x0800041c   Section        0  stm32f4xx_hal_gpio.o(i.HAL_GPIO_Init)
    i.HAL_GetTick                            0x080005f0   Section        0  stm32f4xx_hal.o(i.HAL_GetTick)
    i.HAL_IncTick                            0x080005fc   Section        0  stm32f4xx_hal.o(i.HAL_IncTick)
    i.HAL_Init                               0x0800060c   Section        0  stm32f4xx_hal.o(i.HAL_Init)
    i.HAL_InitTick                           0x08000640   Section        0  stm32f4xx_hal.o(i.HAL_InitTick)
    i.HAL_MspInit                            0x08000680   Section        0  stm32f4xx_hal_msp.o(i.HAL_MspInit)
    i.HAL_NVIC_EnableIRQ                     0x080006b0   Section        0  stm32f4xx_hal_cortex.o(i.HAL_NVIC_EnableIRQ)
    i.HAL_NVIC_SetPriority                   0x080006cc   Section        0  stm32f4xx_hal_cortex.o(i.HAL_NVIC_SetPriority)
    i.HAL_NVIC_SetPriorityGrouping           0x0800070c   Section        0  stm32f4xx_hal_cortex.o(i.HAL_NVIC_SetPriorityGrouping)
    i.HAL_PCDEx_LPM_Callback                 0x08000730   Section        0  stm32f4xx_hal_pcd_ex.o(i.HAL_PCDEx_LPM_Callback)
    i.HAL_PCDEx_SetRxFiFo                    0x08000732   Section        0  stm32f4xx_hal_pcd_ex.o(i.HAL_PCDEx_SetRxFiFo)
    i.HAL_PCDEx_SetTxFiFo                    0x0800073a   Section        0  stm32f4xx_hal_pcd_ex.o(i.HAL_PCDEx_SetTxFiFo)
    i.HAL_PCD_ConnectCallback                0x0800077e   Section        0  usbd_conf.o(i.HAL_PCD_ConnectCallback)
    i.HAL_PCD_DataInStageCallback            0x08000786   Section        0  usbd_conf.o(i.HAL_PCD_DataInStageCallback)
    i.HAL_PCD_DataOutStageCallback           0x08000798   Section        0  usbd_conf.o(i.HAL_PCD_DataOutStageCallback)
    i.HAL_PCD_DisconnectCallback             0x080007ac   Section        0  usbd_conf.o(i.HAL_PCD_DisconnectCallback)
    i.HAL_PCD_EP_Close                       0x080007b4   Section        0  stm32f4xx_hal_pcd.o(i.HAL_PCD_EP_Close)
    i.HAL_PCD_EP_ClrStall                    0x08000800   Section        0  stm32f4xx_hal_pcd.o(i.HAL_PCD_EP_ClrStall)
    i.HAL_PCD_EP_GetRxCount                  0x0800085c   Section        0  stm32f4xx_hal_pcd.o(i.HAL_PCD_EP_GetRxCount)
    i.HAL_PCD_EP_Open                        0x0800086e   Section        0  stm32f4xx_hal_pcd.o(i.HAL_PCD_EP_Open)
    i.HAL_PCD_EP_Receive                     0x080008ce   Section        0  stm32f4xx_hal_pcd.o(i.HAL_PCD_EP_Receive)
    i.HAL_PCD_EP_SetStall                    0x08000916   Section        0  stm32f4xx_hal_pcd.o(i.HAL_PCD_EP_SetStall)
    i.HAL_PCD_EP_Transmit                    0x0800098a   Section        0  stm32f4xx_hal_pcd.o(i.HAL_PCD_EP_Transmit)
    i.HAL_PCD_IRQHandler                     0x080009cc   Section        0  stm32f4xx_hal_pcd.o(i.HAL_PCD_IRQHandler)
    i.HAL_PCD_ISOINIncompleteCallback        0x08000e30   Section        0  usbd_conf.o(i.HAL_PCD_ISOINIncompleteCallback)
    i.HAL_PCD_ISOOUTIncompleteCallback       0x08000e38   Section        0  usbd_conf.o(i.HAL_PCD_ISOOUTIncompleteCallback)
    i.HAL_PCD_Init                           0x08000e40   Section        0  stm32f4xx_hal_pcd.o(i.HAL_PCD_Init)
    i.HAL_PCD_MspInit                        0x08000f24   Section        0  usbd_conf.o(i.HAL_PCD_MspInit)
    i.HAL_PCD_ResetCallback                  0x08000f9c   Section        0  usbd_conf.o(i.HAL_PCD_ResetCallback)
    i.HAL_PCD_ResumeCallback                 0x08000fc8   Section        0  usbd_conf.o(i.HAL_PCD_ResumeCallback)
    i.HAL_PCD_SOFCallback                    0x08000fd0   Section        0  usbd_conf.o(i.HAL_PCD_SOFCallback)
    i.HAL_PCD_SetAddress                     0x08000fd8   Section        0  stm32f4xx_hal_pcd.o(i.HAL_PCD_SetAddress)
    i.HAL_PCD_SetupStageCallback             0x08001000   Section        0  usbd_conf.o(i.HAL_PCD_SetupStageCallback)
    i.HAL_PCD_Start                          0x0800100e   Section        0  stm32f4xx_hal_pcd.o(i.HAL_PCD_Start)
    i.HAL_PCD_SuspendCallback                0x08001050   Section        0  usbd_conf.o(i.HAL_PCD_SuspendCallback)
    i.HAL_RCC_ClockConfig                    0x08001080   Section        0  stm32f4xx_hal_rcc.o(i.HAL_RCC_ClockConfig)
    i.HAL_RCC_GetHCLKFreq                    0x080011b4   Section        0  stm32f4xx_hal_rcc.o(i.HAL_RCC_GetHCLKFreq)
    i.HAL_RCC_GetSysClockFreq                0x080011c0   Section        0  stm32f4xx_hal_rcc.o(i.HAL_RCC_GetSysClockFreq)
    i.HAL_RCC_OscConfig                      0x08001220   Section        0  stm32f4xx_hal_rcc.o(i.HAL_RCC_OscConfig)
    i.HAL_SYSTICK_Config                     0x0800157c   Section        0  stm32f4xx_hal_cortex.o(i.HAL_SYSTICK_Config)
    i.HardFault_Handler                      0x080015a4   Section        0  stm32f4xx_it.o(i.HardFault_Handler)
    i.IntToUnicode                           0x080015a8   Section        0  usbd_desc.o(i.IntToUnicode)
    IntToUnicode                             0x080015a9   Thumb Code    56  usbd_desc.o(i.IntToUnicode)
    i.MX_GPIO_Init                           0x080015e0   Section        0  gpio.o(i.MX_GPIO_Init)
    i.MX_USB_DEVICE_Init                     0x0800161c   Section        0  usb_device.o(i.MX_USB_DEVICE_Init)
    i.MemManage_Handler                      0x08001670   Section        0  stm32f4xx_it.o(i.MemManage_Handler)
    i.NMI_Handler                            0x08001672   Section        0  stm32f4xx_it.o(i.NMI_Handler)
    i.OTG_HS_IRQHandler                      0x08001674   Section        0  stm32f4xx_it.o(i.OTG_HS_IRQHandler)
    i.PCD_EP_OutXfrComplete_int              0x08001680   Section        0  stm32f4xx_hal_pcd.o(i.PCD_EP_OutXfrComplete_int)
    PCD_EP_OutXfrComplete_int                0x08001681   Thumb Code   212  stm32f4xx_hal_pcd.o(i.PCD_EP_OutXfrComplete_int)
    i.PCD_WriteEmptyTxFifo                   0x0800175c   Section        0  stm32f4xx_hal_pcd.o(i.PCD_WriteEmptyTxFifo)
    PCD_WriteEmptyTxFifo                     0x0800175d   Thumb Code   162  stm32f4xx_hal_pcd.o(i.PCD_WriteEmptyTxFifo)
    i.PendSV_Handler                         0x080017fe   Section        0  stm32f4xx_it.o(i.PendSV_Handler)
    i.SVC_Handler                            0x08001800   Section        0  stm32f4xx_it.o(i.SVC_Handler)
    i.SysTick_Handler                        0x08001802   Section        0  stm32f4xx_it.o(i.SysTick_Handler)
    i.SystemClock_Config                     0x08001808   Section        0  main.o(i.SystemClock_Config)
    i.SystemInit                             0x0800188c   Section        0  system_stm32f4xx.o(i.SystemInit)
    i.USBD_CDC_DataIn                        0x080018a8   Section        0  usbd_cdc.o(i.USBD_CDC_DataIn)
    USBD_CDC_DataIn                          0x080018a9   Thumb Code    74  usbd_cdc.o(i.USBD_CDC_DataIn)
    i.USBD_CDC_DataOut                       0x080018f2   Section        0  usbd_cdc.o(i.USBD_CDC_DataOut)
    USBD_CDC_DataOut                         0x080018f3   Thumb Code    46  usbd_cdc.o(i.USBD_CDC_DataOut)
    i.USBD_CDC_DeInit                        0x08001920   Section        0  usbd_cdc.o(i.USBD_CDC_DeInit)
    USBD_CDC_DeInit                          0x08001921   Thumb Code    68  usbd_cdc.o(i.USBD_CDC_DeInit)
    i.USBD_CDC_EP0_RxReady                   0x08001964   Section        0  usbd_cdc.o(i.USBD_CDC_EP0_RxReady)
    USBD_CDC_EP0_RxReady                     0x08001965   Thumb Code    36  usbd_cdc.o(i.USBD_CDC_EP0_RxReady)
    i.USBD_CDC_GetDeviceQualifierDescriptor  0x08001988   Section        0  usbd_cdc.o(i.USBD_CDC_GetDeviceQualifierDescriptor)
    i.USBD_CDC_GetFSCfgDesc                  0x08001994   Section        0  usbd_cdc.o(i.USBD_CDC_GetFSCfgDesc)
    USBD_CDC_GetFSCfgDesc                    0x08001995   Thumb Code     8  usbd_cdc.o(i.USBD_CDC_GetFSCfgDesc)
    i.USBD_CDC_GetHSCfgDesc                  0x080019a0   Section        0  usbd_cdc.o(i.USBD_CDC_GetHSCfgDesc)
    USBD_CDC_GetHSCfgDesc                    0x080019a1   Thumb Code     8  usbd_cdc.o(i.USBD_CDC_GetHSCfgDesc)
    i.USBD_CDC_GetOtherSpeedCfgDesc          0x080019ac   Section        0  usbd_cdc.o(i.USBD_CDC_GetOtherSpeedCfgDesc)
    USBD_CDC_GetOtherSpeedCfgDesc            0x080019ad   Thumb Code     8  usbd_cdc.o(i.USBD_CDC_GetOtherSpeedCfgDesc)
    i.USBD_CDC_Init                          0x080019b8   Section        0  usbd_cdc.o(i.USBD_CDC_Init)
    USBD_CDC_Init                            0x080019b9   Thumb Code   148  usbd_cdc.o(i.USBD_CDC_Init)
    i.USBD_CDC_ReceivePacket                 0x08001a4c   Section        0  usbd_cdc.o(i.USBD_CDC_ReceivePacket)
    i.USBD_CDC_RegisterInterface             0x08001a74   Section        0  usbd_cdc.o(i.USBD_CDC_RegisterInterface)
    i.USBD_CDC_SetRxBuffer                   0x08001a84   Section        0  usbd_cdc.o(i.USBD_CDC_SetRxBuffer)
    i.USBD_CDC_SetTxBuffer                   0x08001a90   Section        0  usbd_cdc.o(i.USBD_CDC_SetTxBuffer)
    i.USBD_CDC_Setup                         0x08001aa0   Section        0  usbd_cdc.o(i.USBD_CDC_Setup)
    USBD_CDC_Setup                           0x08001aa1   Thumb Code   172  usbd_cdc.o(i.USBD_CDC_Setup)
    i.USBD_CDC_TransmitPacket                0x08001b4c   Section        0  usbd_cdc.o(i.USBD_CDC_TransmitPacket)
    i.USBD_ClrClassConfig                    0x08001b82   Section        0  usbd_core.o(i.USBD_ClrClassConfig)
    i.USBD_CtlContinueRx                     0x08001b90   Section        0  usbd_ioreq.o(i.USBD_CtlContinueRx)
    i.USBD_CtlContinueSendData               0x08001ba0   Section        0  usbd_ioreq.o(i.USBD_CtlContinueSendData)
    i.USBD_CtlError                          0x08001bb0   Section        0  usbd_ctlreq.o(i.USBD_CtlError)
    i.USBD_CtlPrepareRx                      0x08001bc6   Section        0  usbd_ioreq.o(i.USBD_CtlPrepareRx)
    i.USBD_CtlReceiveStatus                  0x08001be4   Section        0  usbd_ioreq.o(i.USBD_CtlReceiveStatus)
    i.USBD_CtlSendData                       0x08001bfa   Section        0  usbd_ioreq.o(i.USBD_CtlSendData)
    i.USBD_CtlSendStatus                     0x08001c14   Section        0  usbd_ioreq.o(i.USBD_CtlSendStatus)
    i.USBD_GetDescriptor                     0x08001c2a   Section        0  usbd_ctlreq.o(i.USBD_GetDescriptor)
    USBD_GetDescriptor                       0x08001c2b   Thumb Code   232  usbd_ctlreq.o(i.USBD_GetDescriptor)
    i.USBD_GetString                         0x08001d12   Section        0  usbd_ctlreq.o(i.USBD_GetString)
    i.USBD_Get_USB_Status                    0x08001d5a   Section        0  usbd_conf.o(i.USBD_Get_USB_Status)
    i.USBD_HS_ConfigStrDescriptor            0x08001d74   Section        0  usbd_desc.o(i.USBD_HS_ConfigStrDescriptor)
    i.USBD_HS_DeviceDescriptor               0x08001d94   Section        0  usbd_desc.o(i.USBD_HS_DeviceDescriptor)
    i.USBD_HS_InterfaceStrDescriptor         0x08001da0   Section        0  usbd_desc.o(i.USBD_HS_InterfaceStrDescriptor)
    i.USBD_HS_LangIDStrDescriptor            0x08001dc4   Section        0  usbd_desc.o(i.USBD_HS_LangIDStrDescriptor)
    i.USBD_HS_ManufacturerStrDescriptor      0x08001dd0   Section        0  usbd_desc.o(i.USBD_HS_ManufacturerStrDescriptor)
    i.USBD_HS_ProductStrDescriptor           0x08001df8   Section        0  usbd_desc.o(i.USBD_HS_ProductStrDescriptor)
    i.USBD_HS_SerialStrDescriptor            0x08001e24   Section        0  usbd_desc.o(i.USBD_HS_SerialStrDescriptor)
    i.USBD_Init                              0x08001e5c   Section        0  usbd_core.o(i.USBD_Init)
    i.USBD_LL_ClearStallEP                   0x08001e86   Section        0  usbd_conf.o(i.USBD_LL_ClearStallEP)
    i.USBD_LL_CloseEP                        0x08001e98   Section        0  usbd_conf.o(i.USBD_LL_CloseEP)
    i.USBD_LL_DataInStage                    0x08001eaa   Section        0  usbd_core.o(i.USBD_LL_DataInStage)
    i.USBD_LL_DataOutStage                   0x08001f70   Section        0  usbd_core.o(i.USBD_LL_DataOutStage)
    i.USBD_LL_DevConnected                   0x08001ff2   Section        0  usbd_core.o(i.USBD_LL_DevConnected)
    i.USBD_LL_DevDisconnected                0x08001ff6   Section        0  usbd_core.o(i.USBD_LL_DevDisconnected)
    i.USBD_LL_GetRxDataSize                  0x0800200c   Section        0  usbd_conf.o(i.USBD_LL_GetRxDataSize)
    i.USBD_LL_Init                           0x08002014   Section        0  usbd_conf.o(i.USBD_LL_Init)
    i.USBD_LL_IsStallEP                      0x0800207c   Section        0  usbd_conf.o(i.USBD_LL_IsStallEP)
    i.USBD_LL_IsoINIncomplete                0x0800209c   Section        0  usbd_core.o(i.USBD_LL_IsoINIncomplete)
    i.USBD_LL_IsoOUTIncomplete               0x080020a0   Section        0  usbd_core.o(i.USBD_LL_IsoOUTIncomplete)
    i.USBD_LL_OpenEP                         0x080020a4   Section        0  usbd_conf.o(i.USBD_LL_OpenEP)
    i.USBD_LL_PrepareReceive                 0x080020bc   Section        0  usbd_conf.o(i.USBD_LL_PrepareReceive)
    i.USBD_LL_Reset                          0x080020ce   Section        0  usbd_core.o(i.USBD_LL_Reset)
    i.USBD_LL_Resume                         0x0800211e   Section        0  usbd_core.o(i.USBD_LL_Resume)
    i.USBD_LL_SOF                            0x0800212a   Section        0  usbd_core.o(i.USBD_LL_SOF)
    i.USBD_LL_SetSpeed                       0x08002142   Section        0  usbd_core.o(i.USBD_LL_SetSpeed)
    i.USBD_LL_SetUSBAddress                  0x08002148   Section        0  usbd_conf.o(i.USBD_LL_SetUSBAddress)
    i.USBD_LL_SetupStage                     0x0800215a   Section        0  usbd_core.o(i.USBD_LL_SetupStage)
    i.USBD_LL_StallEP                        0x080021b4   Section        0  usbd_conf.o(i.USBD_LL_StallEP)
    i.USBD_LL_Start                          0x080021c6   Section        0  usbd_conf.o(i.USBD_LL_Start)
    i.USBD_LL_Suspend                        0x080021d8   Section        0  usbd_core.o(i.USBD_LL_Suspend)
    i.USBD_LL_Transmit                       0x080021ea   Section        0  usbd_conf.o(i.USBD_LL_Transmit)
    i.USBD_ParseSetupRequest                 0x080021fc   Section        0  usbd_ctlreq.o(i.USBD_ParseSetupRequest)
    i.USBD_RegisterClass                     0x08002224   Section        0  usbd_core.o(i.USBD_RegisterClass)
    i.USBD_SetClassConfig                    0x08002234   Section        0  usbd_core.o(i.USBD_SetClassConfig)
    i.USBD_SetConfig                         0x0800224c   Section        0  usbd_ctlreq.o(i.USBD_SetConfig)
    USBD_SetConfig                           0x0800224d   Thumb Code   128  usbd_ctlreq.o(i.USBD_SetConfig)
    i.USBD_Start                             0x080022d0   Section        0  usbd_core.o(i.USBD_Start)
    i.USBD_StdDevReq                         0x080022da   Section        0  usbd_ctlreq.o(i.USBD_StdDevReq)
    i.USBD_StdEPReq                          0x080023ec   Section        0  usbd_ctlreq.o(i.USBD_StdEPReq)
    i.USBD_StdItfReq                         0x0800253c   Section        0  usbd_ctlreq.o(i.USBD_StdItfReq)
    i.USB_ActivateEndpoint                   0x0800258c   Section        0  stm32f4xx_ll_usb.o(i.USB_ActivateEndpoint)
    i.USB_ActivateSetup                      0x0800260c   Section        0  stm32f4xx_ll_usb.o(i.USB_ActivateSetup)
    i.USB_CoreInit                           0x08002640   Section        0  stm32f4xx_ll_usb.o(i.USB_CoreInit)
    i.USB_CoreReset                          0x080026b4   Section        0  stm32f4xx_ll_usb.o(i.USB_CoreReset)
    USB_CoreReset                            0x080026b5   Thumb Code    50  stm32f4xx_ll_usb.o(i.USB_CoreReset)
    i.USB_DeactivateEndpoint                 0x080026ec   Section        0  stm32f4xx_ll_usb.o(i.USB_DeactivateEndpoint)
    i.USB_DevConnect                         0x0800276c   Section        0  stm32f4xx_ll_usb.o(i.USB_DevConnect)
    i.USB_DevDisconnect                      0x08002784   Section        0  stm32f4xx_ll_usb.o(i.USB_DevDisconnect)
    i.USB_DevInit                            0x0800279c   Section        0  stm32f4xx_ll_usb.o(i.USB_DevInit)
    i.USB_DisableGlobalInt                   0x08002928   Section        0  stm32f4xx_ll_usb.o(i.USB_DisableGlobalInt)
    i.USB_EP0StartXfer                       0x08002934   Section        0  stm32f4xx_ll_usb.o(i.USB_EP0StartXfer)
    i.USB_EP0_OutStart                       0x08002a4c   Section        0  stm32f4xx_ll_usb.o(i.USB_EP0_OutStart)
    i.USB_EPClearStall                       0x08002aa4   Section        0  stm32f4xx_ll_usb.o(i.USB_EPClearStall)
    i.USB_EPSetStall                         0x08002afc   Section        0  stm32f4xx_ll_usb.o(i.USB_EPSetStall)
    i.USB_EPStartXfer                        0x08002b54   Section        0  stm32f4xx_ll_usb.o(i.USB_EPStartXfer)
    i.USB_EnableGlobalInt                    0x08002d3c   Section        0  stm32f4xx_ll_usb.o(i.USB_EnableGlobalInt)
    i.USB_FlushRxFifo                        0x08002d48   Section        0  stm32f4xx_ll_usb.o(i.USB_FlushRxFifo)
    i.USB_FlushTxFifo                        0x08002d68   Section        0  stm32f4xx_ll_usb.o(i.USB_FlushTxFifo)
    i.USB_GetDevSpeed                        0x08002d8c   Section        0  stm32f4xx_ll_usb.o(i.USB_GetDevSpeed)
    i.USB_GetMode                            0x08002da6   Section        0  stm32f4xx_ll_usb.o(i.USB_GetMode)
    i.USB_ReadDevAllInEpInterrupt            0x08002dae   Section        0  stm32f4xx_ll_usb.o(i.USB_ReadDevAllInEpInterrupt)
    i.USB_ReadDevAllOutEpInterrupt           0x08002dbc   Section        0  stm32f4xx_ll_usb.o(i.USB_ReadDevAllOutEpInterrupt)
    i.USB_ReadDevInEPInterrupt               0x08002dca   Section        0  stm32f4xx_ll_usb.o(i.USB_ReadDevInEPInterrupt)
    i.USB_ReadDevOutEPInterrupt              0x08002dee   Section        0  stm32f4xx_ll_usb.o(i.USB_ReadDevOutEPInterrupt)
    i.USB_ReadInterrupts                     0x08002dfe   Section        0  stm32f4xx_ll_usb.o(i.USB_ReadInterrupts)
    i.USB_ReadPacket                         0x08002e06   Section        0  stm32f4xx_ll_usb.o(i.USB_ReadPacket)
    i.USB_SetCurrentMode                     0x08002e22   Section        0  stm32f4xx_ll_usb.o(i.USB_SetCurrentMode)
    i.USB_SetDevAddress                      0x08002e50   Section        0  stm32f4xx_ll_usb.o(i.USB_SetDevAddress)
    i.USB_SetTurnaroundTime                  0x08002e74   Section        0  stm32f4xx_ll_usb.o(i.USB_SetTurnaroundTime)
    i.USB_WritePacket                        0x08002f5c   Section        0  stm32f4xx_ll_usb.o(i.USB_WritePacket)
    i.UsageFault_Handler                     0x08002f80   Section        0  stm32f4xx_it.o(i.UsageFault_Handler)
    i.__0sprintf$1                           0x08002f84   Section        0  printf1.o(i.__0sprintf$1)
    i.__NVIC_SetPriority                     0x08002fac   Section        0  stm32f4xx_hal_cortex.o(i.__NVIC_SetPriority)
    __NVIC_SetPriority                       0x08002fad   Thumb Code    32  stm32f4xx_hal_cortex.o(i.__NVIC_SetPriority)
    i.__scatterload_copy                     0x08002fcc   Section       14  handlers.o(i.__scatterload_copy)
    i.__scatterload_null                     0x08002fda   Section        2  handlers.o(i.__scatterload_null)
    i.__scatterload_zeroinit                 0x08002fdc   Section       14  handlers.o(i.__scatterload_zeroinit)
    i._printf_core                           0x08002fec   Section        0  printf1.o(i._printf_core)
    _printf_core                             0x08002fed   Thumb Code   336  printf1.o(i._printf_core)
    i._sputc                                 0x08003140   Section        0  printf1.o(i._sputc)
    _sputc                                   0x08003141   Thumb Code    10  printf1.o(i._sputc)
    i.free                                   0x0800314c   Section        0  malloc.o(i.free)
    i.main                                   0x0800319c   Section        0  main.o(i.main)
    i.malloc                                 0x080031e0   Section        0  malloc.o(i.malloc)
    .constdata                               0x0800324c   Section       16  system_stm32f4xx.o(.constdata)
    .data                                    0x20000000   Section       28  usbd_desc.o(.data)
    .data                                    0x2000001c   Section       50  usbd_desc.o(.data)
    .data                                    0x20000050   Section       16  usbd_cdc_if.o(.data)
    .data                                    0x20000060   Section       12  stm32f4xx_hal.o(.data)
    .data                                    0x2000006c   Section        4  system_stm32f4xx.o(.data)
    .data                                    0x20000070   Section        1  usbd_ctlreq.o(.data)
    cfgidx                                   0x20000070   Data           1  usbd_ctlreq.o(.data)
    .data                                    0x20000074   Section      215  usbd_cdc.o(.data)
    USBD_CDC_DeviceQualifierDesc             0x20000074   Data          10  usbd_cdc.o(.data)
    .data                                    0x2000014c   Section       56  usbd_cdc.o(.data)
    .data                                    0x20000184   Section        4  mvars.o(.data)
    .data                                    0x20000188   Section        4  mvars.o(.data)
    .bss                                     0x2000018c   Section      668  usb_device.o(.bss)
    .bss                                     0x20000428   Section     1032  usbd_conf.o(.bss)
    .bss                                     0x20000830   Section      512  usbd_desc.o(.bss)
    .bss                                     0x20000a30   Section     4096  usbd_cdc_if.o(.bss)
    HEAP                                     0x20001a30   Section     8192  startup_stm32f429xx.o(HEAP)
    STACK                                    0x20003a30   Section    16384  startup_stm32f429xx.o(STACK)

    Global Symbols

    Symbol Name                              Value     Ov Type        Size  Object(Section)

    BuildAttributes$$THM_ISAv4$E$P$D$K$B$S$7EM$VFPi3$EXTD16$VFPS$VFMA$PE$A:L22UL41UL21$X:L11$S22US41US21$IEEE1$IW$USESV6$~STKCKD$USESV7$~SHL$OSPACE$ROPI$EBA8$MICROLIB$REQ8$PRES8$EABIv2 0x00000000   Number         0  anon$$obj.o ABSOLUTE
    __ARM_use_no_argv                        0x00000000   Number         0  main.o ABSOLUTE
    _printf_a                                0x00000000   Number         0  stubs.o ABSOLUTE
    _printf_c                                0x00000000   Number         0  stubs.o ABSOLUTE
    _printf_charcount                        0x00000000   Number         0  stubs.o ABSOLUTE
    _printf_d                                0x00000000   Number         0  stubs.o ABSOLUTE
    _printf_e                                0x00000000   Number         0  stubs.o ABSOLUTE
    _printf_f                                0x00000000   Number         0  stubs.o ABSOLUTE
    _printf_flags                            0x00000000   Number         0  stubs.o ABSOLUTE
    _printf_fp_dec                           0x00000000   Number         0  stubs.o ABSOLUTE
    _printf_fp_hex                           0x00000000   Number         0  stubs.o ABSOLUTE
    _printf_g                                0x00000000   Number         0  stubs.o ABSOLUTE
    _printf_i                                0x00000000   Number         0  stubs.o ABSOLUTE
    _printf_int_dec                          0x00000000   Number         0  stubs.o ABSOLUTE
    _printf_l                                0x00000000   Number         0  stubs.o ABSOLUTE
    _printf_lc                               0x00000000   Number         0  stubs.o ABSOLUTE
    _printf_ll                               0x00000000   Number         0  stubs.o ABSOLUTE
    _printf_lld                              0x00000000   Number         0  stubs.o ABSOLUTE
    _printf_lli                              0x00000000   Number         0  stubs.o ABSOLUTE
    _printf_llo                              0x00000000   Number         0  stubs.o ABSOLUTE
    _printf_llu                              0x00000000   Number         0  stubs.o ABSOLUTE
    _printf_llx                              0x00000000   Number         0  stubs.o ABSOLUTE
    _printf_longlong_dec                     0x00000000   Number         0  stubs.o ABSOLUTE
    _printf_longlong_hex                     0x00000000   Number         0  stubs.o ABSOLUTE
    _printf_longlong_oct                     0x00000000   Number         0  stubs.o ABSOLUTE
    _printf_ls                               0x00000000   Number         0  stubs.o ABSOLUTE
    _printf_mbtowc                           0x00000000   Number         0  stubs.o ABSOLUTE
    _printf_n                                0x00000000   Number         0  stubs.o ABSOLUTE
    _printf_o                                0x00000000   Number         0  stubs.o ABSOLUTE
    _printf_p                                0x00000000   Number         0  stubs.o ABSOLUTE
    _printf_percent                          0x00000000   Number         0  stubs.o ABSOLUTE
    _printf_pre_padding                      0x00000000   Number         0  stubs.o ABSOLUTE
    _printf_return_value                     0x00000000   Number         0  stubs.o ABSOLUTE
    _printf_s                                0x00000000   Number         0  stubs.o ABSOLUTE
    _printf_sizespec                         0x00000000   Number         0  stubs.o ABSOLUTE
    _printf_str                              0x00000000   Number         0  stubs.o ABSOLUTE
    _printf_truncate_signed                  0x00000000   Number         0  stubs.o ABSOLUTE
    _printf_truncate_unsigned                0x00000000   Number         0  stubs.o ABSOLUTE
    _printf_u                                0x00000000   Number         0  stubs.o ABSOLUTE
    _printf_wc                               0x00000000   Number         0  stubs.o ABSOLUTE
    _printf_wctomb                           0x00000000   Number         0  stubs.o ABSOLUTE
    _printf_widthprec                        0x00000000   Number         0  stubs.o ABSOLUTE
    _printf_x                                0x00000000   Number         0  stubs.o ABSOLUTE
    __cpp_initialize__aeabi_                  - Undefined Weak Reference
    __cxa_finalize                            - Undefined Weak Reference
    _clock_init                               - Undefined Weak Reference
    _microlib_exit                            - Undefined Weak Reference
    __Vectors_Size                           0x000001ac   Number         0  startup_stm32f429xx.o ABSOLUTE
    __Vectors                                0x08000000   Data           4  startup_stm32f429xx.o(RESET)
    __Vectors_End                            0x080001ac   Data           0  startup_stm32f429xx.o(RESET)
    __main                                   0x080001ad   Thumb Code     0  entry.o(.ARM.Collect$$$$00000000)
    _main_stk                                0x080001ad   Thumb Code     0  entry2.o(.ARM.Collect$$$$00000001)
    _main_scatterload                        0x080001b1   Thumb Code     0  entry5.o(.ARM.Collect$$$$00000004)
    __main_after_scatterload                 0x080001b5   Thumb Code     0  entry5.o(.ARM.Collect$$$$00000004)
    _main_clock                              0x080001b5   Thumb Code     0  entry7b.o(.ARM.Collect$$$$00000008)
    _main_cpp_init                           0x080001b5   Thumb Code     0  entry8b.o(.ARM.Collect$$$$0000000A)
    _main_init                               0x080001b5   Thumb Code     0  entry9a.o(.ARM.Collect$$$$0000000B)
    __rt_final_cpp                           0x080001bd   Thumb Code     0  entry10a.o(.ARM.Collect$$$$0000000D)
    __rt_final_exit                          0x080001bd   Thumb Code     0  entry11a.o(.ARM.Collect$$$$0000000F)
    Reset_Handler                            0x080001c1   Thumb Code     8  startup_stm32f429xx.o(.text)
    ADC_IRQHandler                           0x080001db   Thumb Code     0  startup_stm32f429xx.o(.text)
    CAN1_RX0_IRQHandler                      0x080001db   Thumb Code     0  startup_stm32f429xx.o(.text)
    CAN1_RX1_IRQHandler                      0x080001db   Thumb Code     0  startup_stm32f429xx.o(.text)
    CAN1_SCE_IRQHandler                      0x080001db   Thumb Code     0  startup_stm32f429xx.o(.text)
    CAN1_TX_IRQHandler                       0x080001db   Thumb Code     0  startup_stm32f429xx.o(.text)
    CAN2_RX0_IRQHandler                      0x080001db   Thumb Code     0  startup_stm32f429xx.o(.text)
    CAN2_RX1_IRQHandler                      0x080001db   Thumb Code     0  startup_stm32f429xx.o(.text)
    CAN2_SCE_IRQHandler                      0x080001db   Thumb Code     0  startup_stm32f429xx.o(.text)
    CAN2_TX_IRQHandler                       0x080001db   Thumb Code     0  startup_stm32f429xx.o(.text)
    DCMI_IRQHandler                          0x080001db   Thumb Code     0  startup_stm32f429xx.o(.text)
    DMA1_Stream0_IRQHandler                  0x080001db   Thumb Code     0  startup_stm32f429xx.o(.text)
    DMA1_Stream1_IRQHandler                  0x080001db   Thumb Code     0  startup_stm32f429xx.o(.text)
    DMA1_Stream2_IRQHandler                  0x080001db   Thumb Code     0  startup_stm32f429xx.o(.text)
    DMA1_Stream3_IRQHandler                  0x080001db   Thumb Code     0  startup_stm32f429xx.o(.text)
    DMA1_Stream4_IRQHandler                  0x080001db   Thumb Code     0  startup_stm32f429xx.o(.text)
    DMA1_Stream5_IRQHandler                  0x080001db   Thumb Code     0  startup_stm32f429xx.o(.text)
    DMA1_Stream6_IRQHandler                  0x080001db   Thumb Code     0  startup_stm32f429xx.o(.text)
    DMA1_Stream7_IRQHandler                  0x080001db   Thumb Code     0  startup_stm32f429xx.o(.text)
    DMA2D_IRQHandler                         0x080001db   Thumb Code     0  startup_stm32f429xx.o(.text)
    DMA2_Stream0_IRQHandler                  0x080001db   Thumb Code     0  startup_stm32f429xx.o(.text)
    DMA2_Stream1_IRQHandler                  0x080001db   Thumb Code     0  startup_stm32f429xx.o(.text)
    DMA2_Stream2_IRQHandler                  0x080001db   Thumb Code     0  startup_stm32f429xx.o(.text)
    DMA2_Stream3_IRQHandler                  0x080001db   Thumb Code     0  startup_stm32f429xx.o(.text)
    DMA2_Stream4_IRQHandler                  0x080001db   Thumb Code     0  startup_stm32f429xx.o(.text)
    DMA2_Stream5_IRQHandler                  0x080001db   Thumb Code     0  startup_stm32f429xx.o(.text)
    DMA2_Stream6_IRQHandler                  0x080001db   Thumb Code     0  startup_stm32f429xx.o(.text)
    DMA2_Stream7_IRQHandler                  0x080001db   Thumb Code     0  startup_stm32f429xx.o(.text)
    ETH_IRQHandler                           0x080001db   Thumb Code     0  startup_stm32f429xx.o(.text)
    ETH_WKUP_IRQHandler                      0x080001db   Thumb Code     0  startup_stm32f429xx.o(.text)
    EXTI0_IRQHandler                         0x080001db   Thumb Code     0  startup_stm32f429xx.o(.text)
    EXTI15_10_IRQHandler                     0x080001db   Thumb Code     0  startup_stm32f429xx.o(.text)
    EXTI1_IRQHandler                         0x080001db   Thumb Code     0  startup_stm32f429xx.o(.text)
    EXTI2_IRQHandler                         0x080001db   Thumb Code     0  startup_stm32f429xx.o(.text)
    EXTI3_IRQHandler                         0x080001db   Thumb Code     0  startup_stm32f429xx.o(.text)
    EXTI4_IRQHandler                         0x080001db   Thumb Code     0  startup_stm32f429xx.o(.text)
    EXTI9_5_IRQHandler                       0x080001db   Thumb Code     0  startup_stm32f429xx.o(.text)
    FLASH_IRQHandler                         0x080001db   Thumb Code     0  startup_stm32f429xx.o(.text)
    FMC_IRQHandler                           0x080001db   Thumb Code     0  startup_stm32f429xx.o(.text)
    FPU_IRQHandler                           0x080001db   Thumb Code     0  startup_stm32f429xx.o(.text)
    HASH_RNG_IRQHandler                      0x080001db   Thumb Code     0  startup_stm32f429xx.o(.text)
    I2C1_ER_IRQHandler                       0x080001db   Thumb Code     0  startup_stm32f429xx.o(.text)
    I2C1_EV_IRQHandler                       0x080001db   Thumb Code     0  startup_stm32f429xx.o(.text)
    I2C2_ER_IRQHandler                       0x080001db   Thumb Code     0  startup_stm32f429xx.o(.text)
    I2C2_EV_IRQHandler                       0x080001db   Thumb Code     0  startup_stm32f429xx.o(.text)
    I2C3_ER_IRQHandler                       0x080001db   Thumb Code     0  startup_stm32f429xx.o(.text)
    I2C3_EV_IRQHandler                       0x080001db   Thumb Code     0  startup_stm32f429xx.o(.text)
    LTDC_ER_IRQHandler                       0x080001db   Thumb Code     0  startup_stm32f429xx.o(.text)
    LTDC_IRQHandler                          0x080001db   Thumb Code     0  startup_stm32f429xx.o(.text)
    OTG_FS_IRQHandler                        0x080001db   Thumb Code     0  startup_stm32f429xx.o(.text)
    OTG_FS_WKUP_IRQHandler                   0x080001db   Thumb Code     0  startup_stm32f429xx.o(.text)
    OTG_HS_EP1_IN_IRQHandler                 0x080001db   Thumb Code     0  startup_stm32f429xx.o(.text)
    OTG_HS_EP1_OUT_IRQHandler                0x080001db   Thumb Code     0  startup_stm32f429xx.o(.text)
    OTG_HS_WKUP_IRQHandler                   0x080001db   Thumb Code     0  startup_stm32f429xx.o(.text)
    PVD_IRQHandler                           0x080001db   Thumb Code     0  startup_stm32f429xx.o(.text)
    RCC_IRQHandler                           0x080001db   Thumb Code     0  startup_stm32f429xx.o(.text)
    RTC_Alarm_IRQHandler                     0x080001db   Thumb Code     0  startup_stm32f429xx.o(.text)
    RTC_WKUP_IRQHandler                      0x080001db   Thumb Code     0  startup_stm32f429xx.o(.text)
    SAI1_IRQHandler                          0x080001db   Thumb Code     0  startup_stm32f429xx.o(.text)
    SDIO_IRQHandler                          0x080001db   Thumb Code     0  startup_stm32f429xx.o(.text)
    SPI1_IRQHandler                          0x080001db   Thumb Code     0  startup_stm32f429xx.o(.text)
    SPI2_IRQHandler                          0x080001db   Thumb Code     0  startup_stm32f429xx.o(.text)
    SPI3_IRQHandler                          0x080001db   Thumb Code     0  startup_stm32f429xx.o(.text)
    SPI4_IRQHandler                          0x080001db   Thumb Code     0  startup_stm32f429xx.o(.text)
    SPI5_IRQHandler                          0x080001db   Thumb Code     0  startup_stm32f429xx.o(.text)
    SPI6_IRQHandler                          0x080001db   Thumb Code     0  startup_stm32f429xx.o(.text)
    TAMP_STAMP_IRQHandler                    0x080001db   Thumb Code     0  startup_stm32f429xx.o(.text)
    TIM1_BRK_TIM9_IRQHandler                 0x080001db   Thumb Code     0  startup_stm32f429xx.o(.text)
    TIM1_CC_IRQHandler                       0x080001db   Thumb Code     0  startup_stm32f429xx.o(.text)
    TIM1_TRG_COM_TIM11_IRQHandler            0x080001db   Thumb Code     0  startup_stm32f429xx.o(.text)
    TIM1_UP_TIM10_IRQHandler                 0x080001db   Thumb Code     0  startup_stm32f429xx.o(.text)
    TIM2_IRQHandler                          0x080001db   Thumb Code     0  startup_stm32f429xx.o(.text)
    TIM3_IRQHandler                          0x080001db   Thumb Code     0  startup_stm32f429xx.o(.text)
    TIM4_IRQHandler                          0x080001db   Thumb Code     0  startup_stm32f429xx.o(.text)
    TIM5_IRQHandler                          0x080001db   Thumb Code     0  startup_stm32f429xx.o(.text)
    TIM6_DAC_IRQHandler                      0x080001db   Thumb Code     0  startup_stm32f429xx.o(.text)
    TIM7_IRQHandler                          0x080001db   Thumb Code     0  startup_stm32f429xx.o(.text)
    TIM8_BRK_TIM12_IRQHandler                0x080001db   Thumb Code     0  startup_stm32f429xx.o(.text)
    TIM8_CC_IRQHandler                       0x080001db   Thumb Code     0  startup_stm32f429xx.o(.text)
    TIM8_TRG_COM_TIM14_IRQHandler            0x080001db   Thumb Code     0  startup_stm32f429xx.o(.text)
    TIM8_UP_TIM13_IRQHandler                 0x080001db   Thumb Code     0  startup_stm32f429xx.o(.text)
    UART4_IRQHandler                         0x080001db   Thumb Code     0  startup_stm32f429xx.o(.text)
    UART5_IRQHandler                         0x080001db   Thumb Code     0  startup_stm32f429xx.o(.text)
    UART7_IRQHandler                         0x080001db   Thumb Code     0  startup_stm32f429xx.o(.text)
    UART8_IRQHandler                         0x080001db   Thumb Code     0  startup_stm32f429xx.o(.text)
    USART1_IRQHandler                        0x080001db   Thumb Code     0  startup_stm32f429xx.o(.text)
    USART2_IRQHandler                        0x080001db   Thumb Code     0  startup_stm32f429xx.o(.text)
    USART3_IRQHandler                        0x080001db   Thumb Code     0  startup_stm32f429xx.o(.text)
    USART6_IRQHandler                        0x080001db   Thumb Code     0  startup_stm32f429xx.o(.text)
    WWDG_IRQHandler                          0x080001db   Thumb Code     0  startup_stm32f429xx.o(.text)
    __aeabi_uldivmod                         0x080001e5   Thumb Code    98  uldiv.o(.text)
    __aeabi_memcpy                           0x08000247   Thumb Code    36  memcpya.o(.text)
    __aeabi_memcpy4                          0x08000247   Thumb Code     0  memcpya.o(.text)
    __aeabi_memcpy8                          0x08000247   Thumb Code     0  memcpya.o(.text)
    __aeabi_memset                           0x0800026b   Thumb Code    14  memseta.o(.text)
    __aeabi_memset4                          0x0800026b   Thumb Code     0  memseta.o(.text)
    __aeabi_memset8                          0x0800026b   Thumb Code     0  memseta.o(.text)
    __aeabi_memclr                           0x08000279   Thumb Code     4  memseta.o(.text)
    __aeabi_memclr4                          0x08000279   Thumb Code     0  memseta.o(.text)
    __aeabi_memclr8                          0x08000279   Thumb Code     0  memseta.o(.text)
    _memset$wrapper                          0x0800027d   Thumb Code    18  memseta.o(.text)
    strlen                                   0x0800028f   Thumb Code    14  strlen.o(.text)
    __aeabi_uidiv                            0x0800029d   Thumb Code     0  uidiv.o(.text)
    __aeabi_uidivmod                         0x0800029d   Thumb Code    44  uidiv.o(.text)
    __aeabi_llsl                             0x080002c9   Thumb Code    30  llshl.o(.text)
    _ll_shift_l                              0x080002c9   Thumb Code     0  llshl.o(.text)
    __aeabi_llsr                             0x080002e7   Thumb Code    32  llushr.o(.text)
    _ll_ushift_r                             0x080002e7   Thumb Code     0  llushr.o(.text)
    __scatterload                            0x08000309   Thumb Code    28  init.o(.text)
    __scatterload_rt2                        0x08000309   Thumb Code     0  init.o(.text)
    __decompress                             0x0800032d   Thumb Code     0  __dczerorl2.o(.text)
    __decompress1                            0x0800032d   Thumb Code    86  __dczerorl2.o(.text)
    BusFault_Handler                         0x08000383   Thumb Code     2  stm32f4xx_it.o(i.BusFault_Handler)
    CDC_Transmit_HS                          0x080003c9   Thumb Code    38  usbd_cdc_if.o(i.CDC_Transmit_HS)
    DebugMon_Handler                         0x080003f5   Thumb Code     2  stm32f4xx_it.o(i.DebugMon_Handler)
    Error_Handler                            0x080003f7   Thumb Code     2  main.o(i.Error_Handler)
    HAL_Delay                                0x080003f9   Thumb Code    32  stm32f4xx_hal.o(i.HAL_Delay)
    HAL_GPIO_Init                            0x0800041d   Thumb Code   414  stm32f4xx_hal_gpio.o(i.HAL_GPIO_Init)
    HAL_GetTick                              0x080005f1   Thumb Code     6  stm32f4xx_hal.o(i.HAL_GetTick)
    HAL_IncTick                              0x080005fd   Thumb Code    12  stm32f4xx_hal.o(i.HAL_IncTick)
    HAL_Init                                 0x0800060d   Thumb Code    48  stm32f4xx_hal.o(i.HAL_Init)
    HAL_InitTick                             0x08000641   Thumb Code    54  stm32f4xx_hal.o(i.HAL_InitTick)
    HAL_MspInit                              0x08000681   Thumb Code    42  stm32f4xx_hal_msp.o(i.HAL_MspInit)
    HAL_NVIC_EnableIRQ                       0x080006b1   Thumb Code    26  stm32f4xx_hal_cortex.o(i.HAL_NVIC_EnableIRQ)
    HAL_NVIC_SetPriority                     0x080006cd   Thumb Code    60  stm32f4xx_hal_cortex.o(i.HAL_NVIC_SetPriority)
    HAL_NVIC_SetPriorityGrouping             0x0800070d   Thumb Code    26  stm32f4xx_hal_cortex.o(i.HAL_NVIC_SetPriorityGrouping)
    HAL_PCDEx_LPM_Callback                   0x08000731   Thumb Code     2  stm32f4xx_hal_pcd_ex.o(i.HAL_PCDEx_LPM_Callback)
    HAL_PCDEx_SetRxFiFo                      0x08000733   Thumb Code     8  stm32f4xx_hal_pcd_ex.o(i.HAL_PCDEx_SetRxFiFo)
    HAL_PCDEx_SetTxFiFo                      0x0800073b   Thumb Code    68  stm32f4xx_hal_pcd_ex.o(i.HAL_PCDEx_SetTxFiFo)
    HAL_PCD_ConnectCallback                  0x0800077f   Thumb Code     8  usbd_conf.o(i.HAL_PCD_ConnectCallback)
    HAL_PCD_DataInStageCallback              0x08000787   Thumb Code    18  usbd_conf.o(i.HAL_PCD_DataInStageCallback)
    HAL_PCD_DataOutStageCallback             0x08000799   Thumb Code    20  usbd_conf.o(i.HAL_PCD_DataOutStageCallback)
    HAL_PCD_DisconnectCallback               0x080007ad   Thumb Code     8  usbd_conf.o(i.HAL_PCD_DisconnectCallback)
    HAL_PCD_EP_Close                         0x080007b5   Thumb Code    76  stm32f4xx_hal_pcd.o(i.HAL_PCD_EP_Close)
    HAL_PCD_EP_ClrStall                      0x08000801   Thumb Code    92  stm32f4xx_hal_pcd.o(i.HAL_PCD_EP_ClrStall)
    HAL_PCD_EP_GetRxCount                    0x0800085d   Thumb Code    18  stm32f4xx_hal_pcd.o(i.HAL_PCD_EP_GetRxCount)
    HAL_PCD_EP_Open                          0x0800086f   Thumb Code    96  stm32f4xx_hal_pcd.o(i.HAL_PCD_EP_Open)
    HAL_PCD_EP_Receive                       0x080008cf   Thumb Code    72  stm32f4xx_hal_pcd.o(i.HAL_PCD_EP_Receive)
    HAL_PCD_EP_SetStall                      0x08000917   Thumb Code   116  stm32f4xx_hal_pcd.o(i.HAL_PCD_EP_SetStall)
    HAL_PCD_EP_Transmit                      0x0800098b   Thumb Code    64  stm32f4xx_hal_pcd.o(i.HAL_PCD_EP_Transmit)
    HAL_PCD_IRQHandler                       0x080009cd   Thumb Code  1114  stm32f4xx_hal_pcd.o(i.HAL_PCD_IRQHandler)
    HAL_PCD_ISOINIncompleteCallback          0x08000e31   Thumb Code     8  usbd_conf.o(i.HAL_PCD_ISOINIncompleteCallback)
    HAL_PCD_ISOOUTIncompleteCallback         0x08000e39   Thumb Code     8  usbd_conf.o(i.HAL_PCD_ISOOUTIncompleteCallback)
    HAL_PCD_Init                             0x08000e41   Thumb Code   226  stm32f4xx_hal_pcd.o(i.HAL_PCD_Init)
    HAL_PCD_MspInit                          0x08000f25   Thumb Code   106  usbd_conf.o(i.HAL_PCD_MspInit)
    HAL_PCD_ResetCallback                    0x08000f9d   Thumb Code    44  usbd_conf.o(i.HAL_PCD_ResetCallback)
    HAL_PCD_ResumeCallback                   0x08000fc9   Thumb Code     8  usbd_conf.o(i.HAL_PCD_ResumeCallback)
    HAL_PCD_SOFCallback                      0x08000fd1   Thumb Code     8  usbd_conf.o(i.HAL_PCD_SOFCallback)
    HAL_PCD_SetAddress                       0x08000fd9   Thumb Code    40  stm32f4xx_hal_pcd.o(i.HAL_PCD_SetAddress)
    HAL_PCD_SetupStageCallback               0x08001001   Thumb Code    14  usbd_conf.o(i.HAL_PCD_SetupStageCallback)
    HAL_PCD_Start                            0x0800100f   Thumb Code    66  stm32f4xx_hal_pcd.o(i.HAL_PCD_Start)
    HAL_PCD_SuspendCallback                  0x08001051   Thumb Code    44  usbd_conf.o(i.HAL_PCD_SuspendCallback)
    HAL_RCC_ClockConfig                      0x08001081   Thumb Code   288  stm32f4xx_hal_rcc.o(i.HAL_RCC_ClockConfig)
    HAL_RCC_GetHCLKFreq                      0x080011b5   Thumb Code     6  stm32f4xx_hal_rcc.o(i.HAL_RCC_GetHCLKFreq)
    HAL_RCC_GetSysClockFreq                  0x080011c1   Thumb Code    88  stm32f4xx_hal_rcc.o(i.HAL_RCC_GetSysClockFreq)
    HAL_RCC_OscConfig                        0x08001221   Thumb Code   834  stm32f4xx_hal_rcc.o(i.HAL_RCC_OscConfig)
    HAL_SYSTICK_Config                       0x0800157d   Thumb Code    40  stm32f4xx_hal_cortex.o(i.HAL_SYSTICK_Config)
    HardFault_Handler                        0x080015a5   Thumb Code     2  stm32f4xx_it.o(i.HardFault_Handler)
    MX_GPIO_Init                             0x080015e1   Thumb Code    54  gpio.o(i.MX_GPIO_Init)
    MX_USB_DEVICE_Init                       0x0800161d   Thumb Code    66  usb_device.o(i.MX_USB_DEVICE_Init)
    MemManage_Handler                        0x08001671   Thumb Code     2  stm32f4xx_it.o(i.MemManage_Handler)
    NMI_Handler                              0x08001673   Thumb Code     2  stm32f4xx_it.o(i.NMI_Handler)
    OTG_HS_IRQHandler                        0x08001675   Thumb Code     6  stm32f4xx_it.o(i.OTG_HS_IRQHandler)
    PendSV_Handler                           0x080017ff   Thumb Code     2  stm32f4xx_it.o(i.PendSV_Handler)
    SVC_Handler                              0x08001801   Thumb Code     2  stm32f4xx_it.o(i.SVC_Handler)
    SysTick_Handler                          0x08001803   Thumb Code     4  stm32f4xx_it.o(i.SysTick_Handler)
    SystemClock_Config                       0x08001809   Thumb Code   124  main.o(i.SystemClock_Config)
    SystemInit                               0x0800188d   Thumb Code    22  system_stm32f4xx.o(i.SystemInit)
    USBD_CDC_GetDeviceQualifierDescriptor    0x08001989   Thumb Code     8  usbd_cdc.o(i.USBD_CDC_GetDeviceQualifierDescriptor)
    USBD_CDC_ReceivePacket                   0x08001a4d   Thumb Code    40  usbd_cdc.o(i.USBD_CDC_ReceivePacket)
    USBD_CDC_RegisterInterface               0x08001a75   Thumb Code    16  usbd_cdc.o(i.USBD_CDC_RegisterInterface)
    USBD_CDC_SetRxBuffer                     0x08001a85   Thumb Code    12  usbd_cdc.o(i.USBD_CDC_SetRxBuffer)
    USBD_CDC_SetTxBuffer                     0x08001a91   Thumb Code    16  usbd_cdc.o(i.USBD_CDC_SetTxBuffer)
    USBD_CDC_TransmitPacket                  0x08001b4d   Thumb Code    54  usbd_cdc.o(i.USBD_CDC_TransmitPacket)
    USBD_ClrClassConfig                      0x08001b83   Thumb Code    14  usbd_core.o(i.USBD_ClrClassConfig)
    USBD_CtlContinueRx                       0x08001b91   Thumb Code    16  usbd_ioreq.o(i.USBD_CtlContinueRx)
    USBD_CtlContinueSendData                 0x08001ba1   Thumb Code    16  usbd_ioreq.o(i.USBD_CtlContinueSendData)
    USBD_CtlError                            0x08001bb1   Thumb Code    22  usbd_ctlreq.o(i.USBD_CtlError)
    USBD_CtlPrepareRx                        0x08001bc7   Thumb Code    30  usbd_ioreq.o(i.USBD_CtlPrepareRx)
    USBD_CtlReceiveStatus                    0x08001be5   Thumb Code    22  usbd_ioreq.o(i.USBD_CtlReceiveStatus)
    USBD_CtlSendData                         0x08001bfb   Thumb Code    26  usbd_ioreq.o(i.USBD_CtlSendData)
    USBD_CtlSendStatus                       0x08001c15   Thumb Code    22  usbd_ioreq.o(i.USBD_CtlSendStatus)
    USBD_GetString                           0x08001d13   Thumb Code    72  usbd_ctlreq.o(i.USBD_GetString)
    USBD_Get_USB_Status                      0x08001d5b   Thumb Code    24  usbd_conf.o(i.USBD_Get_USB_Status)
    USBD_HS_ConfigStrDescriptor              0x08001d75   Thumb Code    16  usbd_desc.o(i.USBD_HS_ConfigStrDescriptor)
    USBD_HS_DeviceDescriptor                 0x08001d95   Thumb Code     8  usbd_desc.o(i.USBD_HS_DeviceDescriptor)
    USBD_HS_InterfaceStrDescriptor           0x08001da1   Thumb Code    16  usbd_desc.o(i.USBD_HS_InterfaceStrDescriptor)
    USBD_HS_LangIDStrDescriptor              0x08001dc5   Thumb Code     8  usbd_desc.o(i.USBD_HS_LangIDStrDescriptor)
    USBD_HS_ManufacturerStrDescriptor        0x08001dd1   Thumb Code    16  usbd_desc.o(i.USBD_HS_ManufacturerStrDescriptor)
    USBD_HS_ProductStrDescriptor             0x08001df9   Thumb Code    16  usbd_desc.o(i.USBD_HS_ProductStrDescriptor)
    USBD_HS_SerialStrDescriptor              0x08001e25   Thumb Code    48  usbd_desc.o(i.USBD_HS_SerialStrDescriptor)
    USBD_Init                                0x08001e5d   Thumb Code    42  usbd_core.o(i.USBD_Init)
    USBD_LL_ClearStallEP                     0x08001e87   Thumb Code    18  usbd_conf.o(i.USBD_LL_ClearStallEP)
    USBD_LL_CloseEP                          0x08001e99   Thumb Code    18  usbd_conf.o(i.USBD_LL_CloseEP)
    USBD_LL_DataInStage                      0x08001eab   Thumb Code   198  usbd_core.o(i.USBD_LL_DataInStage)
    USBD_LL_DataOutStage                     0x08001f71   Thumb Code   130  usbd_core.o(i.USBD_LL_DataOutStage)
    USBD_LL_DevConnected                     0x08001ff3   Thumb Code     4  usbd_core.o(i.USBD_LL_DevConnected)
    USBD_LL_DevDisconnected                  0x08001ff7   Thumb Code    22  usbd_core.o(i.USBD_LL_DevDisconnected)
    USBD_LL_GetRxDataSize                    0x0800200d   Thumb Code     8  usbd_conf.o(i.USBD_LL_GetRxDataSize)
    USBD_LL_Init                             0x08002015   Thumb Code    96  usbd_conf.o(i.USBD_LL_Init)
    USBD_LL_IsStallEP                        0x0800207d   Thumb Code    32  usbd_conf.o(i.USBD_LL_IsStallEP)
    USBD_LL_IsoINIncomplete                  0x0800209d   Thumb Code     4  usbd_core.o(i.USBD_LL_IsoINIncomplete)
    USBD_LL_IsoOUTIncomplete                 0x080020a1   Thumb Code     4  usbd_core.o(i.USBD_LL_IsoOUTIncomplete)
    USBD_LL_OpenEP                           0x080020a5   Thumb Code    24  usbd_conf.o(i.USBD_LL_OpenEP)
    USBD_LL_PrepareReceive                   0x080020bd   Thumb Code    18  usbd_conf.o(i.USBD_LL_PrepareReceive)
    USBD_LL_Reset                            0x080020cf   Thumb Code    80  usbd_core.o(i.USBD_LL_Reset)
    USBD_LL_Resume                           0x0800211f   Thumb Code    12  usbd_core.o(i.USBD_LL_Resume)
    USBD_LL_SOF                              0x0800212b   Thumb Code    24  usbd_core.o(i.USBD_LL_SOF)
    USBD_LL_SetSpeed                         0x08002143   Thumb Code     6  usbd_core.o(i.USBD_LL_SetSpeed)
    USBD_LL_SetUSBAddress                    0x08002149   Thumb Code    18  usbd_conf.o(i.USBD_LL_SetUSBAddress)
    USBD_LL_SetupStage                       0x0800215b   Thumb Code    90  usbd_core.o(i.USBD_LL_SetupStage)
    USBD_LL_StallEP                          0x080021b5   Thumb Code    18  usbd_conf.o(i.USBD_LL_StallEP)
    USBD_LL_Start                            0x080021c7   Thumb Code    18  usbd_conf.o(i.USBD_LL_Start)
    USBD_LL_Suspend                          0x080021d9   Thumb Code    18  usbd_core.o(i.USBD_LL_Suspend)
    USBD_LL_Transmit                         0x080021eb   Thumb Code    18  usbd_conf.o(i.USBD_LL_Transmit)
    USBD_ParseSetupRequest                   0x080021fd   Thumb Code    40  usbd_ctlreq.o(i.USBD_ParseSetupRequest)
    USBD_RegisterClass                       0x08002225   Thumb Code    16  usbd_core.o(i.USBD_RegisterClass)
    USBD_SetClassConfig                      0x08002235   Thumb Code    22  usbd_core.o(i.USBD_SetClassConfig)
    USBD_Start                               0x080022d1   Thumb Code    10  usbd_core.o(i.USBD_Start)
    USBD_StdDevReq                           0x080022db   Thumb Code   274  usbd_ctlreq.o(i.USBD_StdDevReq)
    USBD_StdEPReq                            0x080023ed   Thumb Code   336  usbd_ctlreq.o(i.USBD_StdEPReq)
    USBD_StdItfReq                           0x0800253d   Thumb Code    78  usbd_ctlreq.o(i.USBD_StdItfReq)
    USB_ActivateEndpoint                     0x0800258d   Thumb Code   122  stm32f4xx_ll_usb.o(i.USB_ActivateEndpoint)
    USB_ActivateSetup                        0x0800260d   Thumb Code    52  stm32f4xx_ll_usb.o(i.USB_ActivateSetup)
    USB_CoreInit                             0x08002641   Thumb Code   112  stm32f4xx_ll_usb.o(i.USB_CoreInit)
    USB_DeactivateEndpoint                   0x080026ed   Thumb Code   118  stm32f4xx_ll_usb.o(i.USB_DeactivateEndpoint)
    USB_DevConnect                           0x0800276d   Thumb Code    24  stm32f4xx_ll_usb.o(i.USB_DevConnect)
    USB_DevDisconnect                        0x08002785   Thumb Code    24  stm32f4xx_ll_usb.o(i.USB_DevDisconnect)
    USB_DevInit                              0x0800279d   Thumb Code   378  stm32f4xx_ll_usb.o(i.USB_DevInit)
    USB_DisableGlobalInt                     0x08002929   Thumb Code    12  stm32f4xx_ll_usb.o(i.USB_DisableGlobalInt)
    USB_EP0StartXfer                         0x08002935   Thumb Code   276  stm32f4xx_ll_usb.o(i.USB_EP0StartXfer)
    USB_EP0_OutStart                         0x08002a4d   Thumb Code    84  stm32f4xx_ll_usb.o(i.USB_EP0_OutStart)
    USB_EPClearStall                         0x08002aa5   Thumb Code    88  stm32f4xx_ll_usb.o(i.USB_EPClearStall)
    USB_EPSetStall                           0x08002afd   Thumb Code    88  stm32f4xx_ll_usb.o(i.USB_EPSetStall)
    USB_EPStartXfer                          0x08002b55   Thumb Code   482  stm32f4xx_ll_usb.o(i.USB_EPStartXfer)
    USB_EnableGlobalInt                      0x08002d3d   Thumb Code    12  stm32f4xx_ll_usb.o(i.USB_EnableGlobalInt)
    USB_FlushRxFifo                          0x08002d49   Thumb Code    28  stm32f4xx_ll_usb.o(i.USB_FlushRxFifo)
    USB_FlushTxFifo                          0x08002d69   Thumb Code    32  stm32f4xx_ll_usb.o(i.USB_FlushTxFifo)
    USB_GetDevSpeed                          0x08002d8d   Thumb Code    26  stm32f4xx_ll_usb.o(i.USB_GetDevSpeed)
    USB_GetMode                              0x08002da7   Thumb Code     8  stm32f4xx_ll_usb.o(i.USB_GetMode)
    USB_ReadDevAllInEpInterrupt              0x08002daf   Thumb Code    14  stm32f4xx_ll_usb.o(i.USB_ReadDevAllInEpInterrupt)
    USB_ReadDevAllOutEpInterrupt             0x08002dbd   Thumb Code    14  stm32f4xx_ll_usb.o(i.USB_ReadDevAllOutEpInterrupt)
    USB_ReadDevInEPInterrupt                 0x08002dcb   Thumb Code    36  stm32f4xx_ll_usb.o(i.USB_ReadDevInEPInterrupt)
    USB_ReadDevOutEPInterrupt                0x08002def   Thumb Code    16  stm32f4xx_ll_usb.o(i.USB_ReadDevOutEPInterrupt)
    USB_ReadInterrupts                       0x08002dff   Thumb Code     8  stm32f4xx_ll_usb.o(i.USB_ReadInterrupts)
    USB_ReadPacket                           0x08002e07   Thumb Code    28  stm32f4xx_ll_usb.o(i.USB_ReadPacket)
    USB_SetCurrentMode                       0x08002e23   Thumb Code    46  stm32f4xx_ll_usb.o(i.USB_SetCurrentMode)
    USB_SetDevAddress                        0x08002e51   Thumb Code    34  stm32f4xx_ll_usb.o(i.USB_SetDevAddress)
    USB_SetTurnaroundTime                    0x08002e75   Thumb Code   158  stm32f4xx_ll_usb.o(i.USB_SetTurnaroundTime)
    USB_WritePacket                          0x08002f5d   Thumb Code    36  stm32f4xx_ll_usb.o(i.USB_WritePacket)
    UsageFault_Handler                       0x08002f81   Thumb Code     2  stm32f4xx_it.o(i.UsageFault_Handler)
    __0sprintf$1                             0x08002f85   Thumb Code    34  printf1.o(i.__0sprintf$1)
    __1sprintf$1                             0x08002f85   Thumb Code     0  printf1.o(i.__0sprintf$1)
    __2sprintf                               0x08002f85   Thumb Code     0  printf1.o(i.__0sprintf$1)
    __scatterload_copy                       0x08002fcd   Thumb Code    14  handlers.o(i.__scatterload_copy)
    __scatterload_null                       0x08002fdb   Thumb Code     2  handlers.o(i.__scatterload_null)
    __scatterload_zeroinit                   0x08002fdd   Thumb Code    14  handlers.o(i.__scatterload_zeroinit)
    free                                     0x0800314d   Thumb Code    76  malloc.o(i.free)
    main                                     0x0800319d   Thumb Code    54  main.o(i.main)
    malloc                                   0x080031e1   Thumb Code    92  malloc.o(i.malloc)
    AHBPrescTable                            0x0800324c   Data          16  system_stm32f4xx.o(.constdata)
    Region$$Table$$Base                      0x0800325c   Number         0  anon$$obj.o(Region$$Table)
    Region$$Table$$Limit                     0x0800327c   Number         0  anon$$obj.o(Region$$Table)
    HS_Desc                                  0x20000000   Data          28  usbd_desc.o(.data)
    USBD_LangIDDesc                          0x2000001c   Data           4  usbd_desc.o(.data)
    USBD_HS_DeviceDesc                       0x20000020   Data          18  usbd_desc.o(.data)
    USBD_StringSerial                        0x20000034   Data          26  usbd_desc.o(.data)
    USBD_Interface_fops_HS                   0x20000050   Data          16  usbd_cdc_if.o(.data)
    uwTickFreq                               0x20000060   Data           1  stm32f4xx_hal.o(.data)
    uwTickPrio                               0x20000064   Data           4  stm32f4xx_hal.o(.data)
    uwTick                                   0x20000068   Data           4  stm32f4xx_hal.o(.data)
    SystemCoreClock                          0x2000006c   Data           4  system_stm32f4xx.o(.data)
    USBD_CDC_CfgHSDesc                       0x20000080   Data          67  usbd_cdc.o(.data)
    USBD_CDC_CfgFSDesc                       0x200000c4   Data          67  usbd_cdc.o(.data)
    USBD_CDC_OtherSpeedCfgDesc               0x20000108   Data          67  usbd_cdc.o(.data)
    USBD_CDC                                 0x2000014c   Data          56  usbd_cdc.o(.data)
    __microlib_freelist                      0x20000184   Data           4  mvars.o(.data)
    __microlib_freelist_initialised          0x20000188   Data           4  mvars.o(.data)
    hUsbDeviceHS                             0x2000018c   Data         668  usb_device.o(.bss)
    hpcd_USB_OTG_HS                          0x20000428   Data        1032  usbd_conf.o(.bss)
    USBD_StrDesc                             0x20000830   Data         512  usbd_desc.o(.bss)
    UserRxBufferHS                           0x20000a30   Data        2048  usbd_cdc_if.o(.bss)
    UserTxBufferHS                           0x20001230   Data        2048  usbd_cdc_if.o(.bss)
    __heap_base                              0x20001a30   Data           0  startup_stm32f429xx.o(HEAP)
    __heap_limit                             0x20003a30   Data           0  startup_stm32f429xx.o(HEAP)
    __initial_sp                             0x20007a30   Data           0  startup_stm32f429xx.o(STACK)



==============================================================================

Memory Map of the image

  Image Entry point : 0x080001ad

  Load Region LR_IROM1 (Base: 0x08000000, Size: 0x00003408, Max: 0x00200000, ABSOLUTE, COMPRESSED[0x0000333c])

    Execution Region ER_IROM1 (Exec base: 0x08000000, Load base: 0x08000000, Size: 0x0000327c, Max: 0x00200000, ABSOLUTE)

    Exec Addr    Load Addr    Size         Type   Attr      Idx    E Section Name        Object

    0x08000000   0x08000000   0x000001ac   Data   RO            3    RESET               startup_stm32f429xx.o
    0x080001ac   0x080001ac   0x00000000   Code   RO         2895  * .ARM.Collect$$$$00000000  mc_w.l(entry.o)
    0x080001ac   0x080001ac   0x00000004   Code   RO         3197    .ARM.Collect$$$$00000001  mc_w.l(entry2.o)
    0x080001b0   0x080001b0   0x00000004   Code   RO         3200    .ARM.Collect$$$$00000004  mc_w.l(entry5.o)
    0x080001b4   0x080001b4   0x00000000   Code   RO         3202    .ARM.Collect$$$$00000008  mc_w.l(entry7b.o)
    0x080001b4   0x080001b4   0x00000000   Code   RO         3204    .ARM.Collect$$$$0000000A  mc_w.l(entry8b.o)
    0x080001b4   0x080001b4   0x00000008   Code   RO         3205    .ARM.Collect$$$$0000000B  mc_w.l(entry9a.o)
    0x080001bc   0x080001bc   0x00000000   Code   RO         3207    .ARM.Collect$$$$0000000D  mc_w.l(entry10a.o)
    0x080001bc   0x080001bc   0x00000000   Code   RO         3209    .ARM.Collect$$$$0000000F  mc_w.l(entry11a.o)
    0x080001bc   0x080001bc   0x00000004   Code   RO         3198    .ARM.Collect$$$$00002712  mc_w.l(entry2.o)
    0x080001c0   0x080001c0   0x00000024   Code   RO            4    .text               startup_stm32f429xx.o
    0x080001e4   0x080001e4   0x00000062   Code   RO         2898    .text               mc_w.l(uldiv.o)
    0x08000246   0x08000246   0x00000024   Code   RO         2900    .text               mc_w.l(memcpya.o)
    0x0800026a   0x0800026a   0x00000024   Code   RO         2902    .text               mc_w.l(memseta.o)
    0x0800028e   0x0800028e   0x0000000e   Code   RO         2904    .text               mc_w.l(strlen.o)
    0x0800029c   0x0800029c   0x0000002c   Code   RO         3214    .text               mc_w.l(uidiv.o)
    0x080002c8   0x080002c8   0x0000001e   Code   RO         3216    .text               mc_w.l(llshl.o)
    0x080002e6   0x080002e6   0x00000020   Code   RO         3218    .text               mc_w.l(llushr.o)
    0x08000306   0x08000306   0x00000002   PAD
    0x08000308   0x08000308   0x00000024   Code   RO         3233    .text               mc_w.l(init.o)
    0x0800032c   0x0800032c   0x00000056   Code   RO         3249    .text               mc_w.l(__dczerorl2.o)
    0x08000382   0x08000382   0x00000002   Code   RO          573    i.BusFault_Handler  stm32f4xx_it.o
    0x08000384   0x08000384   0x00000004   Code   RO          521    i.CDC_Control_HS    usbd_cdc_if.o
    0x08000388   0x08000388   0x00000004   Code   RO          522    i.CDC_DeInit_HS     usbd_cdc_if.o
    0x0800038c   0x0800038c   0x00000024   Code   RO          523    i.CDC_Init_HS       usbd_cdc_if.o
    0x080003b0   0x080003b0   0x00000018   Code   RO          524    i.CDC_Receive_HS    usbd_cdc_if.o
    0x080003c8   0x080003c8   0x0000002c   Code   RO          525    i.CDC_Transmit_HS   usbd_cdc_if.o
    0x080003f4   0x080003f4   0x00000002   Code   RO          574    i.DebugMon_Handler  stm32f4xx_it.o
    0x080003f6   0x080003f6   0x00000002   Code   RO           13    i.Error_Handler     main.o
    0x080003f8   0x080003f8   0x00000024   Code   RO         2192    i.HAL_Delay         stm32f4xx_hal.o
    0x0800041c   0x0800041c   0x000001d4   Code   RO         1648    i.HAL_GPIO_Init     stm32f4xx_hal_gpio.o
    0x080005f0   0x080005f0   0x0000000c   Code   RO         2200    i.HAL_GetTick       stm32f4xx_hal.o
    0x080005fc   0x080005fc   0x00000010   Code   RO         2206    i.HAL_IncTick       stm32f4xx_hal.o
    0x0800060c   0x0800060c   0x00000034   Code   RO         2207    i.HAL_Init          stm32f4xx_hal.o
    0x08000640   0x08000640   0x00000040   Code   RO         2208    i.HAL_InitTick      stm32f4xx_hal.o
    0x08000680   0x08000680   0x00000030   Code   RO          655    i.HAL_MspInit       stm32f4xx_hal_msp.o
    0x080006b0   0x080006b0   0x0000001a   Code   RO         2055    i.HAL_NVIC_EnableIRQ  stm32f4xx_hal_cortex.o
    0x080006ca   0x080006ca   0x00000002   PAD
    0x080006cc   0x080006cc   0x00000040   Code   RO         2061    i.HAL_NVIC_SetPriority  stm32f4xx_hal_cortex.o
    0x0800070c   0x0800070c   0x00000024   Code   RO         2062    i.HAL_NVIC_SetPriorityGrouping  stm32f4xx_hal_cortex.o
    0x08000730   0x08000730   0x00000002   Code   RO          900    i.HAL_PCDEx_LPM_Callback  stm32f4xx_hal_pcd_ex.o
    0x08000732   0x08000732   0x00000008   Code   RO          901    i.HAL_PCDEx_SetRxFiFo  stm32f4xx_hal_pcd_ex.o
    0x0800073a   0x0800073a   0x00000044   Code   RO          902    i.HAL_PCDEx_SetTxFiFo  stm32f4xx_hal_pcd_ex.o
    0x0800077e   0x0800077e   0x00000008   Code   RO          240    i.HAL_PCD_ConnectCallback  usbd_conf.o
    0x08000786   0x08000786   0x00000012   Code   RO          241    i.HAL_PCD_DataInStageCallback  usbd_conf.o
    0x08000798   0x08000798   0x00000014   Code   RO          242    i.HAL_PCD_DataOutStageCallback  usbd_conf.o
    0x080007ac   0x080007ac   0x00000008   Code   RO          243    i.HAL_PCD_DisconnectCallback  usbd_conf.o
    0x080007b4   0x080007b4   0x0000004c   Code   RO          688    i.HAL_PCD_EP_Close  stm32f4xx_hal_pcd.o
    0x08000800   0x08000800   0x0000005c   Code   RO          689    i.HAL_PCD_EP_ClrStall  stm32f4xx_hal_pcd.o
    0x0800085c   0x0800085c   0x00000012   Code   RO          691    i.HAL_PCD_EP_GetRxCount  stm32f4xx_hal_pcd.o
    0x0800086e   0x0800086e   0x00000060   Code   RO          692    i.HAL_PCD_EP_Open   stm32f4xx_hal_pcd.o
    0x080008ce   0x080008ce   0x00000048   Code   RO          693    i.HAL_PCD_EP_Receive  stm32f4xx_hal_pcd.o
    0x08000916   0x08000916   0x00000074   Code   RO          694    i.HAL_PCD_EP_SetStall  stm32f4xx_hal_pcd.o
    0x0800098a   0x0800098a   0x00000040   Code   RO          695    i.HAL_PCD_EP_Transmit  stm32f4xx_hal_pcd.o
    0x080009ca   0x080009ca   0x00000002   PAD
    0x080009cc   0x080009cc   0x00000464   Code   RO          697    i.HAL_PCD_IRQHandler  stm32f4xx_hal_pcd.o
    0x08000e30   0x08000e30   0x00000008   Code   RO          244    i.HAL_PCD_ISOINIncompleteCallback  usbd_conf.o
    0x08000e38   0x08000e38   0x00000008   Code   RO          245    i.HAL_PCD_ISOOUTIncompleteCallback  usbd_conf.o
    0x08000e40   0x08000e40   0x000000e2   Code   RO          700    i.HAL_PCD_Init      stm32f4xx_hal_pcd.o
    0x08000f22   0x08000f22   0x00000002   PAD
    0x08000f24   0x08000f24   0x00000078   Code   RO          247    i.HAL_PCD_MspInit   usbd_conf.o
    0x08000f9c   0x08000f9c   0x0000002c   Code   RO          248    i.HAL_PCD_ResetCallback  usbd_conf.o
    0x08000fc8   0x08000fc8   0x00000008   Code   RO          249    i.HAL_PCD_ResumeCallback  usbd_conf.o
    0x08000fd0   0x08000fd0   0x00000008   Code   RO          250    i.HAL_PCD_SOFCallback  usbd_conf.o
    0x08000fd8   0x08000fd8   0x00000028   Code   RO          706    i.HAL_PCD_SetAddress  stm32f4xx_hal_pcd.o
    0x08001000   0x08001000   0x0000000e   Code   RO          251    i.HAL_PCD_SetupStageCallback  usbd_conf.o
    0x0800100e   0x0800100e   0x00000042   Code   RO          708    i.HAL_PCD_Start     stm32f4xx_hal_pcd.o
    0x08001050   0x08001050   0x00000030   Code   RO          252    i.HAL_PCD_SuspendCallback  usbd_conf.o
    0x08001080   0x08001080   0x00000134   Code   RO         1242    i.HAL_RCC_ClockConfig  stm32f4xx_hal_rcc.o
    0x080011b4   0x080011b4   0x0000000c   Code   RO         1247    i.HAL_RCC_GetHCLKFreq  stm32f4xx_hal_rcc.o
    0x080011c0   0x080011c0   0x00000060   Code   RO         1251    i.HAL_RCC_GetSysClockFreq  stm32f4xx_hal_rcc.o
    0x08001220   0x08001220   0x0000035c   Code   RO         1254    i.HAL_RCC_OscConfig  stm32f4xx_hal_rcc.o
    0x0800157c   0x0800157c   0x00000028   Code   RO         2066    i.HAL_SYSTICK_Config  stm32f4xx_hal_cortex.o
    0x080015a4   0x080015a4   0x00000002   Code   RO          575    i.HardFault_Handler  stm32f4xx_it.o
    0x080015a6   0x080015a6   0x00000002   PAD
    0x080015a8   0x080015a8   0x00000038   Code   RO          435    i.IntToUnicode      usbd_desc.o
    0x080015e0   0x080015e0   0x0000003c   Code   RO          185    i.MX_GPIO_Init      gpio.o
    0x0800161c   0x0800161c   0x00000054   Code   RO          209    i.MX_USB_DEVICE_Init  usb_device.o
    0x08001670   0x08001670   0x00000002   Code   RO          576    i.MemManage_Handler  stm32f4xx_it.o
    0x08001672   0x08001672   0x00000002   Code   RO          577    i.NMI_Handler       stm32f4xx_it.o
    0x08001674   0x08001674   0x0000000c   Code   RO          578    i.OTG_HS_IRQHandler  stm32f4xx_it.o
    0x08001680   0x08001680   0x000000dc   Code   RO          711    i.PCD_EP_OutXfrComplete_int  stm32f4xx_hal_pcd.o
    0x0800175c   0x0800175c   0x000000a2   Code   RO          712    i.PCD_WriteEmptyTxFifo  stm32f4xx_hal_pcd.o
    0x080017fe   0x080017fe   0x00000002   Code   RO          579    i.PendSV_Handler    stm32f4xx_it.o
    0x08001800   0x08001800   0x00000002   Code   RO          580    i.SVC_Handler       stm32f4xx_it.o
    0x08001802   0x08001802   0x00000004   Code   RO          581    i.SysTick_Handler   stm32f4xx_it.o
    0x08001806   0x08001806   0x00000002   PAD
    0x08001808   0x08001808   0x00000084   Code   RO           14    i.SystemClock_Config  main.o
    0x0800188c   0x0800188c   0x0000001c   Code   RO         2492    i.SystemInit        system_stm32f4xx.o
    0x080018a8   0x080018a8   0x0000004a   Code   RO         2792    i.USBD_CDC_DataIn   usbd_cdc.o
    0x080018f2   0x080018f2   0x0000002e   Code   RO         2793    i.USBD_CDC_DataOut  usbd_cdc.o
    0x08001920   0x08001920   0x00000044   Code   RO         2794    i.USBD_CDC_DeInit   usbd_cdc.o
    0x08001964   0x08001964   0x00000024   Code   RO         2795    i.USBD_CDC_EP0_RxReady  usbd_cdc.o
    0x08001988   0x08001988   0x0000000c   Code   RO         2796    i.USBD_CDC_GetDeviceQualifierDescriptor  usbd_cdc.o
    0x08001994   0x08001994   0x0000000c   Code   RO         2797    i.USBD_CDC_GetFSCfgDesc  usbd_cdc.o
    0x080019a0   0x080019a0   0x0000000c   Code   RO         2798    i.USBD_CDC_GetHSCfgDesc  usbd_cdc.o
    0x080019ac   0x080019ac   0x0000000c   Code   RO         2799    i.USBD_CDC_GetOtherSpeedCfgDesc  usbd_cdc.o
    0x080019b8   0x080019b8   0x00000094   Code   RO         2800    i.USBD_CDC_Init     usbd_cdc.o
    0x08001a4c   0x08001a4c   0x00000028   Code   RO         2801    i.USBD_CDC_ReceivePacket  usbd_cdc.o
    0x08001a74   0x08001a74   0x00000010   Code   RO         2802    i.USBD_CDC_RegisterInterface  usbd_cdc.o
    0x08001a84   0x08001a84   0x0000000c   Code   RO         2803    i.USBD_CDC_SetRxBuffer  usbd_cdc.o
    0x08001a90   0x08001a90   0x00000010   Code   RO         2804    i.USBD_CDC_SetTxBuffer  usbd_cdc.o
    0x08001aa0   0x08001aa0   0x000000ac   Code   RO         2805    i.USBD_CDC_Setup    usbd_cdc.o
    0x08001b4c   0x08001b4c   0x00000036   Code   RO         2806    i.USBD_CDC_TransmitPacket  usbd_cdc.o
    0x08001b82   0x08001b82   0x0000000e   Code   RO         2529    i.USBD_ClrClassConfig  usbd_core.o
    0x08001b90   0x08001b90   0x00000010   Code   RO         2732    i.USBD_CtlContinueRx  usbd_ioreq.o
    0x08001ba0   0x08001ba0   0x00000010   Code   RO         2733    i.USBD_CtlContinueSendData  usbd_ioreq.o
    0x08001bb0   0x08001bb0   0x00000016   Code   RO         2667    i.USBD_CtlError     usbd_ctlreq.o
    0x08001bc6   0x08001bc6   0x0000001e   Code   RO         2734    i.USBD_CtlPrepareRx  usbd_ioreq.o
    0x08001be4   0x08001be4   0x00000016   Code   RO         2735    i.USBD_CtlReceiveStatus  usbd_ioreq.o
    0x08001bfa   0x08001bfa   0x0000001a   Code   RO         2736    i.USBD_CtlSendData  usbd_ioreq.o
    0x08001c14   0x08001c14   0x00000016   Code   RO         2737    i.USBD_CtlSendStatus  usbd_ioreq.o
    0x08001c2a   0x08001c2a   0x000000e8   Code   RO         2668    i.USBD_GetDescriptor  usbd_ctlreq.o
    0x08001d12   0x08001d12   0x00000048   Code   RO         2669    i.USBD_GetString    usbd_ctlreq.o
    0x08001d5a   0x08001d5a   0x00000018   Code   RO          253    i.USBD_Get_USB_Status  usbd_conf.o
    0x08001d72   0x08001d72   0x00000002   PAD
    0x08001d74   0x08001d74   0x00000020   Code   RO          436    i.USBD_HS_ConfigStrDescriptor  usbd_desc.o
    0x08001d94   0x08001d94   0x0000000c   Code   RO          437    i.USBD_HS_DeviceDescriptor  usbd_desc.o
    0x08001da0   0x08001da0   0x00000024   Code   RO          438    i.USBD_HS_InterfaceStrDescriptor  usbd_desc.o
    0x08001dc4   0x08001dc4   0x0000000c   Code   RO          439    i.USBD_HS_LangIDStrDescriptor  usbd_desc.o
    0x08001dd0   0x08001dd0   0x00000028   Code   RO          440    i.USBD_HS_ManufacturerStrDescriptor  usbd_desc.o
    0x08001df8   0x08001df8   0x0000002c   Code   RO          441    i.USBD_HS_ProductStrDescriptor  usbd_desc.o
    0x08001e24   0x08001e24   0x00000038   Code   RO          442    i.USBD_HS_SerialStrDescriptor  usbd_desc.o
    0x08001e5c   0x08001e5c   0x0000002a   Code   RO         2531    i.USBD_Init         usbd_core.o
    0x08001e86   0x08001e86   0x00000012   Code   RO          254    i.USBD_LL_ClearStallEP  usbd_conf.o
    0x08001e98   0x08001e98   0x00000012   Code   RO          255    i.USBD_LL_CloseEP   usbd_conf.o
    0x08001eaa   0x08001eaa   0x000000c6   Code   RO         2532    i.USBD_LL_DataInStage  usbd_core.o
    0x08001f70   0x08001f70   0x00000082   Code   RO         2533    i.USBD_LL_DataOutStage  usbd_core.o
    0x08001ff2   0x08001ff2   0x00000004   Code   RO         2534    i.USBD_LL_DevConnected  usbd_core.o
    0x08001ff6   0x08001ff6   0x00000016   Code   RO         2535    i.USBD_LL_DevDisconnected  usbd_core.o
    0x0800200c   0x0800200c   0x00000008   Code   RO          259    i.USBD_LL_GetRxDataSize  usbd_conf.o
    0x08002014   0x08002014   0x00000068   Code   RO          260    i.USBD_LL_Init      usbd_conf.o
    0x0800207c   0x0800207c   0x00000020   Code   RO          261    i.USBD_LL_IsStallEP  usbd_conf.o
    0x0800209c   0x0800209c   0x00000004   Code   RO         2536    i.USBD_LL_IsoINIncomplete  usbd_core.o
    0x080020a0   0x080020a0   0x00000004   Code   RO         2537    i.USBD_LL_IsoOUTIncomplete  usbd_core.o
    0x080020a4   0x080020a4   0x00000018   Code   RO          262    i.USBD_LL_OpenEP    usbd_conf.o
    0x080020bc   0x080020bc   0x00000012   Code   RO          263    i.USBD_LL_PrepareReceive  usbd_conf.o
    0x080020ce   0x080020ce   0x00000050   Code   RO         2538    i.USBD_LL_Reset     usbd_core.o
    0x0800211e   0x0800211e   0x0000000c   Code   RO         2539    i.USBD_LL_Resume    usbd_core.o
    0x0800212a   0x0800212a   0x00000018   Code   RO         2540    i.USBD_LL_SOF       usbd_core.o
    0x08002142   0x08002142   0x00000006   Code   RO         2541    i.USBD_LL_SetSpeed  usbd_core.o
    0x08002148   0x08002148   0x00000012   Code   RO          264    i.USBD_LL_SetUSBAddress  usbd_conf.o
    0x0800215a   0x0800215a   0x0000005a   Code   RO         2542    i.USBD_LL_SetupStage  usbd_core.o
    0x080021b4   0x080021b4   0x00000012   Code   RO          265    i.USBD_LL_StallEP   usbd_conf.o
    0x080021c6   0x080021c6   0x00000012   Code   RO          266    i.USBD_LL_Start     usbd_conf.o
    0x080021d8   0x080021d8   0x00000012   Code   RO         2543    i.USBD_LL_Suspend   usbd_core.o
    0x080021ea   0x080021ea   0x00000012   Code   RO          268    i.USBD_LL_Transmit  usbd_conf.o
    0x080021fc   0x080021fc   0x00000028   Code   RO         2670    i.USBD_ParseSetupRequest  usbd_ctlreq.o
    0x08002224   0x08002224   0x00000010   Code   RO         2544    i.USBD_RegisterClass  usbd_core.o
    0x08002234   0x08002234   0x00000016   Code   RO         2546    i.USBD_SetClassConfig  usbd_core.o
    0x0800224a   0x0800224a   0x00000002   PAD
    0x0800224c   0x0800224c   0x00000084   Code   RO         2671    i.USBD_SetConfig    usbd_ctlreq.o
    0x080022d0   0x080022d0   0x0000000a   Code   RO         2547    i.USBD_Start        usbd_core.o
    0x080022da   0x080022da   0x00000112   Code   RO         2672    i.USBD_StdDevReq    usbd_ctlreq.o
    0x080023ec   0x080023ec   0x00000150   Code   RO         2673    i.USBD_StdEPReq     usbd_ctlreq.o
    0x0800253c   0x0800253c   0x0000004e   Code   RO         2674    i.USBD_StdItfReq    usbd_ctlreq.o
    0x0800258a   0x0800258a   0x00000002   PAD
    0x0800258c   0x0800258c   0x00000080   Code   RO          942    i.USB_ActivateEndpoint  stm32f4xx_ll_usb.o
    0x0800260c   0x0800260c   0x00000034   Code   RO          944    i.USB_ActivateSetup  stm32f4xx_ll_usb.o
    0x08002640   0x08002640   0x00000074   Code   RO          946    i.USB_CoreInit      stm32f4xx_ll_usb.o
    0x080026b4   0x080026b4   0x00000038   Code   RO          947    i.USB_CoreReset     stm32f4xx_ll_usb.o
    0x080026ec   0x080026ec   0x00000080   Code   RO          950    i.USB_DeactivateEndpoint  stm32f4xx_ll_usb.o
    0x0800276c   0x0800276c   0x00000018   Code   RO          951    i.USB_DevConnect    stm32f4xx_ll_usb.o
    0x08002784   0x08002784   0x00000018   Code   RO          952    i.USB_DevDisconnect  stm32f4xx_ll_usb.o
    0x0800279c   0x0800279c   0x0000018c   Code   RO          953    i.USB_DevInit       stm32f4xx_ll_usb.o
    0x08002928   0x08002928   0x0000000c   Code   RO          954    i.USB_DisableGlobalInt  stm32f4xx_ll_usb.o
    0x08002934   0x08002934   0x00000118   Code   RO          957    i.USB_EP0StartXfer  stm32f4xx_ll_usb.o
    0x08002a4c   0x08002a4c   0x00000058   Code   RO          958    i.USB_EP0_OutStart  stm32f4xx_ll_usb.o
    0x08002aa4   0x08002aa4   0x00000058   Code   RO          959    i.USB_EPClearStall  stm32f4xx_ll_usb.o
    0x08002afc   0x08002afc   0x00000058   Code   RO          960    i.USB_EPSetStall    stm32f4xx_ll_usb.o
    0x08002b54   0x08002b54   0x000001e8   Code   RO          961    i.USB_EPStartXfer   stm32f4xx_ll_usb.o
    0x08002d3c   0x08002d3c   0x0000000c   Code   RO          962    i.USB_EnableGlobalInt  stm32f4xx_ll_usb.o
    0x08002d48   0x08002d48   0x00000020   Code   RO          963    i.USB_FlushRxFifo   stm32f4xx_ll_usb.o
    0x08002d68   0x08002d68   0x00000024   Code   RO          964    i.USB_FlushTxFifo   stm32f4xx_ll_usb.o
    0x08002d8c   0x08002d8c   0x0000001a   Code   RO          966    i.USB_GetDevSpeed   stm32f4xx_ll_usb.o
    0x08002da6   0x08002da6   0x00000008   Code   RO          968    i.USB_GetMode       stm32f4xx_ll_usb.o
    0x08002dae   0x08002dae   0x0000000e   Code   RO          975    i.USB_ReadDevAllInEpInterrupt  stm32f4xx_ll_usb.o
    0x08002dbc   0x08002dbc   0x0000000e   Code   RO          976    i.USB_ReadDevAllOutEpInterrupt  stm32f4xx_ll_usb.o
    0x08002dca   0x08002dca   0x00000024   Code   RO          977    i.USB_ReadDevInEPInterrupt  stm32f4xx_ll_usb.o
    0x08002dee   0x08002dee   0x00000010   Code   RO          978    i.USB_ReadDevOutEPInterrupt  stm32f4xx_ll_usb.o
    0x08002dfe   0x08002dfe   0x00000008   Code   RO          979    i.USB_ReadInterrupts  stm32f4xx_ll_usb.o
    0x08002e06   0x08002e06   0x0000001c   Code   RO          980    i.USB_ReadPacket    stm32f4xx_ll_usb.o
    0x08002e22   0x08002e22   0x0000002e   Code   RO          982    i.USB_SetCurrentMode  stm32f4xx_ll_usb.o
    0x08002e50   0x08002e50   0x00000022   Code   RO          983    i.USB_SetDevAddress  stm32f4xx_ll_usb.o
    0x08002e72   0x08002e72   0x00000002   PAD
    0x08002e74   0x08002e74   0x000000e8   Code   RO          985    i.USB_SetTurnaroundTime  stm32f4xx_ll_usb.o
    0x08002f5c   0x08002f5c   0x00000024   Code   RO          988    i.USB_WritePacket   stm32f4xx_ll_usb.o
    0x08002f80   0x08002f80   0x00000002   Code   RO          582    i.UsageFault_Handler  stm32f4xx_it.o
    0x08002f82   0x08002f82   0x00000002   PAD
    0x08002f84   0x08002f84   0x00000028   Code   RO         2955    i.__0sprintf$1      mc_w.l(printf1.o)
    0x08002fac   0x08002fac   0x00000020   Code   RO         2068    i.__NVIC_SetPriority  stm32f4xx_hal_cortex.o
    0x08002fcc   0x08002fcc   0x0000000e   Code   RO         3243    i.__scatterload_copy  mc_w.l(handlers.o)
    0x08002fda   0x08002fda   0x00000002   Code   RO         3244    i.__scatterload_null  mc_w.l(handlers.o)
    0x08002fdc   0x08002fdc   0x0000000e   Code   RO         3245    i.__scatterload_zeroinit  mc_w.l(handlers.o)
    0x08002fea   0x08002fea   0x00000002   PAD
    0x08002fec   0x08002fec   0x00000154   Code   RO         2960    i._printf_core      mc_w.l(printf1.o)
    0x08003140   0x08003140   0x0000000a   Code   RO         2962    i._sputc            mc_w.l(printf1.o)
    0x0800314a   0x0800314a   0x00000002   PAD
    0x0800314c   0x0800314c   0x00000050   Code   RO         3169    i.free              mc_w.l(malloc.o)
    0x0800319c   0x0800319c   0x00000044   Code   RO           15    i.main              main.o
    0x080031e0   0x080031e0   0x0000006c   Code   RO         3170    i.malloc            mc_w.l(malloc.o)
    0x0800324c   0x0800324c   0x00000010   Data   RO         2493    .constdata          system_stm32f4xx.o
    0x0800325c   0x0800325c   0x00000020   Data   RO         3241    Region$$Table       anon$$obj.o


    Execution Region RW_IRAM1 (Exec base: 0x20000000, Load base: 0x0800327c, Size: 0x00007a30, Max: 0x00030000, ABSOLUTE, COMPRESSED[0x000000c0])

    Exec Addr    Load Addr    Size         Type   Attr      Idx    E Section Name        Object

    0x20000000   COMPRESSED   0x0000001c   Data   RW          444    .data               usbd_desc.o
    0x2000001c   COMPRESSED   0x00000032   Data   RW          445    .data               usbd_desc.o
    0x2000004e   COMPRESSED   0x00000002   PAD
    0x20000050   COMPRESSED   0x00000010   Data   RW          527    .data               usbd_cdc_if.o
    0x20000060   COMPRESSED   0x0000000c   Data   RW         2214    .data               stm32f4xx_hal.o
    0x2000006c   COMPRESSED   0x00000004   Data   RW         2495    .data               system_stm32f4xx.o
    0x20000070   COMPRESSED   0x00000001   Data   RW         2675    .data               usbd_ctlreq.o
    0x20000071   COMPRESSED   0x00000003   PAD
    0x20000074   COMPRESSED   0x000000d7   Data   RW         2807    .data               usbd_cdc.o
    0x2000014b   COMPRESSED   0x00000001   PAD
    0x2000014c   COMPRESSED   0x00000038   Data   RW         2808    .data               usbd_cdc.o
    0x20000184   COMPRESSED   0x00000004   Data   RW         3220    .data               mc_w.l(mvars.o)
    0x20000188   COMPRESSED   0x00000004   Data   RW         3221    .data               mc_w.l(mvars.o)
    0x2000018c        -       0x0000029c   Zero   RW          210    .bss                usb_device.o
    0x20000428        -       0x00000408   Zero   RW          269    .bss                usbd_conf.o
    0x20000830        -       0x00000200   Zero   RW          443    .bss                usbd_desc.o
    0x20000a30        -       0x00001000   Zero   RW          526    .bss                usbd_cdc_if.o
    0x20001a30        -       0x00002000   Zero   RW            2    HEAP                startup_stm32f429xx.o
    0x20003a30        -       0x00004000   Zero   RW            1    STACK               startup_stm32f429xx.o


==============================================================================

Image component sizes


      Code (inc. data)   RO Data    RW Data    ZI Data      Debug   Object Name

        60          6          0          0          0        879   gpio.o
       202         22          0          0          0     710683   main.o
        36          8        428          0      24576        872   startup_stm32f429xx.o
       180         28          0         12          0       9837   stm32f4xx_hal.o
       198         14          0          0          0      34163   stm32f4xx_hal_cortex.o
       468         54          0          0          0       1824   stm32f4xx_hal_gpio.o
        48          6          0          0          0        902   stm32f4xx_hal_msp.o
      2372         18          0          0          0      13393   stm32f4xx_hal_pcd.o
        78          0          0          0          0       2545   stm32f4xx_hal_pcd_ex.o
      1276         60          0          0          0       4698   stm32f4xx_hal_rcc.o
        32          6          0          0          0       4902   stm32f4xx_it.o
      2546        140          0          0          0      23835   stm32f4xx_ll_usb.o
        28          6         16          4          0       1239   system_stm32f4xx.o
        84         18          0          0        668        848   usb_device.o
       730         16          0        271          0      14134   usbd_cdc.o
       112         22          0         16       4096       3548   usbd_cdc_if.o
       630         26          0          0       1032      15812   usbd_conf.o
       696          0          0          0          0      12953   usbd_core.o
      1186         28          0          1          0       8436   usbd_ctlreq.o
       288        104          0         78        512       6277   usbd_desc.o
       132          0          0          0          0       4760   usbd_ioreq.o

    ----------------------------------------------------------------------
     11402        582        476        388      30884     876540   Object Totals
         0          0         32          0          0          0   (incl. Generated)
        20          0          0          6          0          0   (incl. Padding)

    ----------------------------------------------------------------------

      Code (inc. data)   RO Data    RW Data    ZI Data      Debug   Library Member Name

        86          0          0          0          0          0   __dczerorl2.o
         0          0          0          0          0          0   entry.o
         0          0          0          0          0          0   entry10a.o
         0          0          0          0          0          0   entry11a.o
         8          4          0          0          0          0   entry2.o
         4          0          0          0          0          0   entry5.o
         0          0          0          0          0          0   entry7b.o
         0          0          0          0          0          0   entry8b.o
         8          4          0          0          0          0   entry9a.o
        30          0          0          0          0          0   handlers.o
        36          8          0          0          0         68   init.o
        30          0          0          0          0         68   llshl.o
        32          0          0          0          0         68   llushr.o
       188         20          0          0          0        160   malloc.o
        36          0          0          0          0         68   memcpya.o
        36          0          0          0          0        108   memseta.o
         0          0          0          8          0          0   mvars.o
       390         10          0          0          0        252   printf1.o
        14          0          0          0          0         68   strlen.o
        44          0          0          0          0         80   uidiv.o
        98          0          0          0          0         92   uldiv.o

    ----------------------------------------------------------------------
      1046         46          0          8          0       1032   Library Totals
         6          0          0          0          0          0   (incl. Padding)

    ----------------------------------------------------------------------

      Code (inc. data)   RO Data    RW Data    ZI Data      Debug   Library Name

      1040         46          0          8          0       1032   mc_w.l

    ----------------------------------------------------------------------
      1046         46          0          8          0       1032   Library Totals

    ----------------------------------------------------------------------

==============================================================================


      Code (inc. data)   RO Data    RW Data    ZI Data      Debug   

     12448        628        476        396      30884     862188   Grand Totals
     12448        628        476        192      30884     862188   ELF Image Totals (compressed)
     12448        628        476        192          0          0   ROM Totals

==============================================================================

    Total RO  Size (Code + RO Data)                12924 (  12.62kB)
    Total RW  Size (RW Data + ZI Data)             31280 (  30.55kB)
    Total ROM Size (Code + RO Data + RW Data)      13116 (  12.81kB)

==============================================================================

